C51 COMPILER V9.54   INTERRUPTTIMER0                                                       11/18/2025 10:40:48 PAGE 1   


C51 COMPILER V9.54, COMPILATION OF MODULE INTERRUPTTIMER0
OBJECT MODULE PLACED IN .\Objects\InterruptTimer0.obj
COMPILER INVOKED BY: E:\Keil5 C51\Keil5 C51\C51\BIN\C51.EXE InterruptTimer0.c OPTIMIZE(8,SPEED) BROWSE DEBUG OBJECTEXTEN
                    -D PRINT(.\Listings\InterruptTimer0.lst) TABS(2) OBJECT(.\Objects\InterruptTimer0.obj)

line level    source

   1          #include <REGX52.H> //c52库
   2          #include <INTRINS.H> //标准变量库
   3          
   4          void InterruptTimer2_init(){
   5   1        TMOD &= 0x0F;   //设置定时器模式
   6   1        TMOD |= 0x10;   //设置定时器模式
   7   1        TH1 = 0x00;   //设置定时初值
   8   1        TL1 = 0x00;   //设置定时初值
   9   1        TF1 = 0;    //清除TF0标志
  10   1        TR1 = 0;    //定时器0停止计时
  11   1      //  ET1=1;    //允许定时器0中断
  12   1      }
  13          
  14          
  15          
  16          void set_InterruptTimer(unsigned int Time){
  17   1        TH1=Time/256;
  18   1        TL1=Time%256;
  19   1      }
  20          
  21          void run_InterruptTimer(unsigned char Code){
  22   1        if(Code==1){
  23   2          TR1 = 1;
  24   2        }else{
  25   2          TR1 = 0;
  26   2        }
  27   1      }
  28          
  29          unsigned int read_InterruptTimer(){
  30   1        unsigned int Num=0;
  31   1        Num=TH1<<8|TL1;
  32   1        return (Num/92)*100;
  33   1      }
  34          
  35          
  36          
  37          //void function_name() interrupt 1
  38          //{
  39          ////  P2=~P2;
  40          //  TF1=0;
  41          //}


MODULE INFORMATION:   STATIC OVERLAYABLE
   CODE SIZE        =     59    ----
   CONSTANT SIZE    =   ----    ----
   XDATA SIZE       =   ----    ----
   PDATA SIZE       =   ----    ----
   DATA SIZE        =   ----    ----
   IDATA SIZE       =   ----    ----
   BIT SIZE         =   ----    ----
END OF MODULE INFORMATION.


C51 COMPILATION COMPLETE.  0 WARNING(S),  0 ERROR(S)
