C51 COMPILER V9.54   INTERRUPT                                                             11/18/2025 10:40:48 PAGE 1   


C51 COMPILER V9.54, COMPILATION OF MODULE INTERRUPT
OBJECT MODULE PLACED IN .\Objects\Interrupt.obj
COMPILER INVOKED BY: E:\Keil5 C51\Keil5 C51\C51\BIN\C51.EXE Interrupt.c OPTIMIZE(8,SPEED) BROWSE DEBUG OBJECTEXTEND PRIN
                    -T(.\Listings\Interrupt.lst) TABS(2) OBJECT(.\Objects\Interrupt.obj)

line level    source

   1          #include <REGX52.H> //c52库
   2          #include <INTRINS.H> //标准变量库
   3          
   4          void Interrupt_init(){
   5   1        IT0=1;      //设置为下降沿触发
   6   1        IE0=0;     //中断标志位
   7   1        EX0=1;      //打开EX0中断
   8   1        EA=1;       //打开总中断
   9   1        PX0=1;      //设置优先级高
  10   1      }
  11          
  12          //void Interrupt_Routine() interrupt 0
  13          //{
  14          //  num++;
  15          //}


MODULE INFORMATION:   STATIC OVERLAYABLE
   CODE SIZE        =     11    ----
   CONSTANT SIZE    =   ----    ----
   XDATA SIZE       =   ----    ----
   PDATA SIZE       =   ----    ----
   DATA SIZE        =   ----    ----
   IDATA SIZE       =   ----    ----
   BIT SIZE         =   ----    ----
END OF MODULE INFORMATION.


C51 COMPILATION COMPLETE.  0 WARNING(S),  0 ERROR(S)
