C51 COMPILER V9.54   MAIN                                                                  11/18/2025 11:30:08 PAGE 1   


C51 COMPILER V9.54, COMPILATION OF MODULE MAIN
OBJECT MODULE PLACED IN .\Objects\main.obj
COMPILER INVOKED BY: E:\Keil5 C51\Keil5 C51\C51\BIN\C51.EXE main.c OPTIMIZE(8,SPEED) BROWSE DEBUG OBJECTEXTEND PRINT(.\L
                    -istings\main.lst) TABS(2) OBJECT(.\Objects\main.obj)

line level    source

   1          #include <REGX52.H> //c52库
   2          #include <INTRINS.H> //标准变量库
   3          
   4          
   5          #include <DELAY.H>
   6          #include <LCD1602.H>
   7          //#include <InterruptTimer0.H>
   8          //#include <Interrupt.H>
   9          #include <RedWAI.H>
  10          
  11          
  12          //void Delay10ms()    //@11.0592MHz
  13          //{
  14          //  unsigned char i, j;
  15          
  16          //  i = 99;
  17          //  j = 154;
  18          //  do
  19          //  {
  20          //    while (--j);
  21          //  } while (--i);
  22          //}
  23          
  24          char num=1;
  25          unsigned char Red,run=0x00;
  26          
  27          
  28          void main(){
  29   1        LCD_Init();
  30   1        RedWAI_init();
  31   1      
  32   1        LCD_ShowString(1,1,"Shoop:");
  33   1        while(1){
  34   2          Red=get_Red_Data();
  35   2          if(Red){
  36   3            LCD_ShowHexNum(2,1,Red,2);
  37   3          }
  38   2        }
  39   1      }


MODULE INFORMATION:   STATIC OVERLAYABLE
   CODE SIZE        =     43    ----
   CONSTANT SIZE    =      7    ----
   XDATA SIZE       =   ----    ----
   PDATA SIZE       =   ----    ----
   DATA SIZE        =      3    ----
   IDATA SIZE       =   ----    ----
   BIT SIZE         =   ----    ----
END OF MODULE INFORMATION.


C51 COMPILATION COMPLETE.  0 WARNING(S),  0 ERROR(S)
