BL51 BANKED LINKER/LOCATER V6.22                                                        11/18/2025  11:30:08  PAGE 1


BL51 BANKED LINKER/LOCATER V6.22, INVOKED BY:
E:\KEIL5 C51\KEIL5 C51\C51\BIN\BL51.EXE .\Objects\main.obj, .\Objects\delay.obj, .\Objects\lcd1602.obj, .\Objects\RedWAI
>> .obj TO .\Objects\project PRINT (.\Listings\project.m51) RAMSIZE (256)


MEMORY MODEL: SMALL


INPUT MODULES INCLUDED:
  .\Objects\main.obj (MAIN)
  .\Objects\delay.obj (DELAY)
  .\Objects\lcd1602.obj (LCD1602)
  .\Objects\RedWAI.obj (REDWAI)
  E:\KEIL5 C51\KEIL5 C51\C51\LIB\C51S.LIB (?C_STARTUP)
  E:\KEIL5 C51\KEIL5 C51\C51\LIB\C51S.LIB (?C?CLDOPTR)
  E:\KEIL5 C51\KEIL5 C51\C51\LIB\C51S.LIB (?C?IMUL)
  E:\KEIL5 C51\KEIL5 C51\C51\LIB\C51S.LIB (?C?UIDIV)
  E:\KEIL5 C51\KEIL5 C51\C51\LIB\C51S.LIB (?C_INIT)


LINK MAP OF MODULE:  .\Objects\project (MAIN)


            TYPE    BASE      LENGTH    RELOCATION   SEGMENT NAME
            -----------------------------------------------------

            * * * * * * *   D A T A   M E M O R Y   * * * * * * *
            REG     0000H     0008H     ABSOLUTE     "REG BANK 0"
            DATA    0008H     000AH     UNIT         ?DT?REDWAI
            DATA    0012H     0009H     UNIT         _DATA_GROUP_
            DATA    001BH     0007H     UNIT         ?DT?_LCD_SHOWSIGNEDNUM?LCD1602
            DATA    0022H     0005H     UNIT         ?DT?_LCD_SHOWNUM?LCD1602
            DATA    0027H     0005H     UNIT         ?DT?_LCD_SHOWBINNUM?LCD1602
            DATA    002CH     0003H     UNIT         ?DT?MAIN
            IDATA   002FH     0001H     UNIT         ?STACK

            * * * * * * *   C O D E   M E M O R Y   * * * * * * *
            CODE    0000H     0003H     ABSOLUTE     
            CODE    0003H     0003H     ABSOLUTE     
                    0006H     07FAH                  *** GAP ***
            CODE    0800H     012BH     UNIT         ?PR?INTERRUPT_ROUTINE?REDWAI
            CODE    092BH     0094H     UNIT         ?C?LIB_CODE
            CODE    09BFH     008CH     UNIT         ?C_C51STARTUP
            CODE    0A4BH     003AH     UNIT         ?PR?_LCD_SHOWSIGNEDNUM?LCD1602
            CODE    0A85H     0039H     UNIT         ?PR?_LCD_SHOWHEXNUM?LCD1602
            CODE    0ABEH     0038H     UNIT         ?PR?_LCD_SHOWBINNUM?LCD1602
            CODE    0AF6H     0033H     UNIT         ?PR?_LCD_POW?LCD1602
            CODE    0B29H     002BH     UNIT         ?PR?MAIN?MAIN
            CODE    0B54H     0023H     UNIT         ?PR?_LCD_SHOWSTRING?LCD1602
            CODE    0B77H     001EH     UNIT         ?PR?_LCD_WRITEDATA?LCD1602
            CODE    0B95H     001DH     UNIT         ?PR?_LCD_SHOWNUM?LCD1602
            CODE    0BB2H     0019H     UNIT         ?PR?GET_RED_DATA?REDWAI
            CODE    0BCBH     0017H     UNIT         ?PR?READ_INTERRUPTTIMER?REDWAI
            CODE    0BE2H     0016H     UNIT         ?PR?_LCD_SETCURSOR?LCD1602
            CODE    0BF8H     0015H     UNIT         ?PR?_DELAY?DELAY
            CODE    0C0DH     0014H     UNIT         ?PR?LCD_INIT?LCD1602
            CODE    0C21H     0013H     UNIT         ?C_INITSEG
            CODE    0C34H     0012H     UNIT         ?PR?_SET_INTERRUPTTIMER?REDWAI
BL51 BANKED LINKER/LOCATER V6.22                                                      11/18/2025  11:30:08  PAGE 2


            CODE    0C46H     0010H     UNIT         ?PR?INTERRUPTTIMER2_INIT?REDWAI
            CODE    0C56H     000FH     UNIT         ?PR?LCD_DELAY?LCD1602
            CODE    0C65H     000EH     UNIT         ?PR?PDATA_INIT?REDWAI
            CODE    0C73H     000BH     UNIT         ?PR?INTERRUPT_INIT?REDWAI
            CODE    0C7EH     000AH     UNIT         ?PR?_LCD_WRITECOMMAND?LCD1602
            CODE    0C88H     000AH     UNIT         ?PR?_LCD_SHOWCHAR?LCD1602
            CODE    0C92H     0009H     UNIT         ?PR?_RUN_INTERRUPTTIMER?REDWAI
            CODE    0C9BH     0007H     UNIT         ?CO?MAIN
            CODE    0CA2H     0006H     UNIT         ?PR?REDWAI_INIT?REDWAI



OVERLAY MAP OF MODULE:   .\Objects\project (MAIN)


SEGMENT                                   DATA_GROUP 
  +--> CALLED SEGMENT                   START    LENGTH
-------------------------------------------------------
?PR?INTERRUPT_ROUTINE?REDWAI            -----    -----
  +--> ?PR?_SET_INTERRUPTTIMER?REDWAI
  +--> ?PR?_RUN_INTERRUPTTIMER?REDWAI
  +--> ?PR?READ_INTERRUPTTIMER?REDWAI
  +--> ?PR?PDATA_INIT?REDWAI

?PR?PDATA_INIT?REDWAI                   -----    -----
  +--> ?PR?_SET_INTERRUPTTIMER?REDWAI

*** NEW ROOT ***************************************************

?C_C51STARTUP                           -----    -----
  +--> ?PR?MAIN?MAIN
  +--> ?C_INITSEG

?PR?MAIN?MAIN                           -----    -----
  +--> ?PR?LCD_INIT?LCD1602
  +--> ?PR?REDWAI_INIT?REDWAI
  +--> ?CO?MAIN
  +--> ?PR?_LCD_SHOWSTRING?LCD1602
  +--> ?PR?GET_RED_DATA?REDWAI
  +--> ?PR?_LCD_SHOWHEXNUM?LCD1602

?PR?LCD_INIT?LCD1602                    -----    -----
  +--> ?PR?_LCD_WRITECOMMAND?LCD1602

?PR?_LCD_WRITECOMMAND?LCD1602           -----    -----
  +--> ?PR?LCD_DELAY?LCD1602

?PR?REDWAI_INIT?REDWAI                  -----    -----
  +--> ?PR?INTERRUPT_INIT?REDWAI
  +--> ?PR?INTERRUPTTIMER2_INIT?REDWAI

?PR?_LCD_SHOWSTRING?LCD1602             0012H    0003H
  +--> ?PR?_LCD_SETCURSOR?LCD1602
  +--> ?PR?_LCD_WRITEDATA?LCD1602

?PR?_LCD_SETCURSOR?LCD1602              -----    -----
  +--> ?PR?_LCD_WRITECOMMAND?LCD1602
BL51 BANKED LINKER/LOCATER V6.22                                                      11/18/2025  11:30:08  PAGE 3



?PR?_LCD_WRITEDATA?LCD1602              -----    -----
  +--> ?PR?LCD_DELAY?LCD1602

?PR?_LCD_SHOWHEXNUM?LCD1602             0012H    0005H
  +--> ?PR?_LCD_SETCURSOR?LCD1602
  +--> ?PR?_LCD_POW?LCD1602
  +--> ?PR?_LCD_WRITEDATA?LCD1602

?PR?_LCD_POW?LCD1602                    0017H    0004H



SYMBOL TABLE OF MODULE:  .\Objects\project (MAIN)

  VALUE           TYPE          NAME
  ----------------------------------

  -------         MODULE        MAIN
  C:0000H         SYMBOL        _ICE_DUMMY_
  D:002CH         PUBLIC        Red
  C:0B29H         PUBLIC        main
  D:002DH         PUBLIC        num
  D:002EH         PUBLIC        run
  -------         PROC          MAIN
  C:0B29H         LINE#         28
  C:0B29H         LINE#         29
  C:0B2CH         LINE#         30
  C:0B2FH         LINE#         32
  C:0B3CH         LINE#         33
  C:0B3CH         LINE#         34
  C:0B41H         LINE#         35
  C:0B45H         LINE#         36
  C:0B52H         LINE#         37
  C:0B52H         LINE#         38
  -------         ENDPROC       MAIN
  -------         ENDMOD        MAIN

  -------         MODULE        DELAY
  C:0000H         SYMBOL        _ICE_DUMMY_
  C:0BF8H         PUBLIC        _delay
  -------         PROC          _DELAY
  D:0006H         SYMBOL        xms
  -------         DO            
  D:0005H         SYMBOL        i
  D:0004H         SYMBOL        j
  -------         ENDDO         
  C:0BF8H         LINE#         5
  C:0BF8H         LINE#         7
  C:0C02H         LINE#         8
  C:0C04H         LINE#         9
  C:0C06H         LINE#         10
  C:0C06H         LINE#         11
  C:0C08H         LINE#         12
  C:0C0AH         LINE#         13
  C:0C0CH         LINE#         14
  -------         ENDPROC       _DELAY
BL51 BANKED LINKER/LOCATER V6.22                                                      11/18/2025  11:30:08  PAGE 4


  -------         ENDMOD        DELAY

  -------         MODULE        LCD1602
  C:0000H         SYMBOL        _ICE_DUMMY_
  D:0080H         PUBLIC        P0
  D:00A0H         PUBLIC        P2
  C:0C7EH         PUBLIC        _LCD_WriteCommand
  C:0B95H         PUBLIC        _LCD_ShowNum
  C:0ABEH         PUBLIC        _LCD_ShowBinNum
  C:0C5CH         PUBLIC        LCD_Delay
  C:0A85H         PUBLIC        _LCD_ShowHexNum
  C:0B8BH         PUBLIC        _LCD_WriteData
  B:00A0H.7       PUBLIC        LCD_EN
  C:0C0DH         PUBLIC        LCD_Init
  C:0B54H         PUBLIC        _LCD_ShowString
  C:0C88H         PUBLIC        _LCD_ShowChar
  B:00A0H.6       PUBLIC        LCD_RS
  B:00A0H.5       PUBLIC        LCD_RW
  C:0BE2H         PUBLIC        _LCD_SetCursor
  C:0A4BH         PUBLIC        _LCD_ShowSignedNum
  C:0B02H         PUBLIC        _LCD_Pow
  -------         PROC          L?0048
  -------         ENDPROC       L?0048
  -------         PROC          LCD_DELAY
  -------         DO            
  D:0007H         SYMBOL        i
  D:0006H         SYMBOL        j
  -------         ENDDO         
  C:0C5CH         LINE#         15
  C:0C5CH         LINE#         16
  C:0C5CH         LINE#         19
  C:0C5EH         LINE#         20
  C:0C60H         LINE#         22
  C:0C60H         LINE#         23
  C:0C62H         LINE#         24
  C:0C64H         LINE#         25
  -------         ENDPROC       LCD_DELAY
  -------         PROC          _LCD_WRITECOMMAND
  D:0007H         SYMBOL        Command
  C:0C7EH         LINE#         32
  C:0C7EH         LINE#         33
  C:0C7EH         LINE#         34
  C:0C80H         LINE#         35
  C:0C80H         LINE#         36
  C:0C80H         LINE#         37
  C:0C80H         LINE#         38
  C:0C83H         LINE#         39
  C:0C85H         LINE#         40
  -------         ENDPROC       _LCD_WRITECOMMAND
  -------         PROC          L?0047
  -------         ENDPROC       L?0047
  -------         PROC          _LCD_WRITEDATA
  D:0007H         SYMBOL        Data
  C:0B8BH         LINE#         48
  C:0B8BH         LINE#         49
  C:0B8BH         LINE#         50
  C:0B8DH         LINE#         51
BL51 BANKED LINKER/LOCATER V6.22                                                      11/18/2025  11:30:08  PAGE 5


  C:0B8DH         LINE#         52
  C:0B8DH         LINE#         53
  C:0B8DH         LINE#         54
  C:0B90H         LINE#         55
  C:0B92H         LINE#         56
  -------         ENDPROC       _LCD_WRITEDATA
  -------         PROC          _LCD_SETCURSOR
  D:0006H         SYMBOL        Line
  D:0005H         SYMBOL        Column
  C:0BE2H         LINE#         65
  C:0BE4H         LINE#         66
  C:0BE4H         LINE#         67
  C:0BE7H         LINE#         68
  C:0BE7H         LINE#         69
  C:0BE9H         LINE#         70
  C:0BEBH         LINE#         71
  C:0BEEH         LINE#         72
  C:0BEEH         LINE#         73
  C:0BF7H         LINE#         74
  C:0BF7H         LINE#         75
  -------         ENDPROC       _LCD_SETCURSOR
  -------         PROC          LCD_INIT
  C:0C0DH         LINE#         82
  C:0C0DH         LINE#         83
  C:0C0DH         LINE#         84
  C:0C12H         LINE#         85
  C:0C17H         LINE#         86
  C:0C1CH         LINE#         87
  -------         ENDPROC       LCD_INIT
  -------         PROC          _LCD_SHOWCHAR
  D:0006H         SYMBOL        Line
  D:0005H         SYMBOL        Column
  D:0004H         SYMBOL        Char
  C:0C88H         LINE#         97
  C:0C8AH         LINE#         98
  C:0C8AH         LINE#         99
  C:0C8DH         LINE#         100
  -------         ENDPROC       _LCD_SHOWCHAR
  -------         PROC          _LCD_SHOWSTRING
  D:0007H         SYMBOL        Line
  D:0005H         SYMBOL        Column
  D:0012H         SYMBOL        String
  -------         DO            
  D:0005H         SYMBOL        i
  -------         ENDDO         
  C:0B54H         LINE#         110
  C:0B5AH         LINE#         111
  C:0B5AH         LINE#         113
  C:0B5DH         LINE#         114
  C:0B70H         LINE#         115
  C:0B70H         LINE#         116
  C:0B73H         LINE#         117
  C:0B76H         LINE#         118
  -------         ENDPROC       _LCD_SHOWSTRING
  C:0AF8H         SYMBOL        L?0046
  -------         PROC          L?0045
  -------         ENDPROC       L?0045
BL51 BANKED LINKER/LOCATER V6.22                                                      11/18/2025  11:30:08  PAGE 6


  C:0AF8H         SYMBOL        L?0046
  -------         PROC          _LCD_POW
  D:0017H         SYMBOL        X
  D:0019H         SYMBOL        Y
  -------         DO            
  D:0003H         SYMBOL        i
  D:0006H         SYMBOL        Result
  -------         ENDDO         
  C:0B02H         LINE#         123
  C:0B0AH         LINE#         124
  C:0B0AH         LINE#         126
  C:0B0EH         LINE#         127
  C:0B1EH         LINE#         128
  C:0B1EH         LINE#         129
  C:0B25H         LINE#         130
  C:0B28H         LINE#         131
  C:0B28H         LINE#         132
  -------         ENDPROC       _LCD_POW
  -------         PROC          _LCD_SHOWNUM
  D:0007H         SYMBOL        Line
  D:0005H         SYMBOL        Column
  D:0024H         SYMBOL        Number
  D:0026H         SYMBOL        Length
  -------         DO            
  D:0002H         SYMBOL        i
  -------         ENDDO         
  C:0B95H         LINE#         142
  C:0B99H         LINE#         143
  C:0B99H         LINE#         145
  C:0B9CH         LINE#         146
  C:0BA4H         LINE#         147
  C:0BA4H         LINE#         148
  C:0BAEH         LINE#         149
  C:0BB1H         LINE#         150
  -------         ENDPROC       _LCD_SHOWNUM
  -------         PROC          _LCD_SHOWSIGNEDNUM
  D:0007H         SYMBOL        Line
  D:0005H         SYMBOL        Column
  D:0002H         SYMBOL        Number
  D:001FH         SYMBOL        Length
  -------         DO            
  D:0002H         SYMBOL        i
  D:0020H         SYMBOL        Number1
  -------         ENDDO         
  C:0A4BH         LINE#         160
  C:0A4BH         LINE#         161
  C:0A4BH         LINE#         164
  C:0A4EH         LINE#         165
  C:0A56H         LINE#         166
  C:0A56H         LINE#         167
  C:0A5BH         LINE#         168
  C:0A5FH         LINE#         169
  C:0A61H         LINE#         171
  C:0A61H         LINE#         172
  C:0A66H         LINE#         173
  C:0A6FH         LINE#         174
  C:0A6FH         LINE#         175
BL51 BANKED LINKER/LOCATER V6.22                                                      11/18/2025  11:30:08  PAGE 7


  C:0A77H         LINE#         176
  C:0A77H         LINE#         177
  C:0A81H         LINE#         178
  C:0A84H         LINE#         179
  -------         ENDPROC       _LCD_SHOWSIGNEDNUM
  -------         PROC          _LCD_SHOWHEXNUM
  D:0007H         SYMBOL        Line
  D:0005H         SYMBOL        Column
  D:0014H         SYMBOL        Number
  D:0016H         SYMBOL        Length
  -------         DO            
  D:0002H         SYMBOL        i
  D:0006H         SYMBOL        SingleNumber
  -------         ENDDO         
  C:0A85H         LINE#         189
  C:0A89H         LINE#         190
  C:0A89H         LINE#         192
  C:0A8CH         LINE#         193
  C:0A94H         LINE#         194
  C:0A94H         LINE#         195
  C:0AAAH         LINE#         196
  C:0AB0H         LINE#         197
  C:0AB0H         LINE#         198
  C:0AB2H         LINE#         199
  C:0AB4H         LINE#         201
  C:0AB4H         LINE#         202
  C:0ABAH         LINE#         203
  C:0ABAH         LINE#         204
  C:0ABDH         LINE#         205
  -------         ENDPROC       _LCD_SHOWHEXNUM
  -------         PROC          _LCD_SHOWBINNUM
  D:0007H         SYMBOL        Line
  D:0005H         SYMBOL        Column
  D:0029H         SYMBOL        Number
  D:002BH         SYMBOL        Length
  -------         DO            
  D:0002H         SYMBOL        i
  -------         ENDDO         
  C:0ABEH         LINE#         215
  C:0AC2H         LINE#         216
  C:0AC2H         LINE#         218
  C:0AC5H         LINE#         219
  C:0ACDH         LINE#         220
  C:0ACDH         LINE#         221
  C:0AF2H         LINE#         222
  C:0AF5H         LINE#         223
  -------         ENDPROC       _LCD_SHOWBINNUM
  -------         ENDMOD        LCD1602

  -------         MODULE        REDWAI
  C:0000H         SYMBOL        _ICE_DUMMY_
  C:0C65H         PUBLIC        pData_init
  B:00A8H.7       PUBLIC        EA
  D:0008H         PUBLIC        restartFlag
  C:0C3BH         PUBLIC        _set_InterruptTimer
  C:0C92H         PUBLIC        _run_InterruptTimer
  D:0009H         PUBLIC        Time
BL51 BANKED LINKER/LOCATER V6.22                                                      11/18/2025  11:30:08  PAGE 8


  C:0CA2H         PUBLIC        RedWAI_init
  C:0BB2H         PUBLIC        get_Red_Data
  C:0800H         PUBLIC        Interrupt_Routine
  C:0C46H         PUBLIC        InterruptTimer2_init
  D:000BH         PUBLIC        Red_status
  D:0089H         PUBLIC        TMOD
  B:0088H.1       PUBLIC        IE0
  B:0088H.7       PUBLIC        TF1
  B:00A8H.0       PUBLIC        EX0
  B:0088H.0       PUBLIC        IT0
  D:008DH         PUBLIC        TH1
  D:008BH         PUBLIC        TL1
  C:0BCBH         PUBLIC        read_InterruptTimer
  B:0088H.6       PUBLIC        TR1
  B:00B8H.0       PUBLIC        PX0
  C:0C73H         PUBLIC        Interrupt_init
  D:000CH         PUBLIC        pData
  D:000DH         PUBLIC        DataFlag
  D:000EH         PUBLIC        Data
  -------         PROC          INTERRUPT_ROUTINE
  C:0800H         LINE#         30
  C:081DH         LINE#         34
  C:0821H         LINE#         35
  C:0824H         LINE#         36
  C:0829H         LINE#         37
  C:082EH         LINE#         38
  C:0831H         LINE#         42
  C:0837H         LINE#         43
  C:083AH         LINE#         44
  C:083DH         LINE#         47
  C:0852H         LINE#         48
  C:0855H         LINE#         51
  C:086DH         LINE#         52
  C:0870H         LINE#         55
  C:0873H         LINE#         56
  C:0873H         LINE#         57
  C:0873H         LINE#         58
  C:0876H         LINE#         61
  C:087FH         LINE#         63
  C:0882H         LINE#         64
  C:0885H         LINE#         67
  C:089AH         LINE#         68
  C:08BDH         LINE#         69
  C:08BFH         LINE#         70
  C:08C6H         LINE#         71
  C:08C8H         LINE#         74
  C:08DDH         LINE#         75
  C:08FFH         LINE#         76
  C:0901H         LINE#         77
  C:090BH         LINE#         78
  C:090DH         LINE#         81
  C:090DH         LINE#         82
  C:0910H         LINE#         83
  C:0910H         LINE#         84
  C:0910H         LINE#         85
  -------         ENDPROC       INTERRUPT_ROUTINE
  -------         PROC          REDWAI_INIT
BL51 BANKED LINKER/LOCATER V6.22                                                      11/18/2025  11:30:08  PAGE 9


  C:0CA2H         LINE#         93
  C:0CA2H         LINE#         94
  C:0CA5H         LINE#         95
  -------         ENDPROC       REDWAI_INIT
  -------         PROC          PDATA_INIT
  C:0C65H         LINE#         103
  C:0C65H         LINE#         104
  C:0C68H         LINE#         105
  C:0C6AH         LINE#         106
  C:0C6FH         LINE#         107
  C:0C72H         LINE#         108
  -------         ENDPROC       PDATA_INIT
  -------         PROC          GET_RED_DATA
  C:0BB2H         LINE#         115
  C:0BB2H         LINE#         116
  C:0BB6H         LINE#         117
  C:0BC2H         LINE#         118
  C:0BC5H         LINE#         119
  C:0BC8H         LINE#         120
  C:0BC8H         LINE#         121
  C:0BC8H         LINE#         122
  C:0BCAH         LINE#         123
  C:0BCAH         LINE#         124
  -------         ENDPROC       GET_RED_DATA
  -------         PROC          INTERRUPT_INIT
  C:0C73H         LINE#         133
  C:0C73H         LINE#         134
  C:0C75H         LINE#         135
  C:0C77H         LINE#         136
  C:0C79H         LINE#         137
  C:0C7BH         LINE#         138
  C:0C7DH         LINE#         139
  -------         ENDPROC       INTERRUPT_INIT
  -------         PROC          INTERRUPTTIMER2_INIT
  C:0C46H         LINE#         146
  C:0C46H         LINE#         147
  C:0C49H         LINE#         148
  C:0C4CH         LINE#         149
  C:0C4FH         LINE#         150
  C:0C51H         LINE#         151
  C:0C53H         LINE#         152
  C:0C55H         LINE#         154
  -------         ENDPROC       INTERRUPTTIMER2_INIT
  -------         PROC          L?0036
  -------         ENDPROC       L?0036
  -------         PROC          _SET_INTERRUPTTIMER
  D:0004H         SYMBOL        Time
  C:0C3BH         LINE#         160
  C:0C3FH         LINE#         161
  C:0C41H         LINE#         162
  C:0C45H         LINE#         163
  -------         ENDPROC       _SET_INTERRUPTTIMER
  -------         PROC          _RUN_INTERRUPTTIMER
  D:0007H         SYMBOL        Code
  C:0C92H         LINE#         169
  C:0C92H         LINE#         170
  C:0C95H         LINE#         171
BL51 BANKED LINKER/LOCATER V6.22                                                      11/18/2025  11:30:08  PAGE 10


  C:0C97H         LINE#         172
  C:0C98H         LINE#         173
  C:0C9AH         LINE#         174
  C:0C9AH         LINE#         175
  -------         ENDPROC       _RUN_INTERRUPTTIMER
  -------         PROC          READ_INTERRUPTTIMER
  -------         DO            
  D:0006H         SYMBOL        Num
  -------         ENDDO         
  C:0BCBH         LINE#         181
  C:0BCBH         LINE#         182
  C:0BCBH         LINE#         183
  C:0BD3H         LINE#         184
  C:0BE1H         LINE#         185
  -------         ENDPROC       READ_INTERRUPTTIMER
  -------         ENDMOD        REDWAI

  -------         MODULE        ?C?CLDOPTR
  C:092BH         PUBLIC        ?C?CLDOPTR
  -------         ENDMOD        ?C?CLDOPTR

  -------         MODULE        ?C?IMUL
  C:0958H         PUBLIC        ?C?IMUL
  -------         ENDMOD        ?C?IMUL

  -------         MODULE        ?C?UIDIV
  C:096AH         PUBLIC        ?C?UIDIV
  -------         ENDMOD        ?C?UIDIV

*** WARNING L16: UNCALLED SEGMENT, IGNORED FOR OVERLAY PROCESS
    SEGMENT: ?PR?_DELAY?DELAY

*** WARNING L16: UNCALLED SEGMENT, IGNORED FOR OVERLAY PROCESS
    SEGMENT: ?PR?_LCD_SHOWCHAR?LCD1602

*** WARNING L16: UNCALLED SEGMENT, IGNORED FOR OVERLAY PROCESS
    SEGMENT: ?PR?_LCD_SHOWNUM?LCD1602

*** WARNING L16: UNCALLED SEGMENT, IGNORED FOR OVERLAY PROCESS
    SEGMENT: ?PR?_LCD_SHOWSIGNEDNUM?LCD1602

*** WARNING L16: UNCALLED SEGMENT, IGNORED FOR OVERLAY PROCESS
    SEGMENT: ?PR?_LCD_SHOWBINNUM?LCD1602

******************************************************************************
* RESTRICTED VERSION WITH 0800H BYTE CODE SIZE LIMIT; USED: 038AH BYTE (44%) *
******************************************************************************

Program Size: data=48.0 xdata=0 code=1198
LINK/LOCATE RUN COMPLETE.  5 WARNING(S),  0 ERROR(S)
