C51 COMPILER V9.54   MAIN                                                                  10/16/2025 10:22:37 PAGE 1   


C51 COMPILER V9.54, COMPILATION OF MODULE MAIN
OBJECT MODULE PLACED IN .\Objects\main.obj
COMPILER INVOKED BY: E:\Keil5 C51\Keil5 C51\C51\BIN\C51.EXE main.c OPTIMIZE(8,SPEED) BROWSE DEBUG OBJECTEXTEND PRINT(.\L
                    -istings\main.lst) TABS(2) OBJECT(.\Objects\main.obj)

line level    source

   1          //引入reg51库里的大量函数
   2          #include <REGX52.H> //c52库
   3          //引入两个变量类型
   4          #define uchar unsigned char
   5          #define uint unsigned int
   6          
   7          char tab[]={0xfe,0xfd,0xfb,0xf7,  0xef,0xdf,0xbf,0x7f};
   8          
   9          void delays(char num) {
  10   1          //num的值至少取1
  11   1          unsigned char i, j, k;
  12   1          // 三层循环嵌套，通过调整循环变量初值来逼近1秒
  13   1          for(i = 5*num; i > 0; i--)
  14   1              for(j = 4; j > 0; j--)
  15   1                  for(k = 248; k > 0; k--);
  16   1      }
  17          
  18          void main()
  19          {
  20   1        int bz;
  21   1        while(1)
  22   1        {
  23   2          for(bz=0;bz<8;bz++)
  24   2          {
  25   3            P2=0X00;
  26   3            delays(20);
  27   3          }
  28   2        }
  29   1      }
  30          


MODULE INFORMATION:   STATIC OVERLAYABLE
   CODE SIZE        =     48    ----
   CONSTANT SIZE    =   ----    ----
   XDATA SIZE       =   ----    ----
   PDATA SIZE       =   ----    ----
   DATA SIZE        =      8    ----
   IDATA SIZE       =   ----    ----
   BIT SIZE         =   ----    ----
END OF MODULE INFORMATION.


C51 COMPILATION COMPLETE.  0 WARNING(S),  0 ERROR(S)
