C51 COMPILER V9.54   HCSR04                                                                11/18/2025 22:55:23 PAGE 1   


C51 COMPILER V9.54, COMPILATION OF MODULE HCSR04
OBJECT MODULE PLACED IN .\Objects\HCSR04.obj
COMPILER INVOKED BY: E:\Keil5 C51\Keil5 C51\C51\BIN\C51.EXE HCSR04.c OPTIMIZE(8,SPEED) BROWSE DEBUG OBJECTEXTEND PRINT(.
                    -\Listings\HCSR04.lst) TABS(2) OBJECT(.\Objects\HCSR04.obj)

line level    source

   1          #include <REGX52.H>
   2          #include <INTRINS.H>
   3          
   4          #include <InterruptTimer0.H>
   5          
   6          #define Echo P1_1
   7          
   8          void Delay12us()    //@11.0592MHz
   9          {
  10   1        unsigned char i;
  11   1      
  12   1        i = 3;
  13   1        while (--i);
  14   1      }
  15          
  16          
  17          void HCSR04_init(){
  18   1        P1_0=0;
  19   1        P1_1=0;
  20   1      }
  21            
  22          void HCSR04_shoot(){
  23   1        P1_0=0;
  24   1        P1_0=1;
  25   1        Delay12us();
  26   1        P1_0=0;
  27   1      }
  28          
  29          unsigned int Data[10];
  30          
  31          
  32          
  33          unsigned int Get_HCSR04_Data(){
  34   1        unsigned int num=0,Data;
  35   1        
  36   1        HCSR04_init();
  37   1        HCSR04_shoot();
  38   1        
  39   1        while(Echo==0 && num<60000){num++;_nop_();};
  40   1        set_InterruptTimer(0x00);
  41   1        run_InterruptTimer(1);
  42   1        
  43   1        num=0;
  44   1        while(Echo==1 && num<60000){num++;_nop_();};
  45   1        Data=read_InterruptTimer();
  46   1        set_InterruptTimer(0x00);
  47   1        return Data;
  48   1      }
  49          
  50          //unsigned int PING_Get_HCSR04_Data(){
  51          //  unsigned char i=0;
  52          //  unsigned int PING_Data;
  53          //  for(i=0;i<2;i++){
  54          //    Data[i]=Get_HCSR04_Data();
C51 COMPILER V9.54   HCSR04                                                                11/18/2025 22:55:23 PAGE 2   

  55          //  }
  56          //  for(i=0;i<2;i++){
  57          //    PING_Data=(PING_Data+Data[i])/2;
  58          //  }
  59          //  return  PING_Data;
  60          //}
  61          
  62          
  63          //void InterruptTimer2_init();
  64          //void set_InterruptTimer(unsigned int Time);
  65          //void run_InterruptTimer(unsigned char Code);
  66          //unsigned int read_InterruptTimer();


MODULE INFORMATION:   STATIC OVERLAYABLE
   CODE SIZE        =    115    ----
   CONSTANT SIZE    =   ----    ----
   XDATA SIZE       =   ----    ----
   PDATA SIZE       =   ----    ----
   DATA SIZE        =     20       2
   IDATA SIZE       =   ----    ----
   BIT SIZE         =   ----    ----
END OF MODULE INFORMATION.


C51 COMPILATION COMPLETE.  0 WARNING(S),  0 ERROR(S)
