C51 COMPILER V9.54   MAIN                                                                  11/18/2025 22:55:23 PAGE 1   


C51 COMPILER V9.54, COMPILATION OF MODULE MAIN
OBJECT MODULE PLACED IN .\Objects\main.obj
COMPILER INVOKED BY: E:\Keil5 C51\Keil5 C51\C51\BIN\C51.EXE main.c OPTIMIZE(8,SPEED) BROWSE DEBUG OBJECTEXTEND PRINT(.\L
                    -istings\main.lst) TABS(2) OBJECT(.\Objects\main.obj)

line level    source

   1          #include <REGX52.H>
   2          #include <INTRINS.H>
   3          
   4          #include <LCD1602.H>
   5          #include <DELAY.H>
   6          #include <HCSR04.H>
   7          #include <InterruptTimer0.H>
   8          
   9          
  10          
  11          unsigned int num,a;
  12          void main(){
  13   1        LCD_Init();
  14   1        InterruptTimer2_init();
  15   1        
  16   1        
  17   1        while(1){
  18   2          num=Get_HCSR04_Data();
  19   2          num*=1.085*0.017;
  20   2          
  21   2          if(num<=40){
  22   3            P2_0=0x00;
  23   3            P2_1=0x00;
  24   3            P2_2=0x00;
  25   3            P2_3=0x00;
  26   3            P2_4=0x00;
  27   3          }else{
  28   3            P2_0=0xff;
  29   3            P2_1=0xff;
  30   3            P2_2=0xff;
  31   3            P2_3=0xff;
  32   3            P2_4=0xff;
  33   3          }
  34   2      //    delay(1);
  35   2      
  36   2          LCD_ShowNum(1,1,num,3);
  37   2      
  38   2        }
  39   1      }
  40          
  41          //void HCSR04_init();
  42          //  
  43          //void HCSR04_shoot();
  44          //  
  45          //unsigned int Get_HCSR04_Data();


MODULE INFORMATION:   STATIC OVERLAYABLE
   CODE SIZE        =     88    ----
   CONSTANT SIZE    =   ----    ----
   XDATA SIZE       =   ----    ----
   PDATA SIZE       =   ----    ----
   DATA SIZE        =      4    ----
   IDATA SIZE       =   ----    ----
C51 COMPILER V9.54   MAIN                                                                  11/18/2025 22:55:23 PAGE 2   

   BIT SIZE         =   ----    ----
END OF MODULE INFORMATION.


C51 COMPILATION COMPLETE.  0 WARNING(S),  0 ERROR(S)
