C51 COMPILER V9.54   MAIN                                                                  11/18/2025 10:40:04 PAGE 1   


C51 COMPILER V9.54, COMPILATION OF MODULE MAIN
OBJECT MODULE PLACED IN .\Objects\main.obj
COMPILER INVOKED BY: E:\Keil5 C51\Keil5 C51\C51\BIN\C51.EXE main.c OPTIMIZE(8,SPEED) BROWSE DEBUG OBJECTEXTEND PRINT(.\L
                    -istings\main.lst) TABS(2) OBJECT(.\Objects\main.obj)

line level    source

   1          #include <REGX52.H> //c52库
   2          #include <INTRINS.H> //标准变量库
   3          #include <TIMER0.H>
   4          
   5          void main(){
   6   1        Timer0Init();
   7   1        while(1){
   8   2        }
   9   1      }
  10          
  11          
  12          void Timer0_Routine() interrupt 1
  13          {
  14   1        static  unsigned int T0Count,T1Count;
  15   1        TL0 = 0x18;   //设置定时初值
  16   1        TH0 = 0xFC;   //设置定时初值
  17   1        T0Count++;
  18   1        T1Count++;
  19   1        if(T0Count>=100)  //100毫秒
  20   1        {
  21   2          T0Count=0;
  22   2          P2_0=~P2_0;
  23   2        }
  24   1        if(T1Count>=300)  //300毫秒
  25   1        {
  26   2          T1Count=0;
  27   2          P2_7=~P2_7;
  28   2        }
  29   1      }
  30          


MODULE INFORMATION:   STATIC OVERLAYABLE
   CODE SIZE        =     74    ----
   CONSTANT SIZE    =   ----    ----
   XDATA SIZE       =   ----    ----
   PDATA SIZE       =   ----    ----
   DATA SIZE        =      4    ----
   IDATA SIZE       =   ----    ----
   BIT SIZE         =   ----    ----
END OF MODULE INFORMATION.


C51 COMPILATION COMPLETE.  0 WARNING(S),  0 ERROR(S)
