C51 COMPILER V9.54   TIMER0                                                                12/01/2025 14:51:01 PAGE 1   


C51 COMPILER V9.54, COMPILATION OF MODULE TIMER0
OBJECT MODULE PLACED IN .\Objects\Timer0.obj
COMPILER INVOKED BY: E:\Keil5 C51\Keil5 C51\C51\BIN\C51.EXE Timer0.c WARNINGLEVEL(0) OPTIMIZE(8,SPEED) BROWSE DEBUG OBJE
                    -CTEXTEND PRINT(.\Listings\Timer0.lst) OBJECT(.\Objects\Timer0.obj)

line level    source

   1          #include <REGX52.H> //c52库
   2          
   3          
   4          //1毫秒触发一次的定时器，让他触发就自加，触发多少次就是多少毫秒
   5          //由stc-isp-15xx-v6.75.exe自动生成初始化配置
   6          void Timer0Init(void)           //1毫秒@12.000MHz
   7          {
   8   1              TMOD &= 0xF0;           //设置定时器模式
   9   1              TMOD |= 0x01;           //设置定时器模式
  10   1              TL0 = 0x18;             //设置定时初值
  11   1              TH0 = 0xFC;             //设置定时初值
  12   1              TF0 = 0;                //清除TF0标志
  13   1              TR0 = 1;                //定时器0开始计时
  14   1              ET0=1;  //允许中断（没做解释，自行了解）
  15   1              EA=1;   //允许总中断
  16   1              PT0=0;   //中断优先级等于0
  17   1      }
  18          


MODULE INFORMATION:   STATIC OVERLAYABLE
   CODE SIZE        =     23    ----
   CONSTANT SIZE    =   ----    ----
   XDATA SIZE       =   ----    ----
   PDATA SIZE       =   ----    ----
   DATA SIZE        =   ----    ----
   IDATA SIZE       =   ----    ----
   BIT SIZE         =   ----    ----
END OF MODULE INFORMATION.


C51 COMPILATION COMPLETE.  0 WARNING(S),  0 ERROR(S)
