BL51 BANKED LINKER/LOCATER V6.22                                                        12/01/2025  14:51:01  PAGE 1


BL51 BANKED LINKER/LOCATER V6.22, INVOKED BY:
E:\KEIL5 C51\KEIL5 C51\C51\BIN\BL51.EXE .\Objects\main.obj, .\Objects\Timer0.obj, .\Objects\delay.obj, .\Objects\Switch0
>> 000.obj TO .\Objects\课程 PRINT (.\Listings\课程.m51) RAMSIZE (256)


MEMORY MODEL: SMALL


INPUT MODULES INCLUDED:
  .\Objects\main.obj (MAIN)
  .\Objects\Timer0.obj (TIMER0)
  .\Objects\delay.obj (DELAY)
  .\Objects\Switch0000.obj (SWITCH0000)
  E:\KEIL5 C51\KEIL5 C51\C51\LIB\C51S.LIB (?C_STARTUP)
  E:\KEIL5 C51\KEIL5 C51\C51\LIB\C51S.LIB (?C?UIDIV)


LINK MAP OF MODULE:  .\Objects\课程 (MAIN)


            TYPE    BASE      LENGTH    RELOCATION   SEGMENT NAME
            -----------------------------------------------------

            * * * * * * *   D A T A   M E M O R Y   * * * * * * *
            REG     0000H     0008H     ABSOLUTE     "REG BANK 0"
            DATA    0008H     0003H     UNIT         ?DT?SWITCH0000
            DATA    000BH     0003H     UNIT         _DATA_GROUP_
            DATA    000EH     0002H     UNIT         ?DT?MAIN
            IDATA   0010H     0001H     UNIT         ?STACK

            * * * * * * *   C O D E   M E M O R Y   * * * * * * *
            CODE    0000H     0003H     ABSOLUTE     
                    0003H     0008H                  *** GAP ***
            CODE    000BH     0003H     ABSOLUTE     
            CODE    000EH     006DH     UNIT         ?PR?MAIN?MAIN
            CODE    007BH     0058H     UNIT         ?PR?TIMER0_ROUTINE?MAIN
            CODE    00D3H     0055H     UNIT         ?C?LIB_CODE
            CODE    0128H     0017H     UNIT         ?PR?TIMER0INIT?TIMER0
            CODE    013FH     0016H     UNIT         ?PR?DETECTION_KEY?SWITCH0000
            CODE    0155H     0016H     UNIT         ?PR?SCAN_KEY?SWITCH0000
            CODE    016BH     0015H     UNIT         ?PR?_DELAY?DELAY
            CODE    0180H     000CH     UNIT         ?PR?SWITCH0000?SWITCH0000
            CODE    018CH     000CH     UNIT         ?C_C51STARTUP
            CODE    0198H     000AH     UNIT         ?CO?MAIN



OVERLAY MAP OF MODULE:   .\Objects\课程 (MAIN)


SEGMENT                                DATA_GROUP 
  +--> CALLED SEGMENT                START    LENGTH
----------------------------------------------------
?PR?TIMER0_ROUTINE?MAIN              -----    -----
  +--> ?PR?SCAN_KEY?SWITCH0000

?PR?SCAN_KEY?SWITCH0000              -----    -----
  +--> ?PR?DETECTION_KEY?SWITCH0000
BL51 BANKED LINKER/LOCATER V6.22                                                      12/01/2025  14:51:01  PAGE 2



*** NEW ROOT ***************************************************

?C_C51STARTUP                        -----    -----
  +--> ?PR?MAIN?MAIN

?PR?MAIN?MAIN                        000BH    0003H
  +--> ?PR?TIMER0INIT?TIMER0
  +--> ?PR?SWITCH0000?SWITCH0000
  +--> ?CO?MAIN



SYMBOL TABLE OF MODULE:  .\Objects\课程 (MAIN)

  VALUE           TYPE          NAME
  ----------------------------------

  -------         MODULE        MAIN
  C:0000H         SYMBOL        _ICE_DUMMY_
  C:007BH         PUBLIC        Timer0_Routine
  D:0080H         PUBLIC        P0
  D:0090H         PUBLIC        P1
  C:000EH         PUBLIC        main
  D:008CH         PUBLIC        TH0
  D:008AH         PUBLIC        TL0
  C:0198H         PUBLIC        SEGMENT_CODES
  -------         PROC          MAIN
  -------         DO            
  D:000BH         SYMBOL        num
  D:000DH         SYMBOL        key
  -------         ENDDO         
  C:000EH         LINE#         21
  C:000EH         LINE#         22
  C:0014H         LINE#         23
  C:0017H         LINE#         24
  C:001AH         LINE#         27
  C:001AH         LINE#         28
  C:001FH         LINE#         29
  C:0023H         LINE#         30
  C:0034H         LINE#         31
  C:0047H         LINE#         32
  C:0047H         LINE#         34
  C:0060H         LINE#         35
  C:0079H         LINE#         38
  -------         ENDPROC       MAIN
  -------         PROC          TIMER0_ROUTINE
  -------         DO            
  D:000EH         SYMBOL        T0Count
  -------         ENDDO         
  C:007BH         LINE#         41
  C:0098H         LINE#         44
  C:009BH         LINE#         45
  C:009EH         LINE#         46
  C:00A6H         LINE#         47
  C:00AFH         LINE#         48
  C:00AFH         LINE#         49
BL51 BANKED LINKER/LOCATER V6.22                                                      12/01/2025  14:51:01  PAGE 3


  C:00B5H         LINE#         50
  C:00B8H         LINE#         51
  C:00B8H         LINE#         52
  -------         ENDPROC       TIMER0_ROUTINE
  -------         ENDMOD        MAIN

  -------         MODULE        TIMER0
  C:0000H         SYMBOL        _ICE_DUMMY_
  B:00A8H.7       PUBLIC        EA
  D:0089H         PUBLIC        TMOD
  B:00A8H.1       PUBLIC        ET0
  B:0088H.5       PUBLIC        TF0
  C:0128H         PUBLIC        Timer0Init
  D:008CH         PUBLIC        TH0
  D:008AH         PUBLIC        TL0
  B:00B8H.1       PUBLIC        PT0
  B:0088H.4       PUBLIC        TR0
  -------         PROC          TIMER0INIT
  C:0128H         LINE#         6
  C:0128H         LINE#         7
  C:0128H         LINE#         8
  C:012BH         LINE#         9
  C:012EH         LINE#         10
  C:0131H         LINE#         11
  C:0134H         LINE#         12
  C:0136H         LINE#         13
  C:0138H         LINE#         14
  C:013AH         LINE#         15
  C:013CH         LINE#         16
  C:013EH         LINE#         17
  -------         ENDPROC       TIMER0INIT
  -------         ENDMOD        TIMER0

  -------         MODULE        DELAY
  C:0000H         SYMBOL        _ICE_DUMMY_
  C:016BH         PUBLIC        _delay
  -------         PROC          _DELAY
  D:0006H         SYMBOL        xms
  -------         DO            
  D:0005H         SYMBOL        i
  D:0004H         SYMBOL        j
  -------         ENDDO         
  C:016BH         LINE#         5
  C:016BH         LINE#         7
  C:0175H         LINE#         8
  C:0177H         LINE#         9
  C:0179H         LINE#         10
  C:0179H         LINE#         11
  C:017BH         LINE#         12
  C:017DH         LINE#         13
  C:017FH         LINE#         14
  -------         ENDPROC       _DELAY
  -------         ENDMOD        DELAY

  -------         MODULE        SWITCH0000
  C:0000H         SYMBOL        _ICE_DUMMY_
  B:00B0H.0       PUBLIC        P3_0
BL51 BANKED LINKER/LOCATER V6.22                                                      12/01/2025  14:51:01  PAGE 4


  B:00B0H.1       PUBLIC        P3_1
  B:00B0H.2       PUBLIC        P3_2
  B:00B0H.3       PUBLIC        P3_3
  C:0155H         PUBLIC        Scan_key
  C:013FH         PUBLIC        Detection_key
  C:0180H         PUBLIC        switch0000
  D:000AH         PUBLIC        middle
  -------         PROC          DETECTION_KEY
  -------         DO            
  D:0007H         SYMBOL        KeyNumber
  -------         ENDDO         
  C:013FH         LINE#         8
  C:013FH         LINE#         9
  C:013FH         LINE#         10
  C:0141H         LINE#         12
  C:0145H         LINE#         13
  C:014AH         LINE#         14
  C:014FH         LINE#         15
  C:0154H         LINE#         17
  C:0154H         LINE#         18
  -------         ENDPROC       DETECTION_KEY
  -------         PROC          SCAN_KEY
  -------         DO            
  D:0008H         SYMBOL        oldnum
  D:0009H         SYMBOL        newnum
  -------         ENDDO         
  C:0155H         LINE#         21
  C:0155H         LINE#         23
  C:0158H         LINE#         24
  C:015DH         LINE#         25
  C:016AH         LINE#         26
  -------         ENDPROC       SCAN_KEY
  -------         PROC          SWITCH0000
  -------         DO            
  D:0007H         SYMBOL        tem
  -------         ENDDO         
  C:0180H         LINE#         29
  C:0180H         LINE#         30
  C:0182H         LINE#         31
  C:0186H         LINE#         32
  C:0187H         LINE#         33
  C:018AH         LINE#         34
  C:018BH         LINE#         35
  C:018BH         LINE#         36
  C:018BH         LINE#         37
  -------         ENDPROC       SWITCH0000
  -------         ENDMOD        SWITCH0000

  -------         MODULE        ?C?UIDIV
  C:00D3H         PUBLIC        ?C?UIDIV
  -------         ENDMOD        ?C?UIDIV

*** WARNING L16: UNCALLED SEGMENT, IGNORED FOR OVERLAY PROCESS
    SEGMENT: ?PR?_DELAY?DELAY

Program Size: data=17.0 xdata=0 code=410
LINK/LOCATE RUN COMPLETE.  1 WARNING(S),  0 ERROR(S)
