BL51 BANKED LINKER/LOCATER V6.22                                                        11/03/2025  20:43:15  PAGE 1


BL51 BANKED LINKER/LOCATER V6.22, INVOKED BY:
E:\KEIL5 C51\KEIL5 C51\C51\BIN\BL51.EXE .\Objects\main.obj TO .\Objects\课程 PRINT (.\Listings\课程.m51) RAMSIZE (256)


MEMORY MODEL: SMALL


INPUT MODULES INCLUDED:
  .\Objects\main.obj (MAIN)
  E:\KEIL5 C51\KEIL5 C51\C51\LIB\C51S.LIB (?C_STARTUP)
  E:\KEIL5 C51\KEIL5 C51\C51\LIB\C51S.LIB (?C_INIT)


LINK MAP OF MODULE:  .\Objects\课程 (MAIN)


            TYPE    BASE      LENGTH    RELOCATION   SEGMENT NAME
            -----------------------------------------------------

            * * * * * * *   D A T A   M E M O R Y   * * * * * * *
            REG     0000H     0008H     ABSOLUTE     "REG BANK 0"
            DATA    0008H     0001H     UNIT         ?DT?MAIN
            IDATA   0009H     0001H     UNIT         ?STACK

            * * * * * * *   C O D E   M E M O R Y   * * * * * * *
            CODE    0000H     0003H     ABSOLUTE     
            CODE    0003H     0003H     ABSOLUTE     
                    0006H     000DH                  *** GAP ***
            CODE    0013H     0003H     ABSOLUTE     
                    0016H     07EAH                  *** GAP ***
            CODE    0800H     008CH     UNIT         ?C_C51STARTUP
            CODE    088CH     0027H     UNIT         ?PR?INT1?MAIN
            CODE    08B3H     0024H     UNIT         ?PR?DOWN_UP?MAIN
            CODE    08D7H     0023H     UNIT         ?PR?INT0?MAIN
            CODE    08FAH     001FH     UNIT         ?PR?TWINKLE?MAIN
            CODE    0919H     0015H     UNIT         ?PR?UP_DOWN?MAIN
            CODE    092EH     0015H     UNIT         ?PR?MAIN?MAIN
            CODE    0943H     000BH     UNIT         ?PR?_DELAY?MAIN
            CODE    094EH     0004H     UNIT         ?C_INITSEG



OVERLAY MAP OF MODULE:   .\Objects\课程 (MAIN)


SEGMENT
  +--> CALLED SEGMENT
---------------------
?PR?INT0?MAIN
  +--> ?PR?TWINKLE?MAIN

?PR?TWINKLE?MAIN
  +--> ?PR?_DELAY?MAIN

*** NEW ROOT ***************************************************

?PR?INT1?MAIN
  +--> ?PR?DOWN_UP?MAIN
BL51 BANKED LINKER/LOCATER V6.22                                                      11/03/2025  20:43:15  PAGE 2



?PR?DOWN_UP?MAIN
  +--> ?PR?_DELAY?MAIN

*** NEW ROOT ***************************************************

?C_C51STARTUP
  +--> ?PR?MAIN?MAIN
  +--> ?C_INITSEG

?PR?MAIN?MAIN
  +--> ?PR?UP_DOWN?MAIN

?PR?UP_DOWN?MAIN
  +--> ?PR?_DELAY?MAIN



SYMBOL TABLE OF MODULE:  .\Objects\课程 (MAIN)

  VALUE           TYPE          NAME
  ----------------------------------

  -------         MODULE        MAIN
  C:0000H         SYMBOL        _ICE_DUMMY_
  C:08B3H         PUBLIC        down_up
  C:0919H         PUBLIC        up_down
  D:00A0H         PUBLIC        P2
  B:00A8H.7       PUBLIC        EA
  C:0943H         PUBLIC        _delay
  C:092EH         PUBLIC        main
  D:0008H         PUBLIC        status
  B:00A8H.0       PUBLIC        EX0
  B:0088H.0       PUBLIC        IT0
  B:00A8H.2       PUBLIC        EX1
  B:0088H.2       PUBLIC        IT1
  B:00B8H.0       PUBLIC        PX0
  B:00B8H.2       PUBLIC        PX1
  C:08FAH         PUBLIC        Twinkle
  C:08D7H         PUBLIC        int0
  C:088CH         PUBLIC        int1
  -------         PROC          _DELAY
  D:0007H         SYMBOL        xms
  -------         DO            
  D:0006H         SYMBOL        i
  D:0005H         SYMBOL        j
  -------         ENDDO         
  C:0943H         LINE#         8
  C:0943H         LINE#         10
  C:0945H         LINE#         11
  C:0947H         LINE#         12
  C:0947H         LINE#         13
  C:0947H         LINE#         14
  C:0949H         LINE#         15
  C:094BH         LINE#         16
  C:094DH         LINE#         17
  -------         ENDPROC       _DELAY
BL51 BANKED LINKER/LOCATER V6.22                                                      11/03/2025  20:43:15  PAGE 3


  -------         PROC          UP_DOWN
  C:0919H         LINE#         20
  C:0919H         LINE#         21
  C:091CH         LINE#         22
  C:0929H         LINE#         23
  -------         ENDPROC       UP_DOWN
  -------         PROC          DOWN_UP
  -------         DO            
  D:0002H         SYMBOL        i
  -------         ENDDO         
  C:08B3H         LINE#         27
  C:08B3H         LINE#         29
  C:08B6H         LINE#         30
  C:08B9H         LINE#         31
  C:08C6H         LINE#         32
  C:08CBH         LINE#         33
  C:08D6H         LINE#         34
  -------         ENDPROC       DOWN_UP
  -------         PROC          TWINKLE
  -------         DO            
  D:0002H         SYMBOL        i
  -------         ENDDO         
  C:08FAH         LINE#         37
  C:08FAH         LINE#         39
  C:08FDH         LINE#         40
  C:0900H         LINE#         41
  C:0905H         LINE#         42
  C:0908H         LINE#         43
  C:090DH         LINE#         44
  C:0918H         LINE#         45
  -------         ENDPROC       TWINKLE
  -------         PROC          MAIN
  C:092EH         LINE#         48
  C:092EH         LINE#         49
  C:092EH         LINE#         50
  C:0936H         LINE#         51
  C:093EH         LINE#         53
  -------         ENDPROC       MAIN
  -------         PROC          INT0
  C:08D7H         LINE#         57
  C:08E8H         LINE#         59
  C:08EBH         LINE#         60
  -------         ENDPROC       INT0
  -------         PROC          INT1
  C:088CH         LINE#         63
  C:089FH         LINE#         65
  C:08A2H         LINE#         66
  -------         ENDPROC       INT1
  -------         ENDMOD        MAIN

******************************************************************************
* RESTRICTED VERSION WITH 0800H BYTE CODE SIZE LIMIT; USED: 00CBH BYTE ( 9%) *
******************************************************************************

Program Size: data=10.0 xdata=0 code=347
LINK/LOCATE RUN COMPLETE.  0 WARNING(S),  0 ERROR(S)
