BL51 BANKED LINKER/LOCATER V6.22                                                        11/18/2025  10:40:04  PAGE 1


BL51 BANKED LINKER/LOCATER V6.22, INVOKED BY:
E:\KEIL5 C51\KEIL5 C51\C51\BIN\BL51.EXE .\Objects\main.obj, .\Objects\Timer0.obj TO .\Objects\¿Î³Ì PRINT (.\Listings\¿Î³
>> Ì.m51) RAMSIZE (256)


MEMORY MODEL: SMALL


INPUT MODULES INCLUDED:
  .\Objects\main.obj (MAIN)
  .\Objects\Timer0.obj (TIMER0)
  E:\KEIL5 C51\KEIL5 C51\C51\LIB\C51S.LIB (?C_STARTUP)


LINK MAP OF MODULE:  .\Objects\¿Î³Ì (MAIN)


            TYPE    BASE      LENGTH    RELOCATION   SEGMENT NAME
            -----------------------------------------------------

            * * * * * * *   D A T A   M E M O R Y   * * * * * * *
            REG     0000H     0008H     ABSOLUTE     "REG BANK 0"
            DATA    0008H     0004H     UNIT         ?DT?MAIN
            IDATA   000CH     0001H     UNIT         ?STACK

            * * * * * * *   C O D E   M E M O R Y   * * * * * * *
            CODE    0000H     0003H     ABSOLUTE     
                    0003H     0008H                  *** GAP ***
            CODE    000BH     0003H     ABSOLUTE     
                    000EH     07F2H                  *** GAP ***
            CODE    0800H     0045H     UNIT         ?PR?TIMER0_ROUTINE?MAIN
            CODE    0845H     0017H     UNIT         ?PR?TIMER0INIT?TIMER0
            CODE    085CH     000CH     UNIT         ?C_C51STARTUP
            CODE    0868H     0005H     UNIT         ?PR?MAIN?MAIN



OVERLAY MAP OF MODULE:   .\Objects\¿Î³Ì (MAIN)


SEGMENT
  +--> CALLED SEGMENT
---------------------
?C_C51STARTUP
  +--> ?PR?MAIN?MAIN

?PR?MAIN?MAIN
  +--> ?PR?TIMER0INIT?TIMER0



SYMBOL TABLE OF MODULE:  .\Objects\¿Î³Ì (MAIN)

  VALUE           TYPE          NAME
  ----------------------------------

  -------         MODULE        MAIN
  C:0000H         SYMBOL        _ICE_DUMMY_
BL51 BANKED LINKER/LOCATER V6.22                                                      11/18/2025  10:40:04  PAGE 2


  C:0800H         PUBLIC        Timer0_Routine
  B:00A0H.0       PUBLIC        P2_0
  B:00A0H.7       PUBLIC        P2_7
  C:0868H         PUBLIC        main
  D:008CH         PUBLIC        TH0
  D:008AH         PUBLIC        TL0
  -------         PROC          MAIN
  C:0868H         LINE#         5
  C:0868H         LINE#         6
  C:086BH         LINE#         7
  C:086BH         LINE#         8
  -------         ENDPROC       MAIN
  -------         PROC          TIMER0_ROUTINE
  -------         DO            
  D:0008H         SYMBOL        T0Count
  D:000AH         SYMBOL        T1Count
  -------         ENDDO         
  C:0800H         LINE#         12
  C:0804H         LINE#         15
  C:0807H         LINE#         16
  C:080AH         LINE#         17
  C:0812H         LINE#         18
  C:081AH         LINE#         19
  C:0825H         LINE#         20
  C:0825H         LINE#         21
  C:082BH         LINE#         22
  C:082DH         LINE#         23
  C:082DH         LINE#         24
  C:0838H         LINE#         25
  C:0838H         LINE#         26
  C:083EH         LINE#         27
  C:0840H         LINE#         28
  C:0840H         LINE#         29
  -------         ENDPROC       TIMER0_ROUTINE
  -------         ENDMOD        MAIN

  -------         MODULE        TIMER0
  C:0000H         SYMBOL        _ICE_DUMMY_
  B:00A8H.7       PUBLIC        EA
  D:0089H         PUBLIC        TMOD
  B:00A8H.1       PUBLIC        ET0
  B:0088H.5       PUBLIC        TF0
  C:0845H         PUBLIC        Timer0Init
  D:008CH         PUBLIC        TH0
  D:008AH         PUBLIC        TL0
  B:00B8H.1       PUBLIC        PT0
  B:0088H.4       PUBLIC        TR0
  -------         PROC          TIMER0INIT
  C:0845H         LINE#         5
  C:0845H         LINE#         6
  C:0845H         LINE#         7
  C:0848H         LINE#         8
  C:084BH         LINE#         9
  C:084EH         LINE#         10
  C:0851H         LINE#         11
  C:0853H         LINE#         12
  C:0855H         LINE#         13
BL51 BANKED LINKER/LOCATER V6.22                                                      11/18/2025  10:40:04  PAGE 3


  C:0857H         LINE#         14
  C:0859H         LINE#         15
  C:085BH         LINE#         16
  -------         ENDPROC       TIMER0INIT
  -------         ENDMOD        TIMER0

******************************************************************************
* RESTRICTED VERSION WITH 0800H BYTE CODE SIZE LIMIT; USED: 0064H BYTE ( 4%) *
******************************************************************************

Program Size: data=13.0 xdata=0 code=115
LINK/LOCATE RUN COMPLETE.  0 WARNING(S),  0 ERROR(S)
