BL51 BANKED LINKER/LOCATER V6.22                                                        11/16/2025  20:08:11  PAGE 1


BL51 BANKED LINKER/LOCATER V6.22, INVOKED BY:
E:\KEIL5 C51\KEIL5 C51\C51\BIN\BL51.EXE .\Objects\main.obj, .\Objects\delay.obj, .\Objects\IR_RED.obj, .\Objects\lcd1602
>> .obj, .\Objects\Timer0.obj TO .\Objects\project PRINT (.\Listings\project.m51) RAMSIZE (256) DISABLEWARNING (16)


MEMORY MODEL: SMALL


INPUT MODULES INCLUDED:
  .\Objects\main.obj (MAIN)
  .\Objects\delay.obj (DELAY)
  .\Objects\IR_RED.obj (IR_RED)
  .\Objects\lcd1602.obj (LCD1602)
  .\Objects\Timer0.obj (TIMER0)
  E:\KEIL5 C51\KEIL5 C51\C51\LIB\C51S.LIB (?C_STARTUP)
  E:\KEIL5 C51\KEIL5 C51\C51\LIB\C51S.LIB (?C?CLDOPTR)
  E:\KEIL5 C51\KEIL5 C51\C51\LIB\C51S.LIB (?C?IMUL)
  E:\KEIL5 C51\KEIL5 C51\C51\LIB\C51S.LIB (?C?UIDIV)
  E:\KEIL5 C51\KEIL5 C51\C51\LIB\C51S.LIB (?C_INIT)


LINK MAP OF MODULE:  .\Objects\project (MAIN)


            TYPE    BASE      LENGTH    RELOCATION   SEGMENT NAME
            -----------------------------------------------------

            * * * * * * *   D A T A   M E M O R Y   * * * * * * *
            REG     0000H     0008H     ABSOLUTE     "REG BANK 0"
            DATA    0008H     000CH     UNIT         ?DT?IR_RED
            DATA    0014H     000BH     UNIT         _DATA_GROUP_
            DATA    001FH     0007H     UNIT         ?DT?_LCD_SHOWSIGNEDNUM?LCD1602
            DATA    0026H     0005H     UNIT         ?DT?_LCD_SHOWHEXNUM?LCD1602
            DATA    002BH     0005H     UNIT         ?DT?_LCD_SHOWBINNUM?LCD1602
            DATA    0030H     0003H     UNIT         ?DT?_LCD_SHOWSTRING?LCD1602
            DATA    0033H     0002H     UNIT         ?DT?MAIN
            IDATA   0035H     0001H     UNIT         ?STACK

            * * * * * * *   C O D E   M E M O R Y   * * * * * * *
            CODE    0000H     0003H     ABSOLUTE     
            CODE    0003H     0003H     ABSOLUTE     
                    0006H     07FAH                  *** GAP ***
            CODE    0800H     0094H     UNIT         ?C?LIB_CODE
            CODE    0894H     008CH     UNIT         ?C_C51STARTUP
            CODE    0920H     0056H     UNIT         ?PR?TIMER1_EXTERNAL?IR_RED
            CODE    0976H     003EH     UNIT         ?PR?READ_TIMER1?IR_RED
            CODE    09B4H     003AH     UNIT         ?PR?_LCD_SHOWSIGNEDNUM?LCD1602
            CODE    09EEH     0039H     UNIT         ?PR?_LCD_SHOWHEXNUM?LCD1602
            CODE    0A27H     0038H     UNIT         ?PR?_LCD_SHOWBINNUM?LCD1602
            CODE    0A5FH     0033H     UNIT         ?PR?_LCD_POW?LCD1602
            CODE    0A92H     0023H     UNIT         ?PR?_LCD_SHOWSTRING?LCD1602
            CODE    0AB5H     001EH     UNIT         ?PR?_LCD_WRITEDATA?LCD1602
            CODE    0AD3H     001DH     UNIT         ?PR?_LCD_SHOWNUM?LCD1602
            CODE    0AF0H     0017H     UNIT         ?PR?TIMER0INIT?TIMER0
            CODE    0B07H     0016H     UNIT         ?PR?_LCD_SETCURSOR?LCD1602
            CODE    0B1DH     0015H     UNIT         ?PR?_DELAY?DELAY
            CODE    0B32H     0014H     UNIT         ?PR?LCD_INIT?LCD1602
            CODE    0B46H     0010H     UNIT         ?PR?TIMER1_CLOCK_INIT?IR_RED
BL51 BANKED LINKER/LOCATER V6.22                                                      11/16/2025  20:08:11  PAGE 2


            CODE    0B56H     000FH     UNIT         ?PR?LCD_DELAY?LCD1602
            CODE    0B65H     000BH     UNIT         ?PR?MAIN?MAIN
            CODE    0B70H     000AH     UNIT         ?PR?_LCD_WRITECOMMAND?LCD1602
            CODE    0B7AH     000AH     UNIT         ?PR?_LCD_SHOWCHAR?LCD1602
            CODE    0B84H     0009H     UNIT         ?PR?TIMER1_INIT?IR_RED
            CODE    0B8DH     0008H     UNIT         ?PR?START_TIMER1?IR_RED
            CODE    0B95H     0004H     UNIT         ?C_INITSEG



OVERLAY MAP OF MODULE:   .\Objects\project (MAIN)


SEGMENT                                  DATA_GROUP 
  +--> CALLED SEGMENT                  START    LENGTH
------------------------------------------------------
?PR?TIMER1_EXTERNAL?IR_RED             -----    -----
  +--> ?PR?START_TIMER1?IR_RED
  +--> ?PR?READ_TIMER1?IR_RED
  +--> ?PR?_LCD_SHOWNUM?LCD1602

?PR?READ_TIMER1?IR_RED                 0014H    0002H
  +--> ?PR?_LCD_SHOWNUM?LCD1602

?PR?_LCD_SHOWNUM?LCD1602               0016H    0005H
  +--> ?PR?_LCD_SETCURSOR?LCD1602
  +--> ?PR?_LCD_POW?LCD1602
  +--> ?PR?_LCD_WRITEDATA?LCD1602

?PR?_LCD_SETCURSOR?LCD1602             -----    -----
  +--> ?PR?_LCD_WRITECOMMAND?LCD1602

?PR?_LCD_WRITECOMMAND?LCD1602          -----    -----
  +--> ?PR?LCD_DELAY?LCD1602

?PR?_LCD_POW?LCD1602                   001BH    0004H

?PR?_LCD_WRITEDATA?LCD1602             -----    -----
  +--> ?PR?LCD_DELAY?LCD1602

*** NEW ROOT ***************************************************

?C_C51STARTUP                          -----    -----
  +--> ?PR?MAIN?MAIN
  +--> ?C_INITSEG

?PR?MAIN?MAIN                          -----    -----
  +--> ?PR?LCD_INIT?LCD1602
  +--> ?PR?TIMER1_INIT?IR_RED
  +--> ?PR?TIMER1_CLOCK_INIT?IR_RED

?PR?LCD_INIT?LCD1602                   -----    -----
  +--> ?PR?_LCD_WRITECOMMAND?LCD1602



SYMBOL TABLE OF MODULE:  .\Objects\project (MAIN)
BL51 BANKED LINKER/LOCATER V6.22                                                      11/16/2025  20:08:11  PAGE 3



  VALUE           TYPE          NAME
  ----------------------------------

  -------         MODULE        MAIN
  C:0000H         SYMBOL        _ICE_DUMMY_
  C:0B65H         PUBLIC        main
  D:0033H         PUBLIC        num
  -------         PROC          MAIN
  C:0B65H         LINE#         11
  C:0B65H         LINE#         12
  C:0B68H         LINE#         13
  C:0B6BH         LINE#         14
  C:0B6EH         LINE#         16
  C:0B6EH         LINE#         18
  -------         ENDPROC       MAIN
  -------         ENDMOD        MAIN

  -------         MODULE        DELAY
  C:0000H         SYMBOL        _ICE_DUMMY_
  C:0B1DH         PUBLIC        _delay
  -------         PROC          _DELAY
  D:0006H         SYMBOL        xms
  -------         DO            
  D:0005H         SYMBOL        i
  D:0004H         SYMBOL        j
  -------         ENDDO         
  C:0B1DH         LINE#         5
  C:0B1DH         LINE#         7
  C:0B27H         LINE#         8
  C:0B29H         LINE#         9
  C:0B2BH         LINE#         10
  C:0B2BH         LINE#         11
  C:0B2DH         LINE#         12
  C:0B2FH         LINE#         13
  C:0B31H         LINE#         14
  -------         ENDPROC       _DELAY
  -------         ENDMOD        DELAY

  -------         MODULE        IR_RED
  C:0000H         SYMBOL        _ICE_DUMMY_
  D:0008H         PUBLIC        IR_Status
  B:00A8H.7       PUBLIC        EA
  D:0009H         SYMBOL        IR_Time
  B:00B0H.2       PUBLIC        P3_2
  C:0976H         PUBLIC        read_Timer1
  D:0089H         PUBLIC        TMOD
  D:000BH         PUBLIC        Command
  C:0B8DH         PUBLIC        start_Timer1
  D:000CH         PUBLIC        Address
  B:0088H.7       PUBLIC        TF1
  C:0B84H         PUBLIC        Timer1_init
  B:00A8H.0       PUBLIC        EX0
  B:0088H.0       PUBLIC        IT0
  D:008DH         PUBLIC        TH1
  D:008BH         PUBLIC        TL1
  B:0088H.6       PUBLIC        TR1
BL51 BANKED LINKER/LOCATER V6.22                                                      11/16/2025  20:08:11  PAGE 4


  C:0920H         PUBLIC        Timer1_External
  D:000DH         PUBLIC        RepeatFlag
  D:000EH         PUBLIC        pData
  D:000FH         PUBLIC        DataFlag
  D:0010H         PUBLIC        Data
  C:0B46H         PUBLIC        Timer1_Clock_Init
  -------         PROC          TIMER1_INIT
  C:0B84H         LINE#         7
  C:0B84H         LINE#         14
  C:0B86H         LINE#         15
  C:0B88H         LINE#         16
  C:0B8AH         LINE#         18
  C:0B8CH         LINE#         20
  -------         ENDPROC       TIMER1_INIT
  -------         PROC          TIMER1_CLOCK_INIT
  C:0B46H         LINE#         23
  C:0B46H         LINE#         24
  C:0B46H         LINE#         25
  C:0B49H         LINE#         26
  C:0B4CH         LINE#         27
  C:0B4FH         LINE#         28
  C:0B51H         LINE#         29
  C:0B53H         LINE#         30
  C:0B55H         LINE#         31
  -------         ENDPROC       TIMER1_CLOCK_INIT
  -------         PROC          START_TIMER1
  C:0B8DH         LINE#         33
  C:0B8DH         LINE#         34
  C:0B90H         LINE#         35
  C:0B92H         LINE#         36
  C:0B94H         LINE#         37
  -------         ENDPROC       START_TIMER1
  -------         PROC          READ_TIMER1
  -------         DO            
  D:0014H         SYMBOL        Middle_TH1
  -------         ENDDO         
  C:0976H         LINE#         39
  C:0976H         LINE#         40
  C:097BH         LINE#         41
  C:097DH         LINE#         42
  C:0983H         LINE#         43
  C:098AH         LINE#         45
  C:099AH         LINE#         46
  C:09AAH         LINE#         48
  C:09B3H         LINE#         49
  -------         ENDPROC       READ_TIMER1
  -------         PROC          TIMER1_EXTERNAL
  C:0920H         LINE#         65
  C:093DH         LINE#         67
  C:0940H         LINE#         68
  C:0944H         LINE#         69
  C:094BH         LINE#         70
  C:0959H         LINE#         71
  C:0959H         LINE#         72
  C:095BH         LINE#         73
  -------         ENDPROC       TIMER1_EXTERNAL
  -------         ENDMOD        IR_RED
BL51 BANKED LINKER/LOCATER V6.22                                                      11/16/2025  20:08:11  PAGE 5



  -------         MODULE        LCD1602
  C:0000H         SYMBOL        _ICE_DUMMY_
  D:0080H         PUBLIC        P0
  D:00A0H         PUBLIC        P2
  C:0B70H         PUBLIC        _LCD_WriteCommand
  C:0AD3H         PUBLIC        _LCD_ShowNum
  C:0A27H         PUBLIC        _LCD_ShowBinNum
  C:0B5CH         PUBLIC        LCD_Delay
  C:09EEH         PUBLIC        _LCD_ShowHexNum
  C:0AC9H         PUBLIC        _LCD_WriteData
  B:00A0H.7       PUBLIC        LCD_EN
  C:0B32H         PUBLIC        LCD_Init
  C:0A92H         PUBLIC        _LCD_ShowString
  C:0B7AH         PUBLIC        _LCD_ShowChar
  B:00A0H.6       PUBLIC        LCD_RS
  B:00A0H.5       PUBLIC        LCD_RW
  C:0B07H         PUBLIC        _LCD_SetCursor
  C:09B4H         PUBLIC        _LCD_ShowSignedNum
  C:0A6BH         PUBLIC        _LCD_Pow
  -------         PROC          L?0048
  -------         ENDPROC       L?0048
  -------         PROC          LCD_DELAY
  -------         DO            
  D:0007H         SYMBOL        i
  D:0006H         SYMBOL        j
  -------         ENDDO         
  C:0B5CH         LINE#         17
  C:0B5CH         LINE#         18
  C:0B5CH         LINE#         21
  C:0B5EH         LINE#         22
  C:0B60H         LINE#         24
  C:0B60H         LINE#         25
  C:0B62H         LINE#         26
  C:0B64H         LINE#         27
  -------         ENDPROC       LCD_DELAY
  -------         PROC          _LCD_WRITECOMMAND
  D:0007H         SYMBOL        Command
  C:0B70H         LINE#         34
  C:0B70H         LINE#         35
  C:0B70H         LINE#         36
  C:0B72H         LINE#         37
  C:0B72H         LINE#         38
  C:0B72H         LINE#         39
  C:0B72H         LINE#         40
  C:0B75H         LINE#         41
  C:0B77H         LINE#         42
  -------         ENDPROC       _LCD_WRITECOMMAND
  -------         PROC          L?0047
  -------         ENDPROC       L?0047
  -------         PROC          _LCD_WRITEDATA
  D:0007H         SYMBOL        Data
  C:0AC9H         LINE#         50
  C:0AC9H         LINE#         51
  C:0AC9H         LINE#         52
  C:0ACBH         LINE#         53
  C:0ACBH         LINE#         54
BL51 BANKED LINKER/LOCATER V6.22                                                      11/16/2025  20:08:11  PAGE 6


  C:0ACBH         LINE#         55
  C:0ACBH         LINE#         56
  C:0ACEH         LINE#         57
  C:0AD0H         LINE#         58
  -------         ENDPROC       _LCD_WRITEDATA
  -------         PROC          _LCD_SETCURSOR
  D:0006H         SYMBOL        Line
  D:0005H         SYMBOL        Column
  C:0B07H         LINE#         67
  C:0B09H         LINE#         68
  C:0B09H         LINE#         69
  C:0B0CH         LINE#         70
  C:0B0CH         LINE#         71
  C:0B0EH         LINE#         72
  C:0B10H         LINE#         73
  C:0B13H         LINE#         74
  C:0B13H         LINE#         75
  C:0B1CH         LINE#         76
  C:0B1CH         LINE#         77
  -------         ENDPROC       _LCD_SETCURSOR
  -------         PROC          LCD_INIT
  C:0B32H         LINE#         84
  C:0B32H         LINE#         85
  C:0B32H         LINE#         86
  C:0B37H         LINE#         87
  C:0B3CH         LINE#         88
  C:0B41H         LINE#         89
  -------         ENDPROC       LCD_INIT
  -------         PROC          _LCD_SHOWCHAR
  D:0006H         SYMBOL        Line
  D:0005H         SYMBOL        Column
  D:0004H         SYMBOL        Char
  C:0B7AH         LINE#         99
  C:0B7CH         LINE#         100
  C:0B7CH         LINE#         101
  C:0B7FH         LINE#         102
  -------         ENDPROC       _LCD_SHOWCHAR
  -------         PROC          _LCD_SHOWSTRING
  D:0007H         SYMBOL        Line
  D:0005H         SYMBOL        Column
  D:0030H         SYMBOL        String
  -------         DO            
  D:0005H         SYMBOL        i
  -------         ENDDO         
  C:0A92H         LINE#         112
  C:0A98H         LINE#         113
  C:0A98H         LINE#         115
  C:0A9BH         LINE#         116
  C:0AAEH         LINE#         117
  C:0AAEH         LINE#         118
  C:0AB1H         LINE#         119
  C:0AB4H         LINE#         120
  -------         ENDPROC       _LCD_SHOWSTRING
  C:0A61H         SYMBOL        L?0046
  -------         PROC          L?0045
  -------         ENDPROC       L?0045
  C:0A61H         SYMBOL        L?0046
BL51 BANKED LINKER/LOCATER V6.22                                                      11/16/2025  20:08:11  PAGE 7


  -------         PROC          _LCD_POW
  D:001BH         SYMBOL        X
  D:001DH         SYMBOL        Y
  -------         DO            
  D:0003H         SYMBOL        i
  D:0006H         SYMBOL        Result
  -------         ENDDO         
  C:0A6BH         LINE#         125
  C:0A73H         LINE#         126
  C:0A73H         LINE#         128
  C:0A77H         LINE#         129
  C:0A87H         LINE#         130
  C:0A87H         LINE#         131
  C:0A8EH         LINE#         132
  C:0A91H         LINE#         133
  C:0A91H         LINE#         134
  -------         ENDPROC       _LCD_POW
  -------         PROC          _LCD_SHOWNUM
  D:0007H         SYMBOL        Line
  D:0005H         SYMBOL        Column
  D:0018H         SYMBOL        Number
  D:001AH         SYMBOL        Length
  -------         DO            
  D:0002H         SYMBOL        i
  -------         ENDDO         
  C:0AD3H         LINE#         144
  C:0AD7H         LINE#         145
  C:0AD7H         LINE#         147
  C:0ADAH         LINE#         148
  C:0AE2H         LINE#         149
  C:0AE2H         LINE#         150
  C:0AECH         LINE#         151
  C:0AEFH         LINE#         152
  -------         ENDPROC       _LCD_SHOWNUM
  -------         PROC          _LCD_SHOWSIGNEDNUM
  D:0007H         SYMBOL        Line
  D:0005H         SYMBOL        Column
  D:0002H         SYMBOL        Number
  D:0023H         SYMBOL        Length
  -------         DO            
  D:0002H         SYMBOL        i
  D:0024H         SYMBOL        Number1
  -------         ENDDO         
  C:09B4H         LINE#         162
  C:09B4H         LINE#         163
  C:09B4H         LINE#         166
  C:09B7H         LINE#         167
  C:09BFH         LINE#         168
  C:09BFH         LINE#         169
  C:09C4H         LINE#         170
  C:09C8H         LINE#         171
  C:09CAH         LINE#         173
  C:09CAH         LINE#         174
  C:09CFH         LINE#         175
  C:09D8H         LINE#         176
  C:09D8H         LINE#         177
  C:09E0H         LINE#         178
BL51 BANKED LINKER/LOCATER V6.22                                                      11/16/2025  20:08:11  PAGE 8


  C:09E0H         LINE#         179
  C:09EAH         LINE#         180
  C:09EDH         LINE#         181
  -------         ENDPROC       _LCD_SHOWSIGNEDNUM
  -------         PROC          _LCD_SHOWHEXNUM
  D:0007H         SYMBOL        Line
  D:0005H         SYMBOL        Column
  D:0028H         SYMBOL        Number
  D:002AH         SYMBOL        Length
  -------         DO            
  D:0002H         SYMBOL        i
  D:0006H         SYMBOL        SingleNumber
  -------         ENDDO         
  C:09EEH         LINE#         191
  C:09F2H         LINE#         192
  C:09F2H         LINE#         194
  C:09F5H         LINE#         195
  C:09FDH         LINE#         196
  C:09FDH         LINE#         197
  C:0A13H         LINE#         198
  C:0A19H         LINE#         199
  C:0A19H         LINE#         200
  C:0A1BH         LINE#         201
  C:0A1DH         LINE#         203
  C:0A1DH         LINE#         204
  C:0A23H         LINE#         205
  C:0A23H         LINE#         206
  C:0A26H         LINE#         207
  -------         ENDPROC       _LCD_SHOWHEXNUM
  -------         PROC          _LCD_SHOWBINNUM
  D:0007H         SYMBOL        Line
  D:0005H         SYMBOL        Column
  D:002DH         SYMBOL        Number
  D:002FH         SYMBOL        Length
  -------         DO            
  D:0002H         SYMBOL        i
  -------         ENDDO         
  C:0A27H         LINE#         217
  C:0A2BH         LINE#         218
  C:0A2BH         LINE#         220
  C:0A2EH         LINE#         221
  C:0A36H         LINE#         222
  C:0A36H         LINE#         223
  C:0A5BH         LINE#         224
  C:0A5EH         LINE#         225
  -------         ENDPROC       _LCD_SHOWBINNUM
  -------         ENDMOD        LCD1602

  -------         MODULE        TIMER0
  C:0000H         SYMBOL        _ICE_DUMMY_
  B:00A8H.7       PUBLIC        EA
  D:0089H         PUBLIC        TMOD
  B:00A8H.1       PUBLIC        ET0
  B:0088H.5       PUBLIC        TF0
  C:0AF0H         PUBLIC        Timer0Init
  D:008CH         PUBLIC        TH0
  D:008AH         PUBLIC        TL0
BL51 BANKED LINKER/LOCATER V6.22                                                      11/16/2025  20:08:11  PAGE 9


  B:00B8H.1       PUBLIC        PT0
  B:0088H.4       PUBLIC        TR0
  -------         PROC          TIMER0INIT
  C:0AF0H         LINE#         5
  C:0AF0H         LINE#         6
  C:0AF0H         LINE#         7
  C:0AF3H         LINE#         8
  C:0AF6H         LINE#         9
  C:0AF9H         LINE#         10
  C:0AFCH         LINE#         11
  C:0AFEH         LINE#         12
  C:0B00H         LINE#         13
  C:0B02H         LINE#         14
  C:0B04H         LINE#         15
  C:0B06H         LINE#         16
  -------         ENDPROC       TIMER0INIT
  -------         ENDMOD        TIMER0

  -------         MODULE        ?C?CLDOPTR
  C:0800H         PUBLIC        ?C?CLDOPTR
  -------         ENDMOD        ?C?CLDOPTR

  -------         MODULE        ?C?IMUL
  C:082DH         PUBLIC        ?C?IMUL
  -------         ENDMOD        ?C?IMUL

  -------         MODULE        ?C?UIDIV
  C:083FH         PUBLIC        ?C?UIDIV
  -------         ENDMOD        ?C?UIDIV

******************************************************************************
* RESTRICTED VERSION WITH 0800H BYTE CODE SIZE LIMIT; USED: 027BH BYTE (31%) *
******************************************************************************

Program Size: data=54.0 xdata=0 code=927
LINK/LOCATE RUN COMPLETE.  0 WARNING(S),  0 ERROR(S)
