C51 COMPILER V9.54   INT1                                                                  12/15/2025 19:30:22 PAGE 1   


C51 COMPILER V9.54, COMPILATION OF MODULE INT1
OBJECT MODULE PLACED IN .\Objects\int1.obj
COMPILER INVOKED BY: E:\Keil5 C51\Keil5 C51\C51\BIN\C51.EXE int1.c WARNINGLEVEL(0) OPTIMIZE(8,SPEED) BROWSE DEBUG OBJECT
                    -EXTEND PRINT(.\Listings\int1.lst) OBJECT(.\Objects\int1.obj)

line level    source

   1          #include <REGX52.H>
   2          
   3          void Int1_Init()
   4          {
   5   1          IT1 = 1;   // 设置为边沿触发方式
   6   1          EX1 = 1;   // 使能外部中断1
   7   1          EA  = 1;   // 全局中断使能
   8   1      }


MODULE INFORMATION:   STATIC OVERLAYABLE
   CODE SIZE        =      7    ----
   CONSTANT SIZE    =   ----    ----
   XDATA SIZE       =   ----    ----
   PDATA SIZE       =   ----    ----
   DATA SIZE        =   ----    ----
   IDATA SIZE       =   ----    ----
   BIT SIZE         =   ----    ----
END OF MODULE INFORMATION.


C51 COMPILATION COMPLETE.  0 WARNING(S),  0 ERROR(S)
