BL51 BANKED LINKER/LOCATER V6.22                                                        12/15/2025  19:30:22  PAGE 1


BL51 BANKED LINKER/LOCATER V6.22, INVOKED BY:
E:\KEIL5 C51\KEIL5 C51\C51\BIN\BL51.EXE .\Objects\main.obj, .\Objects\Timer0.obj, .\Objects\delay.obj, .\Objects\Switch0
>> 000.obj, .\Objects\int0.obj, .\Objects\int1.obj, .\Objects\888led.obj, .\Objects\RGB_LED.obj TO .\Objects\课程 PRINT 
>> (.\Listings\课程.m51) RAMSIZE (256) DISABLEWARNING (16)


MEMORY MODEL: SMALL


INPUT MODULES INCLUDED:
  .\Objects\main.obj (MAIN)
  .\Objects\Timer0.obj (TIMER0)
  .\Objects\delay.obj (DELAY)
  .\Objects\Switch0000.obj (SWITCH0000)
  .\Objects\int0.obj (INT0)
  .\Objects\int1.obj (INT1)
  .\Objects\888led.obj (888LED)
  .\Objects\RGB_LED.obj (RGB_LED)
  E:\KEIL5 C51\KEIL5 C51\C51\LIB\C51S.LIB (?C_STARTUP)
  E:\KEIL5 C51\KEIL5 C51\C51\LIB\C51S.LIB (?C_INIT)


LINK MAP OF MODULE:  .\Objects\课程 (MAIN)


            TYPE    BASE      LENGTH    RELOCATION   SEGMENT NAME
            -----------------------------------------------------

            * * * * * * *   D A T A   M E M O R Y   * * * * * * *
            REG     0000H     0008H     ABSOLUTE     "REG BANK 0"
            DATA    0008H     000DH     UNIT         ?DT?MAIN
            DATA    0015H     0003H     UNIT         ?DT?SWITCH0000
            DATA    0018H     0003H     UNIT         ?DT?888LED
            IDATA   001BH     0001H     UNIT         ?STACK

            * * * * * * *   C O D E   M E M O R Y   * * * * * * *
            CODE    0000H     0003H     ABSOLUTE     
            CODE    0003H     0003H     ABSOLUTE     
                    0006H     0005H                  *** GAP ***
            CODE    000BH     0003H     ABSOLUTE     
                    000EH     0005H                  *** GAP ***
            CODE    0013H     0003H     ABSOLUTE     
            CODE    0016H     00BBH     UNIT         ?PR?TIMER0_ROUTINE?MAIN
            CODE    00D1H     0091H     UNIT         ?PR?_RED_GREEN_LIGHT_STATE?RGB_LED
            CODE    0162H     008CH     UNIT         ?C_C51STARTUP
            CODE    01EEH     005BH     UNIT         ?PR?MAIN?MAIN
            CODE    0249H     004DH     UNIT         ?PR?INT0_ROUTINE?MAIN
            CODE    0296H     004DH     UNIT         ?PR?INT1_ROUTINE?MAIN
            CODE    02E3H     0041H     UNIT         ?PR?_RED_GREEN_LIGHT_STATE_MACHINE?RGB_LED
            CODE    0324H     001DH     UNIT         ?PR?_NIXIE?888LED
            CODE    0341H     0019H     UNIT         ?PR?SCAN_888LED?888LED
            CODE    035AH     0017H     UNIT         ?C_INITSEG
            CODE    0371H     0017H     UNIT         ?PR?TIMER0INIT?TIMER0
            CODE    0388H     0016H     UNIT         ?PR?SCAN_KEY?SWITCH0000
            CODE    039EH     0015H     UNIT         ?PR?_DELAY?DELAY
            CODE    03B3H     000CH     UNIT         ?PR?DETECTION_KEY?SWITCH0000
            CODE    03BFH     000CH     UNIT         ?PR?SWITCH0000?SWITCH0000
            CODE    03CBH     000CH     UNIT         ?CO?888LED
BL51 BANKED LINKER/LOCATER V6.22                                                      12/15/2025  19:30:22  PAGE 2


            CODE    03D7H     0009H     UNIT         ?PR?_SET_888LED?888LED
            CODE    03E0H     0007H     UNIT         ?PR?INT0_INIT?INT0
            CODE    03E7H     0007H     UNIT         ?PR?INT1_INIT?INT1



OVERLAY MAP OF MODULE:   .\Objects\课程 (MAIN)


SEGMENT
  +--> CALLED SEGMENT
---------------------
?PR?INT0_ROUTINE?MAIN
  +--> ?PR?_RED_GREEN_LIGHT_STATE_MACHINE?RG...

*** NEW ROOT ***************************************************

?PR?INT1_ROUTINE?MAIN
  +--> ?PR?_RED_GREEN_LIGHT_STATE_MACHINE?RG...

*** NEW ROOT ***************************************************

?PR?TIMER0_ROUTINE?MAIN
  +--> ?PR?SCAN_KEY?SWITCH0000
  +--> ?PR?SCAN_888LED?888LED

?PR?SCAN_KEY?SWITCH0000
  +--> ?PR?DETECTION_KEY?SWITCH0000

?PR?SCAN_888LED?888LED
  +--> ?PR?_NIXIE?888LED

?PR?_NIXIE?888LED
  +--> ?CO?888LED

*** NEW ROOT ***************************************************

?C_C51STARTUP
  +--> ?PR?MAIN?MAIN
  +--> ?C_INITSEG

?PR?MAIN?MAIN
  +--> ?PR?TIMER0INIT?TIMER0
  +--> ?PR?INT0_INIT?INT0
  +--> ?PR?INT1_INIT?INT1
  +--> ?PR?_SET_888LED?888LED
  +--> ?PR?_RED_GREEN_LIGHT_STATE_MACHINE?RG...
  +--> ?PR?_RED_GREEN_LIGHT_STATE?RGB_LED
  +--> ?PR?SWITCH0000?SWITCH0000



SYMBOL TABLE OF MODULE:  .\Objects\课程 (MAIN)

  VALUE           TYPE          NAME
  ----------------------------------

BL51 BANKED LINKER/LOCATER V6.22                                                      12/15/2025  19:30:22  PAGE 3


  -------         MODULE        MAIN
  C:0000H         SYMBOL        _ICE_DUMMY_
  C:0016H         PUBLIC        Timer0_Routine
  D:0010H         PUBLIC        Pulse
  D:0011H         PUBLIC        Time
  D:0012H         PUBLIC        keynum
  D:0013H         PUBLIC        Emergency
  C:01EEH         PUBLIC        main
  C:0249H         PUBLIC        Int0_Routine
  C:0296H         PUBLIC        Int1_Routine
  D:008CH         PUBLIC        TH0
  D:008AH         PUBLIC        TL0
  D:0014H         PUBLIC        Code
  -------         PROC          MAIN
  C:01EEH         LINE#         16
  C:01EEH         LINE#         18
  C:01F1H         LINE#         20
  C:01F4H         LINE#         21
  C:01F7H         LINE#         23
  C:01F7H         LINE#         24
  C:01F7H         LINE#         26
  C:01FBH         LINE#         27
  C:0202H         LINE#         28
  C:0204H         LINE#         29
  C:0206H         LINE#         30
  C:0206H         LINE#         31
  C:0212H         LINE#         32
  C:021FH         LINE#         33
  C:021FH         LINE#         36
  C:0224H         LINE#         38
  C:0229H         LINE#         41
  C:022EH         LINE#         43
  C:0232H         LINE#         44
  C:0237H         LINE#         45
  C:023AH         LINE#         46
  C:023FH         LINE#         47
  C:0241H         LINE#         48
  C:0244H         LINE#         49
  C:0247H         LINE#         50
  C:0247H         LINE#         51
  C:0247H         LINE#         53
  -------         ENDPROC       MAIN
  -------         PROC          INT0_ROUTINE
  C:0249H         LINE#         58
  C:0266H         LINE#         60
  C:026BH         LINE#         61
  C:026EH         LINE#         62
  C:0273H         LINE#         63
  C:0275H         LINE#         64
  C:0278H         LINE#         65
  C:027BH         LINE#         66
  C:027BH         LINE#         67
  -------         ENDPROC       INT0_ROUTINE
  -------         PROC          INT1_ROUTINE
  C:0296H         LINE#         70
  C:02B3H         LINE#         72
  C:02B8H         LINE#         73
BL51 BANKED LINKER/LOCATER V6.22                                                      12/15/2025  19:30:22  PAGE 4


  C:02BBH         LINE#         74
  C:02C0H         LINE#         75
  C:02C2H         LINE#         76
  C:02C5H         LINE#         77
  C:02C8H         LINE#         78
  C:02C8H         LINE#         79
  -------         ENDPROC       INT1_ROUTINE
  -------         PROC          TIMER0_ROUTINE
  -------         DO            
  D:0008H         SYMBOL        T0Count
  D:000AH         SYMBOL        T0Count1
  D:000CH         SYMBOL        T0Count2
  D:000EH         SYMBOL        T0Count3
  -------         ENDDO         
  C:0016H         LINE#         82
  C:0033H         LINE#         86
  C:0036H         LINE#         87
  C:0039H         LINE#         88
  C:0041H         LINE#         89
  C:0049H         LINE#         90
  C:0051H         LINE#         91
  C:0059H         LINE#         92
  C:0064H         LINE#         93
  C:0064H         LINE#         94
  C:006AH         LINE#         95
  C:006DH         LINE#         96
  C:006DH         LINE#         97
  C:0078H         LINE#         98
  C:0078H         LINE#         99
  C:007EH         LINE#         100
  C:0081H         LINE#         101
  C:0081H         LINE#         102
  C:008CH         LINE#         103
  C:008CH         LINE#         104
  C:0092H         LINE#         105
  C:0096H         LINE#         106
  C:0098H         LINE#         107
  C:0098H         LINE#         108
  C:009FH         LINE#         109
  C:00A2H         LINE#         110
  C:00A2H         LINE#         111
  C:00A2H         LINE#         112
  C:00ADH         LINE#         113
  C:00ADH         LINE#         114
  C:00B3H         LINE#         115
  C:00B6H         LINE#         116
  C:00B6H         LINE#         117
  -------         ENDPROC       TIMER0_ROUTINE
  -------         ENDMOD        MAIN

  -------         MODULE        TIMER0
  C:0000H         SYMBOL        _ICE_DUMMY_
  B:00A8H.7       PUBLIC        EA
  D:0089H         PUBLIC        TMOD
  B:00A8H.1       PUBLIC        ET0
  B:0088H.5       PUBLIC        TF0
  C:0371H         PUBLIC        Timer0Init
BL51 BANKED LINKER/LOCATER V6.22                                                      12/15/2025  19:30:22  PAGE 5


  D:008CH         PUBLIC        TH0
  D:008AH         PUBLIC        TL0
  B:00B8H.1       PUBLIC        PT0
  B:0088H.4       PUBLIC        TR0
  -------         PROC          TIMER0INIT
  C:0371H         LINE#         6
  C:0371H         LINE#         7
  C:0371H         LINE#         8
  C:0374H         LINE#         9
  C:0377H         LINE#         10
  C:037AH         LINE#         11
  C:037DH         LINE#         12
  C:037FH         LINE#         13
  C:0381H         LINE#         14
  C:0383H         LINE#         15
  C:0385H         LINE#         16
  C:0387H         LINE#         17
  -------         ENDPROC       TIMER0INIT
  -------         ENDMOD        TIMER0

  -------         MODULE        DELAY
  C:0000H         SYMBOL        _ICE_DUMMY_
  C:039EH         PUBLIC        _delay
  -------         PROC          _DELAY
  D:0006H         SYMBOL        xms
  -------         DO            
  D:0005H         SYMBOL        i
  D:0004H         SYMBOL        j
  -------         ENDDO         
  C:039EH         LINE#         5
  C:039EH         LINE#         7
  C:03A8H         LINE#         8
  C:03AAH         LINE#         9
  C:03ACH         LINE#         10
  C:03ACH         LINE#         11
  C:03AEH         LINE#         12
  C:03B0H         LINE#         13
  C:03B2H         LINE#         14
  -------         ENDPROC       _DELAY
  -------         ENDMOD        DELAY

  -------         MODULE        SWITCH0000
  C:0000H         SYMBOL        _ICE_DUMMY_
  B:00B0H.4       PUBLIC        P3_4
  B:00B0H.5       PUBLIC        P3_5
  C:0388H         PUBLIC        Scan_key
  C:03B3H         PUBLIC        Detection_key
  C:03BFH         PUBLIC        switch0000
  D:0017H         PUBLIC        middle
  -------         PROC          DETECTION_KEY
  -------         DO            
  D:0007H         SYMBOL        KeyNumber
  -------         ENDDO         
  C:03B3H         LINE#         8
  C:03B3H         LINE#         9
  C:03B3H         LINE#         10
  C:03B5H         LINE#         12
BL51 BANKED LINKER/LOCATER V6.22                                                      12/15/2025  19:30:22  PAGE 6


  C:03B9H         LINE#         13
  C:03BEH         LINE#         15
  C:03BEH         LINE#         16
  -------         ENDPROC       DETECTION_KEY
  -------         PROC          SCAN_KEY
  -------         DO            
  D:0015H         SYMBOL        oldnum
  D:0016H         SYMBOL        newnum
  -------         ENDDO         
  C:0388H         LINE#         19
  C:0388H         LINE#         21
  C:038BH         LINE#         22
  C:0390H         LINE#         23
  C:039DH         LINE#         24
  -------         ENDPROC       SCAN_KEY
  -------         PROC          SWITCH0000
  -------         DO            
  D:0007H         SYMBOL        tem
  -------         ENDDO         
  C:03BFH         LINE#         27
  C:03BFH         LINE#         28
  C:03C1H         LINE#         29
  C:03C5H         LINE#         30
  C:03C6H         LINE#         31
  C:03C9H         LINE#         32
  C:03CAH         LINE#         33
  C:03CAH         LINE#         34
  C:03CAH         LINE#         35
  -------         ENDPROC       SWITCH0000
  -------         ENDMOD        SWITCH0000

  -------         MODULE        INT0
  C:0000H         SYMBOL        _ICE_DUMMY_
  B:00A8H.7       PUBLIC        EA
  B:00A8H.0       PUBLIC        EX0
  B:0088H.0       PUBLIC        IT0
  C:03E0H         PUBLIC        Int0_Init
  -------         PROC          INT0_INIT
  C:03E0H         LINE#         3
  C:03E0H         LINE#         4
  C:03E0H         LINE#         5
  C:03E2H         LINE#         6
  C:03E4H         LINE#         7
  C:03E6H         LINE#         8
  -------         ENDPROC       INT0_INIT
  -------         ENDMOD        INT0

  -------         MODULE        INT1
  C:0000H         SYMBOL        _ICE_DUMMY_
  B:00A8H.7       PUBLIC        EA
  B:00A8H.2       PUBLIC        EX1
  B:0088H.2       PUBLIC        IT1
  C:03E7H         PUBLIC        Int1_Init
  -------         PROC          INT1_INIT
  C:03E7H         LINE#         3
  C:03E7H         LINE#         4
  C:03E7H         LINE#         5
BL51 BANKED LINKER/LOCATER V6.22                                                      12/15/2025  19:30:22  PAGE 7


  C:03E9H         LINE#         6
  C:03EBH         LINE#         7
  C:03EDH         LINE#         8
  -------         ENDPROC       INT1_INIT
  -------         ENDMOD        INT1

  -------         MODULE        888LED
  C:0000H         SYMBOL        _ICE_DUMMY_
  C:0324H         PUBLIC        _Nixie
  D:0080H         PUBLIC        P0
  B:00A0H.0       PUBLIC        P2_0
  B:00A0H.1       PUBLIC        P2_1
  C:0341H         PUBLIC        Scan_888led
  C:03CBH         PUBLIC        leddata
  D:0019H         PUBLIC        code_888led
  C:03D7H         PUBLIC        _Set_888led
  -------         PROC          _NIXIE
  D:0007H         SYMBOL        Location
  D:0005H         SYMBOL        Number
  C:0324H         LINE#         28
  C:0324H         LINE#         29
  C:0327H         LINE#         30
  C:032FH         LINE#         31
  C:032FH         LINE#         32
  C:0335H         LINE#         33
  C:0339H         LINE#         34
  C:0339H         LINE#         36
  C:0340H         LINE#         37
  -------         ENDPROC       _NIXIE
  -------         PROC          SCAN_888LED
  -------         DO            
  D:0018H         SYMBOL        number
  -------         ENDDO         
  C:0341H         LINE#         47
  C:0341H         LINE#         49
  C:0344H         LINE#         51
  C:0352H         LINE#         53
  C:0359H         LINE#         54
  -------         ENDPROC       SCAN_888LED
  -------         PROC          _SET_888LED
  D:0007H         SYMBOL        Location
  D:0004H         SYMBOL        Number
  C:03D7H         LINE#         63
  C:03D7H         LINE#         64
  C:03DFH         LINE#         65
  -------         ENDPROC       _SET_888LED
  -------         ENDMOD        888LED

  -------         MODULE        RGB_LED
  C:0000H         SYMBOL        _ICE_DUMMY_
  D:0090H         PUBLIC        P1
  B:0090H.5       PUBLIC        East_Red_Led
  B:0090H.2       PUBLIC        South_Red_Led
  C:00D1H         PUBLIC        _Red_Green_Light_State
  C:02E3H         PUBLIC        _Red_Green_Light_State_Machine
  B:0090H.3       PUBLIC        East_Green_Led
  B:0090H.0       PUBLIC        South_Green_Led
BL51 BANKED LINKER/LOCATER V6.22                                                      12/15/2025  19:30:22  PAGE 8


  B:0090H.4       PUBLIC        East_Yellow_Led
  B:0090H.1       PUBLIC        South_Yellow_Led
  -------         PROC          _RED_GREEN_LIGHT_STATE
  D:0007H         SYMBOL        state
  C:00D1H         LINE#         28
  C:00D1H         LINE#         29
  C:00FCH         LINE#         30
  C:00FCH         LINE#         31
  C:00FEH         LINE#         32
  C:0100H         LINE#         33
  C:0100H         LINE#         34
  C:0100H         LINE#         35
  C:0100H         LINE#         36
  C:0100H         LINE#         37
  C:0102H         LINE#         38
  C:0102H         LINE#         39
  C:0104H         LINE#         40
  C:010AH         LINE#         41
  C:010CH         LINE#         42
  C:010CH         LINE#         43
  C:010CH         LINE#         44
  C:010CH         LINE#         45
  C:010EH         LINE#         46
  C:010EH         LINE#         47
  C:0110H         LINE#         48
  C:0112H         LINE#         49
  C:0114H         LINE#         50
  C:0116H         LINE#         51
  C:0116H         LINE#         52
  C:0116H         LINE#         53
  C:0118H         LINE#         54
  C:0118H         LINE#         55
  C:011AH         LINE#         56
  C:011CH         LINE#         57
  C:011EH         LINE#         58
  C:0120H         LINE#         59
  C:0120H         LINE#         60
  C:0120H         LINE#         61
  C:0122H         LINE#         62
  C:0122H         LINE#         63
  C:0124H         LINE#         64
  C:0126H         LINE#         65
  C:0128H         LINE#         66
  C:012AH         LINE#         67
  C:0130H         LINE#         68
  C:0132H         LINE#         69
  C:0133H         LINE#         70
  C:0133H         LINE#         71
  C:0135H         LINE#         72
  C:0137H         LINE#         73
  C:0139H         LINE#         74
  C:0139H         LINE#         75
  C:0139H         LINE#         76
  C:0139H         LINE#         77
  C:013BH         LINE#         78
  C:013BH         LINE#         79
  C:013DH         LINE#         80
BL51 BANKED LINKER/LOCATER V6.22                                                      12/15/2025  19:30:22  PAGE 9


  C:013FH         LINE#         81
  C:0141H         LINE#         82
  C:0143H         LINE#         83
  C:0145H         LINE#         84
  C:0147H         LINE#         85
  C:0148H         LINE#         86
  C:0148H         LINE#         87
  C:014AH         LINE#         88
  C:014CH         LINE#         89
  C:014EH         LINE#         90
  C:0150H         LINE#         91
  C:0152H         LINE#         92
  C:0154H         LINE#         93
  C:0155H         LINE#         94
  C:0155H         LINE#         95
  C:0157H         LINE#         96
  C:0159H         LINE#         97
  C:015BH         LINE#         98
  C:015DH         LINE#         99
  C:015FH         LINE#         100
  C:0161H         LINE#         101
  C:0161H         LINE#         102
  -------         ENDPROC       _RED_GREEN_LIGHT_STATE
  -------         PROC          _RED_GREEN_LIGHT_STATE_MACHINE
  D:0007H         SYMBOL        Time
  C:02E3H         LINE#         106
  C:02E3H         LINE#         107
  C:02E7H         LINE#         108
  C:02EDH         LINE#         109
  C:02F0H         LINE#         110
  C:02F1H         LINE#         111
  C:02F7H         LINE#         112
  C:02FAH         LINE#         113
  C:02FBH         LINE#         114
  C:0301H         LINE#         115
  C:0304H         LINE#         116
  C:0305H         LINE#         117
  C:030BH         LINE#         118
  C:030EH         LINE#         119
  C:030FH         LINE#         120
  C:0315H         LINE#         121
  C:0318H         LINE#         122
  C:0319H         LINE#         123
  C:031FH         LINE#         124
  C:0322H         LINE#         125
  C:0323H         LINE#         126
  C:0323H         LINE#         127
  C:0323H         LINE#         128
  C:0323H         LINE#         129
  C:0323H         LINE#         130
  -------         ENDPROC       _RED_GREEN_LIGHT_STATE_MACHINE
  -------         ENDMOD        RGB_LED

Program Size: data=28.0 xdata=0 code=996
LINK/LOCATE RUN COMPLETE.  0 WARNING(S),  0 ERROR(S)
