C51 COMPILER V9.54   MAIN                                                                  11/06/2025 22:29:19 PAGE 1   


C51 COMPILER V9.54, COMPILATION OF MODULE MAIN
OBJECT MODULE PLACED IN .\Objects\main.obj
COMPILER INVOKED BY: E:\Keil5 C51\Keil5 C51\C51\BIN\C51.EXE main.c OPTIMIZE(8,SPEED) BROWSE DEBUG OBJECTEXTEND PRINT(.\L
                    -istings\main.lst) TABS(2) OBJECT(.\Objects\main.obj)

line level    source

   1          #include <REGX52.H> 
   2          #include <INTRINS.H> 
   3          
   4          #include <DELAY.H>
   5          #include <TIMER0.H>
   6          
   7          //这个参数调整播放速度
   8          #define sheep  250
   9          
  10          //定义宏，方便后续写谱
  11          #define P    0
  12          #define L1   1
  13          #define L1_  2
  14          #define L2   3
  15          #define L2_  4
  16          #define L3   5
  17          #define L4   6
  18          #define L4_  7
  19          #define L5   8
  20          #define L5_  9
  21          #define L6  10
  22          #define L6_ 11
  23          #define L7  12
  24          #define M1  13
  25          #define M1_ 14
  26          #define M2  15
  27          #define M2_ 16
  28          #define M3  17
  29          #define M4  18
  30          #define M4_ 19
  31          #define M5  20
  32          #define M5_ 21
  33          #define M6  22
  34          #define M6_ 23
  35          #define M7  24
  36          #define H1  25
  37          #define H1_ 26
  38          #define H2  27
  39          #define H2_ 28
  40          #define H3  29
  41          #define H4  30
  42          #define H4_ 31
  43          #define H5  32
  44          #define H5_ 33
  45          #define H6  34
  46          #define H6_ 35
  47          #define H7  36
  48          
  49          //每次取反的时间
  50          unsigned int music_HZ_time=0;
  51          //蜂鸣器的引脚
  52          sbit music_BZ=P2^5;
  53          //用来存储不同音符的数组
  54          unsigned int HZ_music_Array[]={
C51 COMPILER V9.54   MAIN                                                                  11/06/2025 22:29:19 PAGE 2   

  55            0,  //无声音符
  56            63627,63730,63834,63927,64020,64102,64184,64259,64330,64399,64462,64523,  //低音12=L1+L1_+L2+L2_+L3+L4+
             -L4_+L5+L5_+L6+L6_+L7
  57            64579,64632,64683,64731,64776,64819,64859,64897,64933,64967,64999,65029,  //中音12
  58            65057,65084,65109,65133,65156,65177,65197,65216,65234,65251,65267,65282,  //高音12
  59          };
  60          //数组索引号（全局）
  61          unsigned char music_Index=0;
  62          
  63          //乐谱数组，奇数位是音符，偶数位是时长，记得用0xff结尾
  64          unsigned char code Sheet_music[]={
  65            P,4,
  66            P,4,
  67            P,4,
  68            M6,2,
  69            M7,2,
  70            
  71            H1,4+2,
  72            M7,2,
  73            H1,4,
  74            H3,4,
  75            
  76            M7,4+4+4,
  77            M3,2,
  78            M3,2,
  79            
  80            M6,4+2,
  81            M5,2,
  82            M6,4,
  83            H1,4,
  84            M5,4+4+4,
  85            M3,4,
  86            
  87            M4,6+2,
  88            M3,2,
  89            M4,4,
  90            H1,4,
  91            
  92            M3,4+4,
  93            P,2,
  94            H1,2,
  95            H1,2,
  96            H1,2,
  97            
  98            M7,4+2,
  99            M4_,2,
 100            M4_,4,
 101            M7,4,
 102            
 103            M7,4+4,
 104            P,4,
 105            M6,2,
 106            M7,2,
 107            
 108            H1,4+2,
 109            M7,2,
 110            H1,4,
 111            H3,4,
 112            
 113            M7,4+4+4,
 114            M3,2,
 115            M3,2,
C51 COMPILER V9.54   MAIN                                                                  11/06/2025 22:29:19 PAGE 3   

 116            
 117            M6,4+2,
 118            M5,2,
 119            M6,4,
 120            H1,4,
 121            
 122            M5,4+4+4,
 123            M2,2,
 124            M3,2,
 125            
 126            M4,4,
 127            H1,2,
 128            M7,2+2,
 129            H1,2+2,
 130          
 131            H2,2,
 132            H2,2,
 133            H3,2,
 134            H1,2+2+4,
 135            
 136            H1,2,
 137            M7,2,
 138            M6,2,
 139            M6,2,
 140            M7,4,
 141            M5,4,
 142            
 143            M6,4+4+4,
 144            H1,2,
 145            H2,2,
 146            
 147            H3,4+2,
 148            H2,2,
 149            H3,4,
 150            H5,4,
 151            
 152            H2,4+4+4,
 153            M5,2,
 154            M5,2,
 155            
 156            H1,4+2,
 157            M7,2,
 158            H1,4,
 159            H3,4,
 160            H3,4+4+4+4,
 161            
 162            M6,2,
 163            M7,2,
 164            H1,4,
 165            M7,4,
 166            H2,2,
 167            H2,2,
 168            
 169            H1,4+2,
 170            M5,2+4+4,
 171            
 172            H4,4,
 173            H3,4,
 174            H2,4,
 175            H1,4,
 176            
 177            H3,4+4+4,
C51 COMPILER V9.54   MAIN                                                                  11/06/2025 22:29:19 PAGE 4   

 178            H3,4,
 179            
 180            H6,4+4,
 181            H5,4,
 182            H5,4,
 183            
 184            H3,2,
 185            H2,2,
 186            H1,4+4,
 187            P,2,
 188            H1,2,
 189            
 190            H2,4,
 191            H1,2,
 192            H2,2,
 193            H2,4,
 194            H5,4,
 195            
 196            H3,4+4+4,
 197            H3,4,
 198            
 199            H6,4+4,
 200            H5,4+4,
 201            
 202            H3,2,
 203            H2,2,
 204            H1,4+4,
 205            P,2,
 206            H1,2,
 207            
 208            H2,4,
 209            H1,2,
 210            H2,2+4,
 211            M7,4,
 212            
 213            M6,4+4+4,
 214            M6,2,
 215            M7,2,
 216            
 217            0xff
 218          };
 219          
 220          
 221          void main(){
 222   1        Timer0Init();//中断初始化
 223   1        while(1){
 224   2          if(Sheet_music[music_Index]!=0xff){
 225   3            music_HZ_time=HZ_music_Array[Sheet_music[music_Index]];
 226   3            music_Index++;
 227   3            delay(sheep*Sheet_music[music_Index]);
 228   3            music_Index++;
 229   3            TR0 = 0;
 230   3            delay(7);
 231   3            TR0 = 1;
 232   3          }
 233   2          else{
 234   3            music_Index=0;
 235   3            TR0 = 0;
 236   3            delay(7);
 237   3            TR0 = 1;
 238   3          }
 239   2        }
C51 COMPILER V9.54   MAIN                                                                  11/06/2025 22:29:19 PAGE 5   

 240   1      }
 241          
 242          
 243          //中断函数，读取通断蜂鸣器时间来控制频率
 244          void Timer0_Routine() interrupt 1
 245          {
 246   1        TH0=music_HZ_time/256;  //取64535高八位
 247   1        TL0=music_HZ_time%256;  //取64535低八位
 248   1        if(music_HZ_time){
 249   2          music_BZ=~music_BZ;
 250   2        }
 251   1        else{
 252   2          music_BZ=0;
 253   2        }
 254   1      }


MODULE INFORMATION:   STATIC OVERLAYABLE
   CODE SIZE        =     95    ----
   CONSTANT SIZE    =    243    ----
   XDATA SIZE       =   ----    ----
   PDATA SIZE       =   ----    ----
   DATA SIZE        =     77    ----
   IDATA SIZE       =   ----    ----
   BIT SIZE         =   ----    ----
END OF MODULE INFORMATION.


C51 COMPILATION COMPLETE.  0 WARNING(S),  0 ERROR(S)
