C51 COMPILER V9.54   DS1302_TIME                                                           11/03/2025 21:05:29 PAGE 1   


C51 COMPILER V9.54, COMPILATION OF MODULE DS1302_TIME
OBJECT MODULE PLACED IN .\Objects\DS1302_time.obj
COMPILER INVOKED BY: E:\Keil5 C51\Keil5 C51\C51\BIN\C51.EXE DS1302_time.c OPTIMIZE(8,SPEED) BROWSE DEBUG OBJECTEXTEND PR
                    -INT(.\Listings\DS1302_time.lst) TABS(2) OBJECT(.\Objects\DS1302_time.obj)

line level    source

   1          #include <REGX52.H>
   2          
   3          sbit DS1302_IO=P3^4;
   4          sbit DS1302_CE=P3^5;
   5          sbit DS1302_SCLK=P3^6;
   6          
   7          
   8          //初始化复位寄存器函数
   9          void init_DS1302(){
  10   1        DS1302_CE=0;DS1302_IO=0;DS1302_SCLK=0;
  11   1      }
  12          
  13          //写入时间
  14          void write_DS1302(unsigned char Byte,unsigned char time){
  15   1        unsigned char i,time_bcd;
  16   1        time_bcd=(time/10*16)+time%10;//转化bcd格式
  17   1        init_DS1302();//初始化复位寄存器
  18   1        
  19   1        //向ds1302发送一段数据表明要写在哪里
  20   1        DS1302_CE=1;
  21   1        for(i=0;i<8;i++){
  22   2          DS1302_IO=Byte&(0x01<<i);
  23   2          DS1302_SCLK=0;DS1302_SCLK=1;
  24   2        }
  25   1        //开始写入
  26   1        for(i=0;i<8;i++){
  27   2          DS1302_IO=time_bcd&(0x01<<i);
  28   2          DS1302_SCLK=0;DS1302_SCLK=1;
  29   2        }
  30   1        
  31   1        init_DS1302();//初始化复位寄存器
  32   1      }
  33          
  34          
  35          //读出时间
  36          unsigned char read_DS1302(unsigned char Byte){
  37   1        unsigned char i,time=0;
  38   1        init_DS1302();//初始化复位寄存器
  39   1        
  40   1        //向ds1302发送一段数据表明要读取哪些
  41   1        DS1302_CE=1;
  42   1        for(i=0;i<8;i++){
  43   2          DS1302_IO=Byte&(0x01<<i);
  44   2          DS1302_SCLK=0;DS1302_SCLK=1;
  45   2        }
  46   1        
  47   1        //开始读取
  48   1        for(i=0;i<8;i++){
  49   2          DS1302_SCLK=1;DS1302_SCLK=0;
  50   2          if(DS1302_IO){time|=0x01<<i;}
  51   2        }
  52   1        
  53   1        init_DS1302();//初始化复位寄存器
  54   1        return time;
C51 COMPILER V9.54   DS1302_TIME                                                           11/03/2025 21:05:29 PAGE 2   

  55   1      }
  56          
  57          
  58          
  59          
  60          
  61          //  DS1302_CE=0;DS1302_IO=0;DS1302_SCLK=0;
  62          //  
  63          //  DS1302_CE=1;
  64          //  
  65          //  DS1302_IO=0;DS1302_SCLK=0;DS1302_SCLK=1; //8
  66          //  DS1302_IO=1;DS1302_SCLK=0;DS1302_SCLK=1; //7
  67          //  DS1302_IO=1;DS1302_SCLK=0;DS1302_SCLK=1; //6
  68          //  DS1302_IO=1;DS1302_SCLK=0;DS1302_SCLK=1; //5
  69          //  DS1302_IO=0;DS1302_SCLK=0;DS1302_SCLK=1; //4
  70          //  DS1302_IO=0;DS1302_SCLK=0;DS1302_SCLK=1; //3
  71          //  DS1302_IO=0;DS1302_SCLK=0;DS1302_SCLK=1; //2
  72          //  DS1302_IO=1;DS1302_SCLK=0;DS1302_SCLK=1; //1
  73          //  
  74          //  
  75          //  DS1302_IO=0;DS1302_SCLK=0;DS1302_SCLK=1; //8
  76          //  DS1302_IO=0;DS1302_SCLK=0;DS1302_SCLK=1; //7
  77          //  DS1302_IO=0;DS1302_SCLK=0;DS1302_SCLK=1; //6
  78          //  DS1302_IO=0;DS1302_SCLK=0;DS1302_SCLK=1; //5
  79          //  DS1302_IO=0;DS1302_SCLK=0;DS1302_SCLK=1; //4
  80          //  DS1302_IO=0;DS1302_SCLK=0;DS1302_SCLK=1; //3
  81          //  DS1302_IO=0;DS1302_SCLK=0;DS1302_SCLK=1; //2
  82          //  DS1302_IO=0;DS1302_SCLK=0;DS1302_SCLK=1; //1
  83          //  


MODULE INFORMATION:   STATIC OVERLAYABLE
   CODE SIZE        =    184    ----
   CONSTANT SIZE    =   ----    ----
   XDATA SIZE       =   ----    ----
   PDATA SIZE       =   ----    ----
   DATA SIZE        =   ----    ----
   IDATA SIZE       =   ----    ----
   BIT SIZE         =   ----    ----
END OF MODULE INFORMATION.


C51 COMPILATION COMPLETE.  0 WARNING(S),  0 ERROR(S)
