C51 COMPILER V9.54   MAIN                                                                  11/02/2025 20:42:44 PAGE 1   


C51 COMPILER V9.54, COMPILATION OF MODULE MAIN
OBJECT MODULE PLACED IN .\Objects\main.obj
COMPILER INVOKED BY: E:\Keil5 C51\Keil5 C51\C51\BIN\C51.EXE main.c OPTIMIZE(8,SPEED) BROWSE DEBUG OBJECTEXTEND PRINT(.\L
                    -istings\main.lst) TABS(2) OBJECT(.\Objects\main.obj)

line level    source

   1          #include <REGX52.H>
   2          #include <INTRINS.H>
   3          
   4          #include <LCD1602.H>
   5          #include <DELAY.H>
   6          
   7          #include <DS1302_time.H>
   8          
   9          
  10          void  main(){
  11   1        unsigned char time;
  12   1        LCD_Init();
  13   1        while(1){
  14   2          time=0;
  15   2          time=read_DS1302(0x81);
  16   2          LCD_ShowNum(1,9,(time/16*10+time%16),2); //bcd代码转10进制输出
  17   2        }
  18   1      }
  19          
  20          
  21          
  22          
  23          
  24          
  25          
  26          
  27          
  28          ////写入时间
  29          //void write_DS1302(){
  30          //  DS1302_CE=1;
  31          //  DS1302_IO=0;DS1302_SCLK=1;DS1302_SCLK=0; //8
  32          //  DS1302_IO=1;DS1302_SCLK=1;DS1302_SCLK=0; //7
  33          //  DS1302_IO=0;DS1302_SCLK=1;DS1302_SCLK=0; //6
  34          //  DS1302_IO=0;DS1302_SCLK=1;DS1302_SCLK=0; //5
  35          //  DS1302_IO=0;DS1302_SCLK=1;DS1302_SCLK=0; //4
  36          //  DS1302_IO=0;DS1302_SCLK=1;DS1302_SCLK=0; //3
  37          //  DS1302_IO=0;DS1302_SCLK=1;DS1302_SCLK=0; //2
  38          //  DS1302_IO=1;DS1302_SCLK=1;DS1302_SCLK=0; //1
  39          //  
  40          //  delay(30);
  41          //  DS1302_IO=0;DS1302_SCLK=1;DS1302_SCLK=0;delay(30); //8
  42          //  DS1302_IO=0;DS1302_SCLK=1;DS1302_SCLK=0;delay(30); //7
  43          //  DS1302_IO=0;DS1302_SCLK=1;DS1302_SCLK=0;delay(30); //6
  44          //  DS1302_IO=0;DS1302_SCLK=1;DS1302_SCLK=0;delay(30); //5
  45          //  DS1302_IO=0;DS1302_SCLK=1;DS1302_SCLK=0;delay(30); //4
  46          //  DS1302_IO=1;DS1302_SCLK=1;DS1302_SCLK=0;delay(30); //3
  47          //  DS1302_IO=1;DS1302_SCLK=1;DS1302_SCLK=0;delay(30); //2
  48          //  DS1302_IO=1;DS1302_SCLK=1;DS1302_SCLK=0;delay(30); //1
  49          //  DS1302_CE=0;
  50          //}


MODULE INFORMATION:   STATIC OVERLAYABLE
   CODE SIZE        =     47    ----
C51 COMPILER V9.54   MAIN                                                                  11/02/2025 20:42:44 PAGE 2   

   CONSTANT SIZE    =   ----    ----
   XDATA SIZE       =   ----    ----
   PDATA SIZE       =   ----    ----
   DATA SIZE        =   ----       1
   IDATA SIZE       =   ----    ----
   BIT SIZE         =   ----    ----
END OF MODULE INFORMATION.


C51 COMPILATION COMPLETE.  0 WARNING(S),  0 ERROR(S)
