C51 COMPILER V9.54   MAIN                                                                  11/02/2025 20:17:48 PAGE 1   


C51 COMPILER V9.54, COMPILATION OF MODULE MAIN
OBJECT MODULE PLACED IN .\Objects\main.obj
COMPILER INVOKED BY: E:\Keil5 C51\Keil5 C51\C51\BIN\C51.EXE main.c OPTIMIZE(8,SPEED) BROWSE DEBUG OBJECTEXTEND PRINT(.\L
                    -istings\main.lst) TABS(2) OBJECT(.\Objects\main.obj)

line level    source

   1          #include <REGX52.H>
   2          #include <INTRINS.H>
   3          
   4          #include <LCD1602.H>
   5          #include <DELAY.H>
   6          
   7          sbit DS1302_IO=P3^4;
   8          sbit DS1302_CE=P3^5;
   9          sbit DS1302_SCLK=P3^6;
  10          
  11          ////写入时间
  12          //void write_DS1302(){
  13          //  DS1302_CE=1;
  14          //  DS1302_IO=0;DS1302_SCLK=1;DS1302_SCLK=0; //8
  15          //  DS1302_IO=1;DS1302_SCLK=1;DS1302_SCLK=0; //7
  16          //  DS1302_IO=0;DS1302_SCLK=1;DS1302_SCLK=0; //6
  17          //  DS1302_IO=0;DS1302_SCLK=1;DS1302_SCLK=0; //5
  18          //  DS1302_IO=0;DS1302_SCLK=1;DS1302_SCLK=0; //4
  19          //  DS1302_IO=0;DS1302_SCLK=1;DS1302_SCLK=0; //3
  20          //  DS1302_IO=0;DS1302_SCLK=1;DS1302_SCLK=0; //2
  21          //  DS1302_IO=1;DS1302_SCLK=1;DS1302_SCLK=0; //1
  22          //  
  23          //  delay(30);
  24          //  DS1302_IO=0;DS1302_SCLK=1;DS1302_SCLK=0;delay(30); //8
  25          //  DS1302_IO=0;DS1302_SCLK=1;DS1302_SCLK=0;delay(30); //7
  26          //  DS1302_IO=0;DS1302_SCLK=1;DS1302_SCLK=0;delay(30); //6
  27          //  DS1302_IO=0;DS1302_SCLK=1;DS1302_SCLK=0;delay(30); //5
  28          //  DS1302_IO=0;DS1302_SCLK=1;DS1302_SCLK=0;delay(30); //4
  29          //  DS1302_IO=1;DS1302_SCLK=1;DS1302_SCLK=0;delay(30); //3
  30          //  DS1302_IO=1;DS1302_SCLK=1;DS1302_SCLK=0;delay(30); //2
  31          //  DS1302_IO=1;DS1302_SCLK=1;DS1302_SCLK=0;delay(30); //1
  32          //  DS1302_CE=0;
  33          //}
  34          
  35          
  36          
  37          //读出时间
  38          unsigned char read_DS1302(){
  39   1        unsigned char time=0;
  40   1        DS1302_IO=0;
  41   1        time=0;
  42   1        DS1302_SCLK=0;
  43   1        DS1302_CE=1;
  44   1        DS1302_IO=1;DS1302_SCLK=0;DS1302_SCLK=1; //8
  45   1        DS1302_IO=0;DS1302_SCLK=0;DS1302_SCLK=1; //7
  46   1        DS1302_IO=0;DS1302_SCLK=0;DS1302_SCLK=1; //6
  47   1        DS1302_IO=0;DS1302_SCLK=0;DS1302_SCLK=1; //5
  48   1        DS1302_IO=0;DS1302_SCLK=0;DS1302_SCLK=1; //4
  49   1        DS1302_IO=0;DS1302_SCLK=0;DS1302_SCLK=1; //3
  50   1        DS1302_IO=0;DS1302_SCLK=0;DS1302_SCLK=1; //2
  51   1        DS1302_IO=1;DS1302_SCLK=0;DS1302_SCLK=1; //1
  52   1        
  53   1        DS1302_SCLK=0;DS1302_SCLK=1;
  54   1        if(DS1302_IO){time+=1;}DS1302_SCLK=0;DS1302_SCLK=1; //8
C51 COMPILER V9.54   MAIN                                                                  11/02/2025 20:17:48 PAGE 2   

  55   1        if(DS1302_IO){time+=2;}DS1302_SCLK=0;DS1302_SCLK=1; //7
  56   1        if(DS1302_IO){time+=4;}DS1302_SCLK=0;DS1302_SCLK=1; //6
  57   1        if(DS1302_IO){time+=8;}DS1302_SCLK=0;DS1302_SCLK=1; //5
  58   1        if(DS1302_IO){time+=16;}DS1302_SCLK=0;DS1302_SCLK=1; //4
  59   1        if(DS1302_IO){time+=32;}DS1302_SCLK=0;DS1302_SCLK=1; //3
  60   1        if(DS1302_IO){time+=64;}DS1302_SCLK=0;DS1302_SCLK=1; //2
  61   1        if(DS1302_IO){time+=128;} //1
  62   1        DS1302_CE=0;
  63   1        DS1302_IO=0;
  64   1        return time;
  65   1      }
  66          
  67          
  68          unsigned char time;
  69          
  70          void  main(){
  71   1        LCD_Init();
  72   1      //  write_DS1302();
  73   1        while(1){
  74   2          time=0;
  75   2          time=read_DS1302();
  76   2          LCD_ShowNum(1,9,(time/16*10+time%16),2);
  77   2      //    delay(1000);
  78   2        }
  79   1      }


MODULE INFORMATION:   STATIC OVERLAYABLE
   CODE SIZE        =    189    ----
   CONSTANT SIZE    =   ----    ----
   XDATA SIZE       =   ----    ----
   PDATA SIZE       =   ----    ----
   DATA SIZE        =      1    ----
   IDATA SIZE       =   ----    ----
   BIT SIZE         =   ----    ----
END OF MODULE INFORMATION.


C51 COMPILATION COMPLETE.  0 WARNING(S),  0 ERROR(S)
