BL51 BANKED LINKER/LOCATER V6.22                                                        11/04/2025  11:28:55  PAGE 1


BL51 BANKED LINKER/LOCATER V6.22, INVOKED BY:
E:\KEIL5 C51\KEIL5 C51\C51\BIN\BL51.EXE .\Objects\main.obj, .\Objects\lcd1602.obj, .\Objects\delay.obj, .\Objects\DS1302
>> _time.obj TO .\Objects\project PRINT (.\Listings\project.m51) RAMSIZE (256)


MEMORY MODEL: SMALL


INPUT MODULES INCLUDED:
  .\Objects\main.obj (MAIN)
  .\Objects\lcd1602.obj (LCD1602)
  .\Objects\delay.obj (DELAY)
  .\Objects\DS1302_time.obj (DS1302_TIME)
  E:\KEIL5 C51\KEIL5 C51\C51\LIB\C51S.LIB (?C_STARTUP)
  E:\KEIL5 C51\KEIL5 C51\C51\LIB\C51S.LIB (?C?CLDOPTR)
  E:\KEIL5 C51\KEIL5 C51\C51\LIB\C51S.LIB (?C?IMUL)
  E:\KEIL5 C51\KEIL5 C51\C51\LIB\C51S.LIB (?C?UIDIV)


LINK MAP OF MODULE:  .\Objects\project (MAIN)


            TYPE    BASE      LENGTH    RELOCATION   SEGMENT NAME
            -----------------------------------------------------

            * * * * * * *   D A T A   M E M O R Y   * * * * * * *
            REG     0000H     0008H     ABSOLUTE     "REG BANK 0"
            DATA    0008H     000AH     UNIT         _DATA_GROUP_
            DATA    0012H     0007H     UNIT         ?DT?_LCD_SHOWSIGNEDNUM?LCD1602
            DATA    0019H     0005H     UNIT         ?DT?_LCD_SHOWHEXNUM?LCD1602
            DATA    001EH     0005H     UNIT         ?DT?_LCD_SHOWBINNUM?LCD1602
            IDATA   0023H     0001H     UNIT         ?STACK

            * * * * * * *   C O D E   M E M O R Y   * * * * * * *
            CODE    0000H     0003H     ABSOLUTE     
                    0003H     07FDH                  *** GAP ***
            CODE    0800H     00BFH     UNIT         ?PR?MAIN?MAIN
            CODE    08BFH     0094H     UNIT         ?C?LIB_CODE
            CODE    0953H     008DH     UNIT         ?PR?_WRITE_DS1302?DS1302_TIME
            CODE    09E0H     0084H     UNIT         ?PR?_READ_DS1302?DS1302_TIME
            CODE    0A64H     003BH     UNIT         ?PR?_WRITE_AND_READ_DS1302?DS1302_TIME
            CODE    0A9FH     003AH     UNIT         ?PR?_LCD_SHOWSIGNEDNUM?LCD1602
            CODE    0AD9H     0039H     UNIT         ?PR?_LCD_SHOWHEXNUM?LCD1602
            CODE    0B12H     0038H     UNIT         ?PR?_LCD_SHOWBINNUM?LCD1602
            CODE    0B4AH     0033H     UNIT         ?PR?_LCD_POW?LCD1602
            CODE    0B7DH     0023H     UNIT         ?PR?_LCD_SHOWSTRING?LCD1602
            CODE    0BA0H     001EH     UNIT         ?PR?_LCD_WRITEDATA?LCD1602
            CODE    0BBEH     001DH     UNIT         ?PR?_LCD_SHOWNUM?LCD1602
            CODE    0BDBH     0016H     UNIT         ?PR?_LCD_SETCURSOR?LCD1602
            CODE    0BF1H     0015H     UNIT         ?PR?_DELAY?DELAY
            CODE    0C06H     0014H     UNIT         ?PR?LCD_INIT?LCD1602
            CODE    0C1AH     000FH     UNIT         ?PR?LCD_DELAY?LCD1602
            CODE    0C29H     000CH     UNIT         ?C_C51STARTUP
            CODE    0C35H     000AH     UNIT         ?CO?MAIN
            CODE    0C3FH     000AH     UNIT         ?PR?_LCD_WRITECOMMAND?LCD1602
            CODE    0C49H     000AH     UNIT         ?PR?_LCD_SHOWCHAR?LCD1602
            CODE    0C53H     0007H     UNIT         ?PR?INIT_DS1302?DS1302_TIME

BL51 BANKED LINKER/LOCATER V6.22                                                      11/04/2025  11:28:55  PAGE 2




OVERLAY MAP OF MODULE:   .\Objects\project (MAIN)


SEGMENT                                          DATA_GROUP 
  +--> CALLED SEGMENT                          START    LENGTH
--------------------------------------------------------------
?C_C51STARTUP                                  -----    -----
  +--> ?PR?MAIN?MAIN

?PR?MAIN?MAIN                                  0008H    0001H
  +--> ?PR?LCD_INIT?LCD1602
  +--> ?CO?MAIN
  +--> ?PR?_LCD_SHOWSTRING?LCD1602
  +--> ?PR?_WRITE_AND_READ_DS1302?DS1302_TIME
  +--> ?PR?_LCD_SHOWNUM?LCD1602

?PR?LCD_INIT?LCD1602                           -----    -----
  +--> ?PR?_LCD_WRITECOMMAND?LCD1602

?PR?_LCD_WRITECOMMAND?LCD1602                  -----    -----
  +--> ?PR?LCD_DELAY?LCD1602

?PR?_LCD_SHOWSTRING?LCD1602                    0009H    0003H
  +--> ?PR?_LCD_SETCURSOR?LCD1602
  +--> ?PR?_LCD_WRITEDATA?LCD1602

?PR?_LCD_SETCURSOR?LCD1602                     -----    -----
  +--> ?PR?_LCD_WRITECOMMAND?LCD1602

?PR?_LCD_WRITEDATA?LCD1602                     -----    -----
  +--> ?PR?LCD_DELAY?LCD1602

?PR?_WRITE_AND_READ_DS1302?DS1302_TIME         0009H    0001H
  +--> ?PR?_READ_DS1302?DS1302_TIME
  +--> ?PR?_WRITE_DS1302?DS1302_TIME

?PR?_READ_DS1302?DS1302_TIME                   -----    -----
  +--> ?PR?INIT_DS1302?DS1302_TIME

?PR?_WRITE_DS1302?DS1302_TIME                  -----    -----
  +--> ?PR?INIT_DS1302?DS1302_TIME

?PR?_LCD_SHOWNUM?LCD1602                       0009H    0005H
  +--> ?PR?_LCD_SETCURSOR?LCD1602
  +--> ?PR?_LCD_POW?LCD1602
  +--> ?PR?_LCD_WRITEDATA?LCD1602

?PR?_LCD_POW?LCD1602                           000EH    0004H



SYMBOL TABLE OF MODULE:  .\Objects\project (MAIN)

  VALUE           TYPE          NAME
  ----------------------------------
BL51 BANKED LINKER/LOCATER V6.22                                                      11/04/2025  11:28:55  PAGE 3



  -------         MODULE        MAIN
  C:0000H         SYMBOL        _ICE_DUMMY_
  C:0800H         PUBLIC        main
  -------         PROC          MAIN
  -------         DO            
  D:0008H         SYMBOL        time
  -------         ENDDO         
  C:0800H         LINE#         10
  C:0800H         LINE#         12
  C:0803H         LINE#         13
  C:0810H         LINE#         14
  C:081DH         LINE#         17
  C:0824H         LINE#         18
  C:082BH         LINE#         19
  C:0832H         LINE#         20
  C:0832H         LINE#         21
  C:083BH         LINE#         22
  C:0849H         LINE#         23
  C:0852H         LINE#         24
  C:0860H         LINE#         25
  C:0869H         LINE#         26
  C:0877H         LINE#         27
  C:0880H         LINE#         28
  C:088EH         LINE#         29
  C:0897H         LINE#         30
  C:08A5H         LINE#         31
  C:08AEH         LINE#         32
  C:08BCH         LINE#         33
  -------         ENDPROC       MAIN
  -------         ENDMOD        MAIN

  -------         MODULE        LCD1602
  C:0000H         SYMBOL        _ICE_DUMMY_
  D:0080H         PUBLIC        P0
  D:00A0H         PUBLIC        P2
  C:0C3FH         PUBLIC        _LCD_WriteCommand
  C:0BBEH         PUBLIC        _LCD_ShowNum
  C:0B12H         PUBLIC        _LCD_ShowBinNum
  C:0C20H         PUBLIC        LCD_Delay
  C:0AD9H         PUBLIC        _LCD_ShowHexNum
  C:0BB4H         PUBLIC        _LCD_WriteData
  B:00A0H.7       PUBLIC        LCD_EN
  C:0C06H         PUBLIC        LCD_Init
  C:0B7DH         PUBLIC        _LCD_ShowString
  C:0C49H         PUBLIC        _LCD_ShowChar
  B:00A0H.6       PUBLIC        LCD_RS
  B:00A0H.5       PUBLIC        LCD_RW
  C:0BDBH         PUBLIC        _LCD_SetCursor
  C:0A9FH         PUBLIC        _LCD_ShowSignedNum
  C:0B56H         PUBLIC        _LCD_Pow
  -------         PROC          L?0048
  -------         ENDPROC       L?0048
  -------         PROC          LCD_DELAY
  -------         DO            
  D:0007H         SYMBOL        i
  D:0006H         SYMBOL        j
BL51 BANKED LINKER/LOCATER V6.22                                                      11/04/2025  11:28:55  PAGE 4


  -------         ENDDO         
  C:0C20H         LINE#         15
  C:0C20H         LINE#         16
  C:0C20H         LINE#         19
  C:0C22H         LINE#         20
  C:0C24H         LINE#         22
  C:0C24H         LINE#         23
  C:0C26H         LINE#         24
  C:0C28H         LINE#         25
  -------         ENDPROC       LCD_DELAY
  -------         PROC          _LCD_WRITECOMMAND
  D:0007H         SYMBOL        Command
  C:0C3FH         LINE#         32
  C:0C3FH         LINE#         33
  C:0C3FH         LINE#         34
  C:0C41H         LINE#         35
  C:0C41H         LINE#         36
  C:0C41H         LINE#         37
  C:0C41H         LINE#         38
  C:0C44H         LINE#         39
  C:0C46H         LINE#         40
  -------         ENDPROC       _LCD_WRITECOMMAND
  -------         PROC          L?0047
  -------         ENDPROC       L?0047
  -------         PROC          _LCD_WRITEDATA
  D:0007H         SYMBOL        Data
  C:0BB4H         LINE#         48
  C:0BB4H         LINE#         49
  C:0BB4H         LINE#         50
  C:0BB6H         LINE#         51
  C:0BB6H         LINE#         52
  C:0BB6H         LINE#         53
  C:0BB6H         LINE#         54
  C:0BB9H         LINE#         55
  C:0BBBH         LINE#         56
  -------         ENDPROC       _LCD_WRITEDATA
  -------         PROC          _LCD_SETCURSOR
  D:0006H         SYMBOL        Line
  D:0005H         SYMBOL        Column
  C:0BDBH         LINE#         65
  C:0BDDH         LINE#         66
  C:0BDDH         LINE#         67
  C:0BE0H         LINE#         68
  C:0BE0H         LINE#         69
  C:0BE2H         LINE#         70
  C:0BE4H         LINE#         71
  C:0BE7H         LINE#         72
  C:0BE7H         LINE#         73
  C:0BF0H         LINE#         74
  C:0BF0H         LINE#         75
  -------         ENDPROC       _LCD_SETCURSOR
  -------         PROC          LCD_INIT
  C:0C06H         LINE#         82
  C:0C06H         LINE#         83
  C:0C06H         LINE#         84
  C:0C0BH         LINE#         85
  C:0C10H         LINE#         86
BL51 BANKED LINKER/LOCATER V6.22                                                      11/04/2025  11:28:55  PAGE 5


  C:0C15H         LINE#         87
  -------         ENDPROC       LCD_INIT
  -------         PROC          _LCD_SHOWCHAR
  D:0006H         SYMBOL        Line
  D:0005H         SYMBOL        Column
  D:0004H         SYMBOL        Char
  C:0C49H         LINE#         97
  C:0C4BH         LINE#         98
  C:0C4BH         LINE#         99
  C:0C4EH         LINE#         100
  -------         ENDPROC       _LCD_SHOWCHAR
  -------         PROC          _LCD_SHOWSTRING
  D:0007H         SYMBOL        Line
  D:0005H         SYMBOL        Column
  D:0009H         SYMBOL        String
  -------         DO            
  D:0005H         SYMBOL        i
  -------         ENDDO         
  C:0B7DH         LINE#         110
  C:0B83H         LINE#         111
  C:0B83H         LINE#         113
  C:0B86H         LINE#         114
  C:0B99H         LINE#         115
  C:0B99H         LINE#         116
  C:0B9CH         LINE#         117
  C:0B9FH         LINE#         118
  -------         ENDPROC       _LCD_SHOWSTRING
  C:0B4CH         SYMBOL        L?0046
  -------         PROC          L?0045
  -------         ENDPROC       L?0045
  C:0B4CH         SYMBOL        L?0046
  -------         PROC          _LCD_POW
  D:000EH         SYMBOL        X
  D:0010H         SYMBOL        Y
  -------         DO            
  D:0003H         SYMBOL        i
  D:0006H         SYMBOL        Result
  -------         ENDDO         
  C:0B56H         LINE#         123
  C:0B5EH         LINE#         124
  C:0B5EH         LINE#         126
  C:0B62H         LINE#         127
  C:0B72H         LINE#         128
  C:0B72H         LINE#         129
  C:0B79H         LINE#         130
  C:0B7CH         LINE#         131
  C:0B7CH         LINE#         132
  -------         ENDPROC       _LCD_POW
  -------         PROC          _LCD_SHOWNUM
  D:0007H         SYMBOL        Line
  D:0005H         SYMBOL        Column
  D:000BH         SYMBOL        Number
  D:000DH         SYMBOL        Length
  -------         DO            
  D:0002H         SYMBOL        i
  -------         ENDDO         
  C:0BBEH         LINE#         142
BL51 BANKED LINKER/LOCATER V6.22                                                      11/04/2025  11:28:55  PAGE 6


  C:0BC2H         LINE#         143
  C:0BC2H         LINE#         145
  C:0BC5H         LINE#         146
  C:0BCDH         LINE#         147
  C:0BCDH         LINE#         148
  C:0BD7H         LINE#         149
  C:0BDAH         LINE#         150
  -------         ENDPROC       _LCD_SHOWNUM
  -------         PROC          _LCD_SHOWSIGNEDNUM
  D:0007H         SYMBOL        Line
  D:0005H         SYMBOL        Column
  D:0002H         SYMBOL        Number
  D:0016H         SYMBOL        Length
  -------         DO            
  D:0002H         SYMBOL        i
  D:0017H         SYMBOL        Number1
  -------         ENDDO         
  C:0A9FH         LINE#         160
  C:0A9FH         LINE#         161
  C:0A9FH         LINE#         164
  C:0AA2H         LINE#         165
  C:0AAAH         LINE#         166
  C:0AAAH         LINE#         167
  C:0AAFH         LINE#         168
  C:0AB3H         LINE#         169
  C:0AB5H         LINE#         171
  C:0AB5H         LINE#         172
  C:0ABAH         LINE#         173
  C:0AC3H         LINE#         174
  C:0AC3H         LINE#         175
  C:0ACBH         LINE#         176
  C:0ACBH         LINE#         177
  C:0AD5H         LINE#         178
  C:0AD8H         LINE#         179
  -------         ENDPROC       _LCD_SHOWSIGNEDNUM
  -------         PROC          _LCD_SHOWHEXNUM
  D:0007H         SYMBOL        Line
  D:0005H         SYMBOL        Column
  D:001BH         SYMBOL        Number
  D:001DH         SYMBOL        Length
  -------         DO            
  D:0002H         SYMBOL        i
  D:0006H         SYMBOL        SingleNumber
  -------         ENDDO         
  C:0AD9H         LINE#         189
  C:0ADDH         LINE#         190
  C:0ADDH         LINE#         192
  C:0AE0H         LINE#         193
  C:0AE8H         LINE#         194
  C:0AE8H         LINE#         195
  C:0AFEH         LINE#         196
  C:0B04H         LINE#         197
  C:0B04H         LINE#         198
  C:0B06H         LINE#         199
  C:0B08H         LINE#         201
  C:0B08H         LINE#         202
  C:0B0EH         LINE#         203
BL51 BANKED LINKER/LOCATER V6.22                                                      11/04/2025  11:28:55  PAGE 7


  C:0B0EH         LINE#         204
  C:0B11H         LINE#         205
  -------         ENDPROC       _LCD_SHOWHEXNUM
  -------         PROC          _LCD_SHOWBINNUM
  D:0007H         SYMBOL        Line
  D:0005H         SYMBOL        Column
  D:0020H         SYMBOL        Number
  D:0022H         SYMBOL        Length
  -------         DO            
  D:0002H         SYMBOL        i
  -------         ENDDO         
  C:0B12H         LINE#         215
  C:0B16H         LINE#         216
  C:0B16H         LINE#         218
  C:0B19H         LINE#         219
  C:0B21H         LINE#         220
  C:0B21H         LINE#         221
  C:0B46H         LINE#         222
  C:0B49H         LINE#         223
  -------         ENDPROC       _LCD_SHOWBINNUM
  -------         ENDMOD        LCD1602

  -------         MODULE        DELAY
  C:0000H         SYMBOL        _ICE_DUMMY_
  C:0BF1H         PUBLIC        _delay
  -------         PROC          _DELAY
  D:0006H         SYMBOL        xms
  -------         DO            
  D:0005H         SYMBOL        i
  D:0004H         SYMBOL        j
  -------         ENDDO         
  C:0BF1H         LINE#         5
  C:0BF1H         LINE#         7
  C:0BFBH         LINE#         8
  C:0BFDH         LINE#         9
  C:0BFFH         LINE#         10
  C:0BFFH         LINE#         11
  C:0C01H         LINE#         12
  C:0C03H         LINE#         13
  C:0C05H         LINE#         14
  -------         ENDPROC       _DELAY
  -------         ENDMOD        DELAY

  -------         MODULE        DS1302_TIME
  C:0000H         SYMBOL        _ICE_DUMMY_
  C:0A64H         PUBLIC        _write_and_read_DS1302
  D:00B0H         PUBLIC        P3
  B:00B0H.5       PUBLIC        DS1302_CE
  B:00B0H.4       PUBLIC        DS1302_IO
  C:09E0H         PUBLIC        _read_DS1302
  C:0953H         PUBLIC        _write_DS1302
  B:00B0H.6       PUBLIC        DS1302_SCLK
  C:0C53H         PUBLIC        init_DS1302
  -------         PROC          INIT_DS1302
  C:0C53H         LINE#         9
  C:0C53H         LINE#         10
  C:0C59H         LINE#         11
BL51 BANKED LINKER/LOCATER V6.22                                                      11/04/2025  11:28:55  PAGE 8


  -------         ENDPROC       INIT_DS1302
  -------         PROC          _WRITE_DS1302
  D:0001H         SYMBOL        Byte
  D:0005H         SYMBOL        time
  -------         DO            
  D:0005H         SYMBOL        i
  D:0003H         SYMBOL        time_bcd
  -------         ENDDO         
  C:0953H         LINE#         14
  C:0955H         LINE#         17
  C:0972H         LINE#         18
  C:0972H         LINE#         19
  C:0972H         LINE#         20
  C:0974H         LINE#         21
  C:0974H         LINE#         22
  C:0974H         LINE#         23
  C:0976H         LINE#         24
  C:0976H         LINE#         25
  C:0976H         LINE#         26
  C:0978H         LINE#         27
  C:0978H         LINE#         28
  C:0978H         LINE#         29
  C:097AH         LINE#         30
  C:097AH         LINE#         31
  C:097AH         LINE#         32
  C:097CH         LINE#         33
  C:097CH         LINE#         36
  C:097CH         LINE#         37
  C:098EH         LINE#         38
  C:098EH         LINE#         39
  C:098EH         LINE#         40
  C:0991H         LINE#         43
  C:0993H         LINE#         44
  C:0995H         LINE#         45
  C:09B0H         LINE#         46
  C:09B4H         LINE#         47
  C:09B8H         LINE#         49
  C:09BAH         LINE#         50
  C:09D5H         LINE#         51
  C:09D9H         LINE#         52
  C:09DDH         LINE#         54
  -------         ENDPROC       _WRITE_DS1302
  -------         PROC          _READ_DS1302
  D:0001H         SYMBOL        Byte
  -------         DO            
  D:0003H         SYMBOL        i
  D:0005H         SYMBOL        time
  -------         ENDDO         
  C:09E0H         LINE#         59
  C:09E2H         LINE#         60
  C:09E4H         LINE#         61
  C:09E7H         LINE#         64
  C:09E9H         LINE#         65
  C:09EAH         LINE#         66
  C:0A05H         LINE#         67
  C:0A09H         LINE#         68
  C:0A0DH         LINE#         71
BL51 BANKED LINKER/LOCATER V6.22                                                      11/04/2025  11:28:55  PAGE 9


  C:0A0FH         LINE#         72
  C:0A13H         LINE#         73
  C:0A23H         LINE#         74
  C:0A27H         LINE#         76
  C:0A2AH         LINE#         77
  C:0A47H         LINE#         78
  C:0A47H         LINE#         79
  C:0A49H         LINE#         80
  C:0A49H         LINE#         81
  C:0A49H         LINE#         83
  C:0A49H         LINE#         84
  C:0A49H         LINE#         85
  C:0A4EH         LINE#         86
  C:0A4EH         LINE#         87
  C:0A4EH         LINE#         89
  C:0A4EH         LINE#         90
  C:0A4EH         LINE#         91
  C:0A50H         LINE#         92
  C:0A50H         LINE#         93
  C:0A50H         LINE#         94
  C:0A55H         LINE#         95
  C:0A55H         LINE#         96
  C:0A63H         LINE#         98
  C:0A63H         LINE#         99
  C:0A63H         LINE#         100
  -------         ENDPROC       _READ_DS1302
  -------         PROC          _WRITE_AND_READ_DS1302
  D:0002H         SYMBOL        code1
  D:0009H         SYMBOL        num
  -------         DO            
  D:0004H         SYMBOL        where
  -------         ENDDO         
  C:0A64H         LINE#         104
  C:0A68H         LINE#         108
  C:0A77H         LINE#         110
  C:0A80H         LINE#         112
  C:0A88H         LINE#         113
  C:0A8DH         LINE#         114
  C:0A93H         LINE#         115
  C:0A96H         LINE#         116
  C:0A96H         LINE#         117
  C:0A96H         LINE#         118
  C:0A9BH         LINE#         119
  -------         ENDPROC       _WRITE_AND_READ_DS1302
  -------         ENDMOD        DS1302_TIME

  -------         MODULE        ?C?CLDOPTR
  C:08BFH         PUBLIC        ?C?CLDOPTR
  -------         ENDMOD        ?C?CLDOPTR

  -------         MODULE        ?C?IMUL
  C:08ECH         PUBLIC        ?C?IMUL
  -------         ENDMOD        ?C?IMUL

  -------         MODULE        ?C?UIDIV
  C:08FEH         PUBLIC        ?C?UIDIV
  -------         ENDMOD        ?C?UIDIV
BL51 BANKED LINKER/LOCATER V6.22                                                      11/04/2025  11:28:55  PAGE 10



*** WARNING L16: UNCALLED SEGMENT, IGNORED FOR OVERLAY PROCESS
    SEGMENT: ?PR?_LCD_SHOWCHAR?LCD1602

*** WARNING L16: UNCALLED SEGMENT, IGNORED FOR OVERLAY PROCESS
    SEGMENT: ?PR?_LCD_SHOWSIGNEDNUM?LCD1602

*** WARNING L16: UNCALLED SEGMENT, IGNORED FOR OVERLAY PROCESS
    SEGMENT: ?PR?_LCD_SHOWHEXNUM?LCD1602

*** WARNING L16: UNCALLED SEGMENT, IGNORED FOR OVERLAY PROCESS
    SEGMENT: ?PR?_LCD_SHOWBINNUM?LCD1602

*** WARNING L16: UNCALLED SEGMENT, IGNORED FOR OVERLAY PROCESS
    SEGMENT: ?PR?_DELAY?DELAY

******************************************************************************
* RESTRICTED VERSION WITH 0800H BYTE CODE SIZE LIMIT; USED: 03BAH BYTE (46%) *
******************************************************************************

Program Size: data=36.0 xdata=0 code=1117
LINK/LOCATE RUN COMPLETE.  5 WARNING(S),  0 ERROR(S)
