BL51 BANKED LINKER/LOCATER V6.22                                                        11/03/2025  21:57:09  PAGE 1


BL51 BANKED LINKER/LOCATER V6.22, INVOKED BY:
E:\KEIL5 C51\KEIL5 C51\C51\BIN\BL51.EXE .\Objects\main.obj, .\Objects\lcd1602.obj, .\Objects\delay.obj, .\Objects\DS1302
>> _time.obj TO .\Objects\project PRINT (.\Listings\project.m51) RAMSIZE (256)


MEMORY MODEL: SMALL


INPUT MODULES INCLUDED:
  .\Objects\main.obj (MAIN)
  .\Objects\lcd1602.obj (LCD1602)
  .\Objects\delay.obj (DELAY)
  .\Objects\DS1302_time.obj (DS1302_TIME)
  E:\KEIL5 C51\KEIL5 C51\C51\LIB\C51S.LIB (?C_STARTUP)
  E:\KEIL5 C51\KEIL5 C51\C51\LIB\C51S.LIB (?C?CLDOPTR)
  E:\KEIL5 C51\KEIL5 C51\C51\LIB\C51S.LIB (?C?IMUL)
  E:\KEIL5 C51\KEIL5 C51\C51\LIB\C51S.LIB (?C?UIDIV)


LINK MAP OF MODULE:  .\Objects\project (MAIN)


            TYPE    BASE      LENGTH    RELOCATION   SEGMENT NAME
            -----------------------------------------------------

            * * * * * * *   D A T A   M E M O R Y   * * * * * * *
            REG     0000H     0008H     ABSOLUTE     "REG BANK 0"
            DATA    0008H     000AH     UNIT         _DATA_GROUP_
            DATA    0012H     0007H     UNIT         ?DT?_LCD_SHOWSIGNEDNUM?LCD1602
            DATA    0019H     0005H     UNIT         ?DT?_LCD_SHOWHEXNUM?LCD1602
            DATA    001EH     0005H     UNIT         ?DT?_LCD_SHOWBINNUM?LCD1602
            IDATA   0023H     0001H     UNIT         ?STACK

            * * * * * * *   C O D E   M E M O R Y   * * * * * * *
            CODE    0000H     0003H     ABSOLUTE     
                    0003H     07FDH                  *** GAP ***
            CODE    0800H     0094H     UNIT         ?C?LIB_CODE
            CODE    0894H     0064H     UNIT         ?PR?_WRITE_DS1302?DS1302_TIME
            CODE    08F8H     005EH     UNIT         ?PR?MAIN?MAIN
            CODE    0956H     0059H     UNIT         ?PR?_READ_DS1302?DS1302_TIME
            CODE    09AFH     003AH     UNIT         ?PR?_LCD_SHOWSIGNEDNUM?LCD1602
            CODE    09E9H     0039H     UNIT         ?PR?_LCD_SHOWHEXNUM?LCD1602
            CODE    0A22H     0038H     UNIT         ?PR?_LCD_SHOWBINNUM?LCD1602
            CODE    0A5AH     0035H     UNIT         ?PR?_WRITE_AND_READ_DS1302?DS1302_TIME
            CODE    0A8FH     0033H     UNIT         ?PR?_LCD_POW?LCD1602
            CODE    0AC2H     0023H     UNIT         ?PR?_LCD_SHOWSTRING?LCD1602
            CODE    0AE5H     001EH     UNIT         ?PR?_LCD_WRITEDATA?LCD1602
            CODE    0B03H     001DH     UNIT         ?PR?_LCD_SHOWNUM?LCD1602
            CODE    0B20H     0016H     UNIT         ?PR?_LCD_SETCURSOR?LCD1602
            CODE    0B36H     0015H     UNIT         ?PR?_DELAY?DELAY
            CODE    0B4BH     0014H     UNIT         ?PR?LCD_INIT?LCD1602
            CODE    0B5FH     000FH     UNIT         ?PR?LCD_DELAY?LCD1602
            CODE    0B6EH     000CH     UNIT         ?C_C51STARTUP
            CODE    0B7AH     000AH     UNIT         ?PR?_LCD_WRITECOMMAND?LCD1602
            CODE    0B84H     000AH     UNIT         ?PR?_LCD_SHOWCHAR?LCD1602
            CODE    0B8EH     0007H     UNIT         ?PR?INIT_DS1302?DS1302_TIME
            CODE    0B95H     0005H     UNIT         ?CO?MAIN

BL51 BANKED LINKER/LOCATER V6.22                                                      11/03/2025  21:57:09  PAGE 2




OVERLAY MAP OF MODULE:   .\Objects\project (MAIN)


SEGMENT                                          DATA_GROUP 
  +--> CALLED SEGMENT                          START    LENGTH
--------------------------------------------------------------
?C_C51STARTUP                                  -----    -----
  +--> ?PR?MAIN?MAIN

?PR?MAIN?MAIN                                  0008H    0001H
  +--> ?PR?LCD_INIT?LCD1602
  +--> ?CO?MAIN
  +--> ?PR?_LCD_SHOWSTRING?LCD1602
  +--> ?PR?_WRITE_AND_READ_DS1302?DS1302_TIME
  +--> ?PR?_LCD_SHOWNUM?LCD1602

?PR?LCD_INIT?LCD1602                           -----    -----
  +--> ?PR?_LCD_WRITECOMMAND?LCD1602

?PR?_LCD_WRITECOMMAND?LCD1602                  -----    -----
  +--> ?PR?LCD_DELAY?LCD1602

?PR?_LCD_SHOWSTRING?LCD1602                    0009H    0003H
  +--> ?PR?_LCD_SETCURSOR?LCD1602
  +--> ?PR?_LCD_WRITEDATA?LCD1602

?PR?_LCD_SETCURSOR?LCD1602                     -----    -----
  +--> ?PR?_LCD_WRITECOMMAND?LCD1602

?PR?_LCD_WRITEDATA?LCD1602                     -----    -----
  +--> ?PR?LCD_DELAY?LCD1602

?PR?_WRITE_AND_READ_DS1302?DS1302_TIME         0009H    0001H
  +--> ?PR?_WRITE_DS1302?DS1302_TIME
  +--> ?PR?_READ_DS1302?DS1302_TIME

?PR?_WRITE_DS1302?DS1302_TIME                  -----    -----
  +--> ?PR?INIT_DS1302?DS1302_TIME

?PR?_READ_DS1302?DS1302_TIME                   -----    -----
  +--> ?PR?INIT_DS1302?DS1302_TIME

?PR?_LCD_SHOWNUM?LCD1602                       0009H    0005H
  +--> ?PR?_LCD_SETCURSOR?LCD1602
  +--> ?PR?_LCD_POW?LCD1602
  +--> ?PR?_LCD_WRITEDATA?LCD1602

?PR?_LCD_POW?LCD1602                           000EH    0004H



SYMBOL TABLE OF MODULE:  .\Objects\project (MAIN)

  VALUE           TYPE          NAME
  ----------------------------------
BL51 BANKED LINKER/LOCATER V6.22                                                      11/03/2025  21:57:09  PAGE 3



  -------         MODULE        MAIN
  C:0000H         SYMBOL        _ICE_DUMMY_
  C:08F8H         PUBLIC        main
  -------         PROC          MAIN
  -------         DO            
  D:0008H         SYMBOL        time
  -------         ENDDO         
  C:08F8H         LINE#         10
  C:08F8H         LINE#         12
  C:08FBH         LINE#         13
  C:0908H         LINE#         15
  C:090FH         LINE#         16
  C:090FH         LINE#         17
  C:0918H         LINE#         18
  C:0926H         LINE#         19
  C:092FH         LINE#         20
  C:093DH         LINE#         21
  C:0946H         LINE#         22
  C:0954H         LINE#         23
  -------         ENDPROC       MAIN
  -------         ENDMOD        MAIN

  -------         MODULE        LCD1602
  C:0000H         SYMBOL        _ICE_DUMMY_
  D:0080H         PUBLIC        P0
  D:00A0H         PUBLIC        P2
  C:0B7AH         PUBLIC        _LCD_WriteCommand
  C:0B03H         PUBLIC        _LCD_ShowNum
  C:0A22H         PUBLIC        _LCD_ShowBinNum
  C:0B65H         PUBLIC        LCD_Delay
  C:09E9H         PUBLIC        _LCD_ShowHexNum
  C:0AF9H         PUBLIC        _LCD_WriteData
  B:00A0H.7       PUBLIC        LCD_EN
  C:0B4BH         PUBLIC        LCD_Init
  C:0AC2H         PUBLIC        _LCD_ShowString
  C:0B84H         PUBLIC        _LCD_ShowChar
  B:00A0H.6       PUBLIC        LCD_RS
  B:00A0H.5       PUBLIC        LCD_RW
  C:0B20H         PUBLIC        _LCD_SetCursor
  C:09AFH         PUBLIC        _LCD_ShowSignedNum
  C:0A9BH         PUBLIC        _LCD_Pow
  -------         PROC          L?0048
  -------         ENDPROC       L?0048
  -------         PROC          LCD_DELAY
  -------         DO            
  D:0007H         SYMBOL        i
  D:0006H         SYMBOL        j
  -------         ENDDO         
  C:0B65H         LINE#         15
  C:0B65H         LINE#         16
  C:0B65H         LINE#         19
  C:0B67H         LINE#         20
  C:0B69H         LINE#         22
  C:0B69H         LINE#         23
  C:0B6BH         LINE#         24
  C:0B6DH         LINE#         25
BL51 BANKED LINKER/LOCATER V6.22                                                      11/03/2025  21:57:09  PAGE 4


  -------         ENDPROC       LCD_DELAY
  -------         PROC          _LCD_WRITECOMMAND
  D:0007H         SYMBOL        Command
  C:0B7AH         LINE#         32
  C:0B7AH         LINE#         33
  C:0B7AH         LINE#         34
  C:0B7CH         LINE#         35
  C:0B7CH         LINE#         36
  C:0B7CH         LINE#         37
  C:0B7CH         LINE#         38
  C:0B7FH         LINE#         39
  C:0B81H         LINE#         40
  -------         ENDPROC       _LCD_WRITECOMMAND
  -------         PROC          L?0047
  -------         ENDPROC       L?0047
  -------         PROC          _LCD_WRITEDATA
  D:0007H         SYMBOL        Data
  C:0AF9H         LINE#         48
  C:0AF9H         LINE#         49
  C:0AF9H         LINE#         50
  C:0AFBH         LINE#         51
  C:0AFBH         LINE#         52
  C:0AFBH         LINE#         53
  C:0AFBH         LINE#         54
  C:0AFEH         LINE#         55
  C:0B00H         LINE#         56
  -------         ENDPROC       _LCD_WRITEDATA
  -------         PROC          _LCD_SETCURSOR
  D:0006H         SYMBOL        Line
  D:0005H         SYMBOL        Column
  C:0B20H         LINE#         65
  C:0B22H         LINE#         66
  C:0B22H         LINE#         67
  C:0B25H         LINE#         68
  C:0B25H         LINE#         69
  C:0B27H         LINE#         70
  C:0B29H         LINE#         71
  C:0B2CH         LINE#         72
  C:0B2CH         LINE#         73
  C:0B35H         LINE#         74
  C:0B35H         LINE#         75
  -------         ENDPROC       _LCD_SETCURSOR
  -------         PROC          LCD_INIT
  C:0B4BH         LINE#         82
  C:0B4BH         LINE#         83
  C:0B4BH         LINE#         84
  C:0B50H         LINE#         85
  C:0B55H         LINE#         86
  C:0B5AH         LINE#         87
  -------         ENDPROC       LCD_INIT
  -------         PROC          _LCD_SHOWCHAR
  D:0006H         SYMBOL        Line
  D:0005H         SYMBOL        Column
  D:0004H         SYMBOL        Char
  C:0B84H         LINE#         97
  C:0B86H         LINE#         98
  C:0B86H         LINE#         99
BL51 BANKED LINKER/LOCATER V6.22                                                      11/03/2025  21:57:09  PAGE 5


  C:0B89H         LINE#         100
  -------         ENDPROC       _LCD_SHOWCHAR
  -------         PROC          _LCD_SHOWSTRING
  D:0007H         SYMBOL        Line
  D:0005H         SYMBOL        Column
  D:0009H         SYMBOL        String
  -------         DO            
  D:0005H         SYMBOL        i
  -------         ENDDO         
  C:0AC2H         LINE#         110
  C:0AC8H         LINE#         111
  C:0AC8H         LINE#         113
  C:0ACBH         LINE#         114
  C:0ADEH         LINE#         115
  C:0ADEH         LINE#         116
  C:0AE1H         LINE#         117
  C:0AE4H         LINE#         118
  -------         ENDPROC       _LCD_SHOWSTRING
  C:0A91H         SYMBOL        L?0046
  -------         PROC          L?0045
  -------         ENDPROC       L?0045
  C:0A91H         SYMBOL        L?0046
  -------         PROC          _LCD_POW
  D:000EH         SYMBOL        X
  D:0010H         SYMBOL        Y
  -------         DO            
  D:0003H         SYMBOL        i
  D:0006H         SYMBOL        Result
  -------         ENDDO         
  C:0A9BH         LINE#         123
  C:0AA3H         LINE#         124
  C:0AA3H         LINE#         126
  C:0AA7H         LINE#         127
  C:0AB7H         LINE#         128
  C:0AB7H         LINE#         129
  C:0ABEH         LINE#         130
  C:0AC1H         LINE#         131
  C:0AC1H         LINE#         132
  -------         ENDPROC       _LCD_POW
  -------         PROC          _LCD_SHOWNUM
  D:0007H         SYMBOL        Line
  D:0005H         SYMBOL        Column
  D:000BH         SYMBOL        Number
  D:000DH         SYMBOL        Length
  -------         DO            
  D:0002H         SYMBOL        i
  -------         ENDDO         
  C:0B03H         LINE#         142
  C:0B07H         LINE#         143
  C:0B07H         LINE#         145
  C:0B0AH         LINE#         146
  C:0B12H         LINE#         147
  C:0B12H         LINE#         148
  C:0B1CH         LINE#         149
  C:0B1FH         LINE#         150
  -------         ENDPROC       _LCD_SHOWNUM
  -------         PROC          _LCD_SHOWSIGNEDNUM
BL51 BANKED LINKER/LOCATER V6.22                                                      11/03/2025  21:57:09  PAGE 6


  D:0007H         SYMBOL        Line
  D:0005H         SYMBOL        Column
  D:0002H         SYMBOL        Number
  D:0016H         SYMBOL        Length
  -------         DO            
  D:0002H         SYMBOL        i
  D:0017H         SYMBOL        Number1
  -------         ENDDO         
  C:09AFH         LINE#         160
  C:09AFH         LINE#         161
  C:09AFH         LINE#         164
  C:09B2H         LINE#         165
  C:09BAH         LINE#         166
  C:09BAH         LINE#         167
  C:09BFH         LINE#         168
  C:09C3H         LINE#         169
  C:09C5H         LINE#         171
  C:09C5H         LINE#         172
  C:09CAH         LINE#         173
  C:09D3H         LINE#         174
  C:09D3H         LINE#         175
  C:09DBH         LINE#         176
  C:09DBH         LINE#         177
  C:09E5H         LINE#         178
  C:09E8H         LINE#         179
  -------         ENDPROC       _LCD_SHOWSIGNEDNUM
  -------         PROC          _LCD_SHOWHEXNUM
  D:0007H         SYMBOL        Line
  D:0005H         SYMBOL        Column
  D:001BH         SYMBOL        Number
  D:001DH         SYMBOL        Length
  -------         DO            
  D:0002H         SYMBOL        i
  D:0006H         SYMBOL        SingleNumber
  -------         ENDDO         
  C:09E9H         LINE#         189
  C:09EDH         LINE#         190
  C:09EDH         LINE#         192
  C:09F0H         LINE#         193
  C:09F8H         LINE#         194
  C:09F8H         LINE#         195
  C:0A0EH         LINE#         196
  C:0A14H         LINE#         197
  C:0A14H         LINE#         198
  C:0A16H         LINE#         199
  C:0A18H         LINE#         201
  C:0A18H         LINE#         202
  C:0A1EH         LINE#         203
  C:0A1EH         LINE#         204
  C:0A21H         LINE#         205
  -------         ENDPROC       _LCD_SHOWHEXNUM
  -------         PROC          _LCD_SHOWBINNUM
  D:0007H         SYMBOL        Line
  D:0005H         SYMBOL        Column
  D:0020H         SYMBOL        Number
  D:0022H         SYMBOL        Length
  -------         DO            
BL51 BANKED LINKER/LOCATER V6.22                                                      11/03/2025  21:57:09  PAGE 7


  D:0002H         SYMBOL        i
  -------         ENDDO         
  C:0A22H         LINE#         215
  C:0A26H         LINE#         216
  C:0A26H         LINE#         218
  C:0A29H         LINE#         219
  C:0A31H         LINE#         220
  C:0A31H         LINE#         221
  C:0A56H         LINE#         222
  C:0A59H         LINE#         223
  -------         ENDPROC       _LCD_SHOWBINNUM
  -------         ENDMOD        LCD1602

  -------         MODULE        DELAY
  C:0000H         SYMBOL        _ICE_DUMMY_
  C:0B36H         PUBLIC        _delay
  -------         PROC          _DELAY
  D:0006H         SYMBOL        xms
  -------         DO            
  D:0005H         SYMBOL        i
  D:0004H         SYMBOL        j
  -------         ENDDO         
  C:0B36H         LINE#         5
  C:0B36H         LINE#         7
  C:0B40H         LINE#         8
  C:0B42H         LINE#         9
  C:0B44H         LINE#         10
  C:0B44H         LINE#         11
  C:0B46H         LINE#         12
  C:0B48H         LINE#         13
  C:0B4AH         LINE#         14
  -------         ENDPROC       _DELAY
  -------         ENDMOD        DELAY

  -------         MODULE        DS1302_TIME
  C:0000H         SYMBOL        _ICE_DUMMY_
  C:0A5AH         PUBLIC        _write_and_read_DS1302
  D:00B0H         PUBLIC        P3
  B:00B0H.5       PUBLIC        DS1302_CE
  B:00B0H.4       PUBLIC        DS1302_IO
  C:0956H         PUBLIC        _read_DS1302
  C:0894H         PUBLIC        _write_DS1302
  B:00B0H.6       PUBLIC        DS1302_SCLK
  C:0B8EH         PUBLIC        init_DS1302
  -------         PROC          INIT_DS1302
  C:0B8EH         LINE#         9
  C:0B8EH         LINE#         10
  C:0B94H         LINE#         11
  -------         ENDPROC       INIT_DS1302
  -------         PROC          _WRITE_DS1302
  D:0003H         SYMBOL        Byte
  D:0005H         SYMBOL        time
  -------         DO            
  D:0005H         SYMBOL        i
  D:0001H         SYMBOL        time_bcd
  -------         ENDDO         
  C:0894H         LINE#         14
BL51 BANKED LINKER/LOCATER V6.22                                                      11/03/2025  21:57:09  PAGE 8


  C:0896H         LINE#         16
  C:08A8H         LINE#         17
  C:08ABH         LINE#         20
  C:08ADH         LINE#         21
  C:08AFH         LINE#         22
  C:08CAH         LINE#         23
  C:08CEH         LINE#         24
  C:08D2H         LINE#         26
  C:08D4H         LINE#         27
  C:08EDH         LINE#         28
  C:08F1H         LINE#         29
  C:08F5H         LINE#         31
  -------         ENDPROC       _WRITE_DS1302
  -------         PROC          _READ_DS1302
  D:0001H         SYMBOL        Byte
  -------         DO            
  D:0003H         SYMBOL        i
  D:0005H         SYMBOL        time
  -------         ENDDO         
  C:0956H         LINE#         36
  C:0958H         LINE#         37
  C:095AH         LINE#         38
  C:095DH         LINE#         41
  C:095FH         LINE#         42
  C:0960H         LINE#         43
  C:097BH         LINE#         44
  C:097FH         LINE#         45
  C:0983H         LINE#         48
  C:0985H         LINE#         49
  C:0989H         LINE#         50
  C:0999H         LINE#         51
  C:099DH         LINE#         53
  C:09A0H         LINE#         54
  C:09AEH         LINE#         55
  -------         ENDPROC       _READ_DS1302
  -------         PROC          _WRITE_AND_READ_DS1302
  D:0007H         SYMBOL        code1
  D:0005H         SYMBOL        num
  -------         DO            
  D:0009H         SYMBOL        where
  -------         ENDDO         
  C:0A5AH         LINE#         59
  C:0A5AH         LINE#         63
  C:0A63H         LINE#         64
  C:0A68H         LINE#         66
  C:0A71H         LINE#         68
  C:0A78H         LINE#         69
  C:0A7EH         LINE#         70
  C:0A82H         LINE#         71
  C:0A85H         LINE#         72
  C:0A85H         LINE#         73
  C:0A85H         LINE#         74
  C:0A8BH         LINE#         75
  -------         ENDPROC       _WRITE_AND_READ_DS1302
  -------         ENDMOD        DS1302_TIME

  -------         MODULE        ?C?CLDOPTR
BL51 BANKED LINKER/LOCATER V6.22                                                      11/03/2025  21:57:09  PAGE 9


  C:0800H         PUBLIC        ?C?CLDOPTR
  -------         ENDMOD        ?C?CLDOPTR

  -------         MODULE        ?C?IMUL
  C:082DH         PUBLIC        ?C?IMUL
  -------         ENDMOD        ?C?IMUL

  -------         MODULE        ?C?UIDIV
  C:083FH         PUBLIC        ?C?UIDIV
  -------         ENDMOD        ?C?UIDIV

*** WARNING L16: UNCALLED SEGMENT, IGNORED FOR OVERLAY PROCESS
    SEGMENT: ?PR?_LCD_SHOWCHAR?LCD1602

*** WARNING L16: UNCALLED SEGMENT, IGNORED FOR OVERLAY PROCESS
    SEGMENT: ?PR?_LCD_SHOWSIGNEDNUM?LCD1602

*** WARNING L16: UNCALLED SEGMENT, IGNORED FOR OVERLAY PROCESS
    SEGMENT: ?PR?_LCD_SHOWHEXNUM?LCD1602

*** WARNING L16: UNCALLED SEGMENT, IGNORED FOR OVERLAY PROCESS
    SEGMENT: ?PR?_LCD_SHOWBINNUM?LCD1602

*** WARNING L16: UNCALLED SEGMENT, IGNORED FOR OVERLAY PROCESS
    SEGMENT: ?PR?_DELAY?DELAY

******************************************************************************
* RESTRICTED VERSION WITH 0800H BYTE CODE SIZE LIMIT; USED: 02FAH BYTE (37%) *
******************************************************************************

Program Size: data=36.0 xdata=0 code=925
LINK/LOCATE RUN COMPLETE.  5 WARNING(S),  0 ERROR(S)
