C51 COMPILER V9.54   LCD1602                                                               11/13/2025 20:05:26 PAGE 1   


C51 COMPILER V9.54, COMPILATION OF MODULE LCD1602
OBJECT MODULE PLACED IN .\Objects\lcd1602.obj
COMPILER INVOKED BY: E:\Keil5 C51\Keil5 C51\C51\BIN\C51.EXE lcd1602.c OPTIMIZE(8,SPEED) BROWSE DEBUG OBJECTEXTEND PRINT(
                    -.\Listings\lcd1602.lst) TABS(2) OBJECT(.\Objects\lcd1602.obj)

line level    source

   1          #include <REGX52.H>
   2          #include <INTRINS.H>
   3          #include <DELAY.H>
   4          
   5          sbit LCD1602_RD=P2^6;
   6          sbit LCD1602_RW=P2^5;
   7          sbit CE=P2^7;
   8          
   9          #define LCD_DATE P0
  10          
  11          void Delay1ms()   //@11.0592MHz
  12          {
  13   1        unsigned char i, j;
  14   1      
  15   1        _nop_();
  16   1        i = 2;
  17   1        j = 199;
  18   1        do
  19   1        {
  20   2          while (--j);
  21   2        } while (--i);
  22   1      }
  23          
  24          
  25          void Read_LCD1602_RS(unsigned char Byte){
  26   1        LCD1602_RD=0;
  27   1        LCD1602_RW=0;
  28   1        Delay1ms();
  29   1        LCD_DATE=Byte;
  30   1        CE=1;
  31   1        Delay1ms();
  32   1        CE=0;
  33   1      }
  34          
  35          
  36          void Read_LCD1602_Date(unsigned char Byte){
  37   1        LCD1602_RD=1;
  38   1        LCD1602_RW=0;
  39   1        Delay1ms();
  40   1        LCD_DATE=Byte;
  41   1        CE=1;
  42   1        Delay1ms();
  43   1        CE=0;
  44   1      }
  45          
  46          void LCD_Init(){
  47   1        Read_LCD1602_RS(0x38);
  48   1        Read_LCD1602_RS(0x0c);
  49   1        Read_LCD1602_RS(0x06);
  50   1        Read_LCD1602_RS(0x01);
  51   1      }
  52          
  53          void LCD_ShowChar(unsigned char Line,unsigned char Column,char *Char){
  54   1        char i;
C51 COMPILER V9.54   LCD1602                                                               11/13/2025 20:05:26 PAGE 2   

  55   1        Read_LCD1602_RS(0x80|(Line-1)+(Column-1));
  56   1        for(i=0;Char[i]!='\0';i++){
  57   2          Read_LCD1602_Date(Char[i]);
  58   2        }
  59   1      }
  60          
  61          void LCD_zuo(){
  62   1        Read_LCD1602_RS(0x08);
  63   1        delay(400);
  64   1        Read_LCD1602_RS(0x18);
  65   1        Read_LCD1602_RS(0x0c);
  66   1      
  67   1      }


MODULE INFORMATION:   STATIC OVERLAYABLE
   CODE SIZE        =    129    ----
   CONSTANT SIZE    =   ----    ----
   XDATA SIZE       =   ----    ----
   PDATA SIZE       =   ----    ----
   DATA SIZE        =   ----       3
   IDATA SIZE       =   ----    ----
   BIT SIZE         =   ----    ----
END OF MODULE INFORMATION.


C51 COMPILATION COMPLETE.  0 WARNING(S),  0 ERROR(S)
