C51 COMPILER V9.54   MAIN                                                                  11/09/2025 16:03:15 PAGE 1   


C51 COMPILER V9.54, COMPILATION OF MODULE MAIN
OBJECT MODULE PLACED IN .\Objects\main.obj
COMPILER INVOKED BY: E:\Keil5 C51\Keil5 C51\C51\BIN\C51.EXE main.c OPTIMIZE(8,SPEED) BROWSE DEBUG OBJECTEXTEND PRINT(.\L
                    -istings\main.lst) TABS(2) OBJECT(.\Objects\main.obj)

line level    source

   1          #include <REGX52.H>
   2          #include <INTRINS.H>
   3          
   4          #include <LCD1602.H>
   5          #include <AT24C02.H>
   6          #include <DELAY.H>
   7          #include <TIMER0.H>
   8          #include <SWITCH0000.H>
   9          #include <888led.H>
  10          
  11          
  12          unsigned char key;
  13          unsigned char Min,Sec,Minisec;//分，秒，毫秒
  14          unsigned char start;
  15          
  16          void main(){
  17   1        Timer0Init();
  18   1      
  19   1        while(1){
  20   2          key=switch0000();
  21   2          if(key!=0){
  22   3            if(key==1){
  23   4              start=~start;//取反控制启停
  24   4            }
  25   3            if(key==2){// 清零
  26   4              Min=0;
  27   4              Sec=0;
  28   4              Minisec=0;
  29   4            }
  30   3            if(key==3){
  31   4              write_AT24C02(1,Min);
  32   4              write_AT24C02(2,Sec);
  33   4              write_AT24C02(3,Minisec);
  34   4            }
  35   3            if(key==4){
  36   4              Min=read_AT24C02(1);
  37   4              Sec=read_AT24C02(2);
  38   4              Minisec=read_AT24C02(3);
  39   4            }
  40   3          }
  41   2          
  42   2          Set_888led(1,Min/10);
  43   2          Set_888led(2,Min%10);
  44   2          
  45   2          Set_888led(3,11);
  46   2          
  47   2          Set_888led(4,Sec/10);
  48   2          Set_888led(5,Sec%10);
  49   2          
  50   2          Set_888led(6,11);
  51   2          
  52   2          Set_888led(7,Minisec/10);
  53   2          Set_888led(8,Minisec%10);
  54   2          
C51 COMPILER V9.54   MAIN                                                                  11/09/2025 16:03:15 PAGE 2   

  55   2        }
  56   1      }
  57          
  58          //自加函数，会自动进位，执行一次自加一次
  59          void sec_add(){
  60   1        //停止计时控制
  61   1        if(start){
  62   2          Minisec++;
  63   2          if(Minisec>=100){
  64   3            Minisec=0;
  65   3            Sec++;
  66   3            if(Sec>=60){
  67   4              Sec=0;
  68   4              Min++;
  69   4              if(Min>=60){
  70   5                Min=0;
  71   5              }
  72   4            }
  73   3          }
  74   2        }
  75   1      }
  76          
  77          void Timer0_Routine() interrupt 1
  78          {
  79   1        static  unsigned int T0Count,T0Count1,T0Count2;
  80   1      
  81   1        TL0 = 0x18;   //设置定时初值
  82   1        TH0 = 0xFC;   //设置定时初值
  83   1        T0Count++;
  84   1        T0Count1++;
  85   1        T0Count2++;
  86   1        if(T0Count>=20)  //20毫秒
  87   1        {
  88   2          T0Count=0;
  89   2          Scan_key();
  90   2        }
  91   1        if(T0Count1>=2)  //2毫秒显示一个数字，在下一个两毫秒显示下一个数字
  92   1        {
  93   2          T0Count1=0;
  94   2          Scan_888led();
  95   2        }
  96   1        if(T0Count2>=10)  //10毫秒秒表加1
  97   1        {
  98   2          T0Count2=0;
  99   2          sec_add();
 100   2        }
 101   1      }


MODULE INFORMATION:   STATIC OVERLAYABLE
   CODE SIZE        =    388    ----
   CONSTANT SIZE    =   ----    ----
   XDATA SIZE       =   ----    ----
   PDATA SIZE       =   ----    ----
   DATA SIZE        =     11    ----
   IDATA SIZE       =   ----    ----
   BIT SIZE         =   ----    ----
END OF MODULE INFORMATION.


C51 COMPILATION COMPLETE.  0 WARNING(S),  0 ERROR(S)
