C51 COMPILER V9.54   MAIN                                                                  11/09/2025 15:32:50 PAGE 1   


C51 COMPILER V9.54, COMPILATION OF MODULE MAIN
OBJECT MODULE PLACED IN .\Objects\main.obj
COMPILER INVOKED BY: E:\Keil5 C51\Keil5 C51\C51\BIN\C51.EXE main.c OPTIMIZE(8,SPEED) BROWSE DEBUG OBJECTEXTEND PRINT(.\L
                    -istings\main.lst) TABS(2) OBJECT(.\Objects\main.obj)

line level    source

   1          #include <REGX52.H>
   2          #include <INTRINS.H>
   3          
   4          #include <LCD1602.H>
   5          #include <AT24C02.H>
   6          #include <DELAY.H>
   7          #include <TIMER0.H>
   8          #include <SWITCH0000.H>
   9          #include <888led.H>
  10          
  11          
  12          unsigned char key,i;
  13          unsigned char h=7,m=23,date=55;
  14          unsigned int T0Count2;
  15          
  16          
  17          void main(){
  18   1        Timer0Init();
  19   1      
  20   1        while(1){
  21   2          key=switch0000();
  22   2          if(key!=0){
  23   3            if(key==1){
  24   4              date+=1;
  25   4              T0Count2=0;
  26   4            }
  27   3            if(key==2){
  28   4              date-=1;
  29   4              T0Count2=0;
  30   4            }
  31   3            if(key==3){
  32   4              date=3;
  33   4            }
  34   3            if(key==4){
  35   4              date=4;
  36   4            }
  37   3          }
  38   2          
  39   2          
  40   2          if(date>=60){
  41   3            date=0;
  42   3            m++;
  43   3            if(m>=60){
  44   4              m=0;
  45   4              h++;
  46   4              if(h>=24){
  47   5                h=0;
  48   5              }
  49   4            }
  50   3          }
  51   2          Set_888led(1,h/10);
  52   2          Set_888led(2,h%10);
  53   2          
  54   2          Set_888led(3,11);
C51 COMPILER V9.54   MAIN                                                                  11/09/2025 15:32:50 PAGE 2   

  55   2          
  56   2          Set_888led(4,m/10);
  57   2          Set_888led(5,m%10);
  58   2          
  59   2          Set_888led(6,11);
  60   2          
  61   2          Set_888led(7,date/10);
  62   2          Set_888led(8,date%10);
  63   2          
  64   2        }
  65   1      }
  66          
  67          
  68          
  69          void Timer0_Routine() interrupt 1
  70          {
  71   1        static  unsigned int T0Count,T0Count1;
  72   1      
  73   1        TL0 = 0x18;   //设置定时初值
  74   1        TH0 = 0xFC;   //设置定时初值
  75   1        T0Count++;
  76   1        T0Count1++;
  77   1        T0Count2++;
  78   1        if(T0Count>=20)  //20毫秒
  79   1        {
  80   2          T0Count=0;
  81   2          Scan_key();
  82   2        }
  83   1        if(T0Count1>=2)  //2毫秒显示一个数字，在下一个两毫秒显示下一个数字
  84   1        {
  85   2          T0Count1=0;
  86   2          Scan_888led();
  87   2        }
  88   1        if(T0Count2>=1000)  //1000毫秒秒表加1
  89   1        {
  90   2          T0Count2=0;
  91   2          date++;
  92   2        }
  93   1      }


MODULE INFORMATION:   STATIC OVERLAYABLE
   CODE SIZE        =    338    ----
   CONSTANT SIZE    =   ----    ----
   XDATA SIZE       =   ----    ----
   PDATA SIZE       =   ----    ----
   DATA SIZE        =     11    ----
   IDATA SIZE       =   ----    ----
   BIT SIZE         =   ----    ----
END OF MODULE INFORMATION.


C51 COMPILATION COMPLETE.  0 WARNING(S),  0 ERROR(S)
