C51 COMPILER V9.54   MAIN                                                                  11/09/2025 16:26:22 PAGE 1   


C51 COMPILER V9.54, COMPILATION OF MODULE MAIN
OBJECT MODULE PLACED IN .\Objects\main.obj
COMPILER INVOKED BY: E:\Keil5 C51\Keil5 C51\C51\BIN\C51.EXE main.c OPTIMIZE(8,SPEED) BROWSE DEBUG OBJECTEXTEND PRINT(.\L
                    -istings\main.lst) TABS(2) OBJECT(.\Objects\main.obj)

line level    source

   1          #include <REGX52.H>
   2          #include <INTRINS.H>
   3          
   4          #include <LCD1602.H>
   5          #include <AT24C02.H>
   6          #include <DELAY.H>
   7          #include <TIMER0.H>
   8          #include <SWITCH0000.H>
   9          #include <888led.H>
  10          
  11          
  12          unsigned char key;
  13          unsigned char Min,Sec,Minisec;//分，秒，毫秒
  14          unsigned char start;
  15          
  16          void main(){
  17   1        Timer0Init();
  18   1      
  19   1        while(1){
  20   2          
  21   2          //操作判定函数
  22   2          key=switch0000();
  23   2          if(key!=0){
  24   3            if(key==1){
  25   4              start=~start;//取反控制启停
  26   4            }
  27   3            if(key==2){// 清零
  28   4              Min=0;
  29   4              Sec=0;
  30   4              Minisec=0;
  31   4            }
  32   3            if(key==3){
  33   4              write_AT24C02(1,Min);
  34   4              write_AT24C02(2,Sec);
  35   4              write_AT24C02(3,Minisec);
  36   4            }
  37   3            if(key==4){
  38   4              Min=read_AT24C02(1);
  39   4              Sec=read_AT24C02(2);
  40   4              Minisec=read_AT24C02(3);
  41   4            }
  42   3          }
  43   2          
  44   2          //显示位
  45   2          Set_888led(1,Min/10);
  46   2          Set_888led(2,Min%10);
  47   2          
  48   2          Set_888led(3,11);
  49   2          
  50   2          Set_888led(4,Sec/10);
  51   2          Set_888led(5,Sec%10);
  52   2          
  53   2          Set_888led(6,11);
  54   2          
C51 COMPILER V9.54   MAIN                                                                  11/09/2025 16:26:22 PAGE 2   

  55   2          Set_888led(7,Minisec/10);
  56   2          Set_888led(8,Minisec%10);
  57   2      
  58   2        }
  59   1      }
  60          
  61          //秒表自加函数，会自动进位，执行一次自加一次
  62          void sec_add(){
  63   1        //停止计时控制
  64   1        if(start){
  65   2          Minisec++;
  66   2          if(Minisec>=100){
  67   3            Minisec=0;
  68   3            Sec++;
  69   3            if(Sec>=60){
  70   4              Sec=0;
  71   4              Min++;
  72   4              if(Min>=60){
  73   5                Min=0;
  74   5              }
  75   4            }
  76   3          }
  77   2        }
  78   1      }
  79          
  80          void Timer0_Routine() interrupt 1
  81          {
  82   1        static  unsigned int T0Count,T0Count1,T0Count2;
  83   1      
  84   1        TL0 = 0x18;   //设置定时初值
  85   1        TH0 = 0xFC;   //设置定时初值
  86   1        T0Count++;
  87   1        T0Count1++;
  88   1        T0Count2++;
  89   1        if(T0Count>=20)  //20毫秒
  90   1        {
  91   2          T0Count=0;
  92   2          Scan_key();
  93   2        }
  94   1        if(T0Count1>=2)  //2毫秒显示一个数字，在下一个两毫秒显示下一个数字
  95   1        {
  96   2          T0Count1=0;
  97   2          Scan_888led();
  98   2        }
  99   1        if(T0Count2>=10)  //10毫秒秒表加1
 100   1        {
 101   2          T0Count2=0;
 102   2          sec_add();
 103   2        }
 104   1      }


MODULE INFORMATION:   STATIC OVERLAYABLE
   CODE SIZE        =    388    ----
   CONSTANT SIZE    =   ----    ----
   XDATA SIZE       =   ----    ----
   PDATA SIZE       =   ----    ----
   DATA SIZE        =     11    ----
   IDATA SIZE       =   ----    ----
   BIT SIZE         =   ----    ----
END OF MODULE INFORMATION.


C51 COMPILATION COMPLETE.  0 WARNING(S),  0 ERROR(S)
