BL51 BANKED LINKER/LOCATER V6.22                                                        11/09/2025  16:26:23  PAGE 1


BL51 BANKED LINKER/LOCATER V6.22, INVOKED BY:
E:\KEIL5 C51\KEIL5 C51\C51\BIN\BL51.EXE .\Objects\main.obj, .\Objects\delay.obj, .\Objects\Timer0.obj, .\Objects\I2C.obj
>> , .\Objects\AT24C02.obj, .\Objects\lcd1602.obj, .\Objects\888led.obj, .\Objects\Switch0000.obj TO .\Objects\project P
>> RINT (.\Listings\project.m51) RAMSIZE (256) DISABLEWARNING (16)


MEMORY MODEL: SMALL


INPUT MODULES INCLUDED:
  .\Objects\main.obj (MAIN)
  .\Objects\delay.obj (DELAY)
  .\Objects\Timer0.obj (TIMER0)
  .\Objects\I2C.obj (I2C)
  .\Objects\AT24C02.obj (AT24C02)
  .\Objects\lcd1602.obj (LCD1602)
  .\Objects\888led.obj (888LED)
  .\Objects\Switch0000.obj (SWITCH0000)
  E:\KEIL5 C51\KEIL5 C51\C51\LIB\C51S.LIB (?C_STARTUP)
  E:\KEIL5 C51\KEIL5 C51\C51\LIB\C51S.LIB (?C?CLDOPTR)
  E:\KEIL5 C51\KEIL5 C51\C51\LIB\C51S.LIB (?C?IMUL)
  E:\KEIL5 C51\KEIL5 C51\C51\LIB\C51S.LIB (?C?UIDIV)
  E:\KEIL5 C51\KEIL5 C51\C51\LIB\C51S.LIB (?C_INIT)


LINK MAP OF MODULE:  .\Objects\project (MAIN)


            TYPE    BASE      LENGTH    RELOCATION   SEGMENT NAME
            -----------------------------------------------------

            * * * * * * *   D A T A   M E M O R Y   * * * * * * *
            REG     0000H     0008H     ABSOLUTE     "REG BANK 0"
            DATA    0008H     000BH     UNIT         ?DT?MAIN
            DATA    0013H     000AH     UNIT         ?DT?888LED
            DATA    001DH     0007H     UNIT         ?DT?_LCD_SHOWSIGNEDNUM?LCD1602
            DATA    0024H     0006H     UNIT         _DATA_GROUP_
            DATA    002AH     0005H     UNIT         ?DT?_LCD_SHOWNUM?LCD1602
            DATA    002FH     0005H     UNIT         ?DT?_LCD_SHOWHEXNUM?LCD1602
            DATA    0034H     0005H     UNIT         ?DT?_LCD_SHOWBINNUM?LCD1602
            DATA    0039H     0004H     UNIT         ?DT?_LCD_POW?LCD1602
            DATA    003DH     0003H     UNIT         ?DT?_LCD_SHOWSTRING?LCD1602
            DATA    0040H     0003H     UNIT         ?DT?SWITCH0000
            IDATA   0043H     0001H     UNIT         ?STACK

            * * * * * * *   C O D E   M E M O R Y   * * * * * * *
            CODE    0000H     0003H     ABSOLUTE     
                    0003H     0008H                  *** GAP ***
            CODE    000BH     0003H     ABSOLUTE     
                    000EH     07F2H                  *** GAP ***
            CODE    0800H     00CBH     UNIT         ?PR?MAIN?MAIN
            CODE    08CBH     0094H     UNIT         ?C?LIB_CODE
            CODE    095FH     0092H     UNIT         ?PR?TIMER0_ROUTINE?MAIN
            CODE    09F1H     008CH     UNIT         ?C_C51STARTUP
            CODE    0A7DH     006DH     UNIT         ?PR?_NIXIE?888LED
            CODE    0AEAH     0054H     UNIT         ?PR?_WRITE_AT24C02?AT24C02
            CODE    0B3EH     003AH     UNIT         ?PR?_LCD_SHOWSIGNEDNUM?LCD1602
            CODE    0B78H     0039H     UNIT         ?PR?_LCD_SHOWHEXNUM?LCD1602
BL51 BANKED LINKER/LOCATER V6.22                                                      11/09/2025  16:26:23  PAGE 2


            CODE    0BB1H     0038H     UNIT         ?PR?_LCD_SHOWBINNUM?LCD1602
            CODE    0BE9H     0033H     UNIT         ?PR?_READ_AT24C02?AT24C02
            CODE    0C1CH     0033H     UNIT         ?PR?_LCD_POW?LCD1602
            CODE    0C4FH     0032H     UNIT         ?PR?SCAN_888LED?888LED
            CODE    0C81H     002BH     UNIT         ?PR?_WRITE_I2C?I2C
            CODE    0CACH     0027H     UNIT         ?PR?SEC_ADD?MAIN
            CODE    0CD3H     0023H     UNIT         ?PR?_LCD_SHOWSTRING?LCD1602
            CODE    0CF6H     0020H     UNIT         ?PR?READ_I2C?I2C
            CODE    0D16H     001EH     UNIT         ?PR?_LCD_WRITEDATA?LCD1602
            CODE    0D34H     001DH     UNIT         ?PR?_LCD_SHOWNUM?LCD1602
            CODE    0D51H     0017H     UNIT         ?PR?TIMER0INIT?TIMER0
            CODE    0D68H     0016H     UNIT         ?PR?_LCD_SETCURSOR?LCD1602
            CODE    0D7EH     0016H     UNIT         ?PR?DETECTION_KEY?SWITCH0000
            CODE    0D94H     0016H     UNIT         ?PR?SCAN_KEY?SWITCH0000
            CODE    0DAAH     0015H     UNIT         ?PR?_DELAY?DELAY
            CODE    0DBFH     0014H     UNIT         ?PR?LCD_INIT?LCD1602
            CODE    0DD3H     0011H     UNIT         ?C_INITSEG
            CODE    0DE4H     000FH     UNIT         ?PR?LCD_DELAY?LCD1602
            CODE    0DF3H     000CH     UNIT         ?PR?R_I2C?I2C
            CODE    0DFFH     000CH     UNIT         ?CO?888LED
            CODE    0E0BH     000AH     UNIT         ?PR?_S_I2C?I2C
            CODE    0E15H     000AH     UNIT         ?PR?_LCD_WRITECOMMAND?LCD1602
            CODE    0E1FH     000AH     UNIT         ?PR?_LCD_SHOWCHAR?LCD1602
            CODE    0E29H     000AH     UNIT         ?PR?SWITCH0000?SWITCH0000
            CODE    0E33H     0009H     UNIT         ?PR?START_I2C?I2C
            CODE    0E3CH     0009H     UNIT         ?PR?STOP_I2C?I2C
            CODE    0E45H     0009H     UNIT         ?PR?_SET_888LED?888LED



OVERLAY MAP OF MODULE:   .\Objects\project (MAIN)


SEGMENT                                  DATA_GROUP 
  +--> CALLED SEGMENT                  START    LENGTH
------------------------------------------------------
?PR?TIMER0_ROUTINE?MAIN                -----    -----
  +--> ?PR?SCAN_KEY?SWITCH0000
  +--> ?PR?SCAN_888LED?888LED
  +--> ?PR?SEC_ADD?MAIN

?PR?SCAN_KEY?SWITCH0000                -----    -----
  +--> ?PR?DETECTION_KEY?SWITCH0000

?PR?SCAN_888LED?888LED                 -----    -----
  +--> ?PR?_NIXIE?888LED

?PR?_NIXIE?888LED                      -----    -----
  +--> ?CO?888LED

*** NEW ROOT ***************************************************

?C_C51STARTUP                          -----    -----
  +--> ?PR?MAIN?MAIN
  +--> ?C_INITSEG

?PR?MAIN?MAIN                          -----    -----
BL51 BANKED LINKER/LOCATER V6.22                                                      11/09/2025  16:26:23  PAGE 3


  +--> ?PR?TIMER0INIT?TIMER0
  +--> ?PR?SWITCH0000?SWITCH0000
  +--> ?PR?_WRITE_AT24C02?AT24C02
  +--> ?PR?_READ_AT24C02?AT24C02
  +--> ?PR?_SET_888LED?888LED

?PR?_WRITE_AT24C02?AT24C02             0024H    0006H
  +--> ?PR?START_I2C?I2C
  +--> ?PR?_WRITE_I2C?I2C
  +--> ?PR?R_I2C?I2C
  +--> ?PR?STOP_I2C?I2C

?PR?_READ_AT24C02?AT24C02              0024H    0002H
  +--> ?PR?START_I2C?I2C
  +--> ?PR?_WRITE_I2C?I2C
  +--> ?PR?R_I2C?I2C
  +--> ?PR?READ_I2C?I2C
  +--> ?PR?_S_I2C?I2C
  +--> ?PR?STOP_I2C?I2C



SYMBOL TABLE OF MODULE:  .\Objects\project (MAIN)

  VALUE           TYPE          NAME
  ----------------------------------

  -------         MODULE        MAIN
  C:0000H         SYMBOL        _ICE_DUMMY_
  C:095FH         PUBLIC        Timer0_Routine
  D:000EH         PUBLIC        Sec
  D:000FH         PUBLIC        Min
  C:0800H         PUBLIC        main
  D:0010H         PUBLIC        start
  C:0CACH         PUBLIC        sec_add
  D:0011H         PUBLIC        key
  D:0012H         PUBLIC        Minisec
  D:008CH         PUBLIC        TH0
  D:008AH         PUBLIC        TL0
  -------         PROC          MAIN
  C:0800H         LINE#         16
  C:0800H         LINE#         17
  C:0803H         LINE#         19
  C:0803H         LINE#         22
  C:0808H         LINE#         23
  C:080CH         LINE#         24
  C:080FH         LINE#         25
  C:0812H         LINE#         26
  C:0812H         LINE#         27
  C:0817H         LINE#         28
  C:081AH         LINE#         29
  C:081CH         LINE#         30
  C:081EH         LINE#         31
  C:081EH         LINE#         32
  C:0824H         LINE#         33
  C:082EH         LINE#         34
  C:0838H         LINE#         35
BL51 BANKED LINKER/LOCATER V6.22                                                      11/09/2025  16:26:23  PAGE 4


  C:0842H         LINE#         36
  C:0842H         LINE#         37
  C:0847H         LINE#         38
  C:084EH         LINE#         39
  C:0855H         LINE#         40
  C:085CH         LINE#         41
  C:085CH         LINE#         42
  C:085CH         LINE#         45
  C:086AH         LINE#         46
  C:087AH         LINE#         48
  C:0883H         LINE#         50
  C:0891H         LINE#         51
  C:08A1H         LINE#         53
  C:08AAH         LINE#         55
  C:08B8H         LINE#         56
  C:08C8H         LINE#         58
  -------         ENDPROC       MAIN
  -------         PROC          SEC_ADD
  C:0CACH         LINE#         62
  C:0CACH         LINE#         64
  C:0CB0H         LINE#         65
  C:0CB2H         LINE#         66
  C:0CB9H         LINE#         67
  C:0CBCH         LINE#         68
  C:0CBEH         LINE#         69
  C:0CC4H         LINE#         70
  C:0CC7H         LINE#         71
  C:0CC9H         LINE#         72
  C:0CCFH         LINE#         73
  C:0CD2H         LINE#         74
  C:0CD2H         LINE#         75
  C:0CD2H         LINE#         76
  C:0CD2H         LINE#         77
  C:0CD2H         LINE#         78
  -------         ENDPROC       SEC_ADD
  -------         PROC          TIMER0_ROUTINE
  -------         DO            
  D:0008H         SYMBOL        T0Count
  D:000AH         SYMBOL        T0Count1
  D:000CH         SYMBOL        T0Count2
  -------         ENDDO         
  C:095FH         LINE#         80
  C:097CH         LINE#         84
  C:097FH         LINE#         85
  C:0982H         LINE#         86
  C:098AH         LINE#         87
  C:0992H         LINE#         88
  C:099AH         LINE#         89
  C:09A5H         LINE#         90
  C:09A5H         LINE#         91
  C:09ABH         LINE#         92
  C:09AEH         LINE#         93
  C:09AEH         LINE#         94
  C:09B9H         LINE#         95
  C:09B9H         LINE#         96
  C:09BFH         LINE#         97
  C:09C2H         LINE#         98
BL51 BANKED LINKER/LOCATER V6.22                                                      11/09/2025  16:26:23  PAGE 5


  C:09C2H         LINE#         99
  C:09CDH         LINE#         100
  C:09CDH         LINE#         101
  C:09D3H         LINE#         102
  C:09D6H         LINE#         103
  C:09D6H         LINE#         104
  -------         ENDPROC       TIMER0_ROUTINE
  -------         ENDMOD        MAIN

  -------         MODULE        DELAY
  C:0000H         SYMBOL        _ICE_DUMMY_
  C:0DAAH         PUBLIC        _delay
  -------         PROC          _DELAY
  D:0006H         SYMBOL        xms
  -------         DO            
  D:0005H         SYMBOL        i
  D:0004H         SYMBOL        j
  -------         ENDDO         
  C:0DAAH         LINE#         5
  C:0DAAH         LINE#         7
  C:0DB4H         LINE#         8
  C:0DB6H         LINE#         9
  C:0DB8H         LINE#         10
  C:0DB8H         LINE#         11
  C:0DBAH         LINE#         12
  C:0DBCH         LINE#         13
  C:0DBEH         LINE#         14
  -------         ENDPROC       _DELAY
  -------         ENDMOD        DELAY

  -------         MODULE        TIMER0
  C:0000H         SYMBOL        _ICE_DUMMY_
  B:00A8H.7       PUBLIC        EA
  D:0089H         PUBLIC        TMOD
  B:00A8H.1       PUBLIC        ET0
  B:0088H.5       PUBLIC        TF0
  C:0D51H         PUBLIC        Timer0Init
  D:008CH         PUBLIC        TH0
  D:008AH         PUBLIC        TL0
  B:00B8H.1       PUBLIC        PT0
  B:0088H.4       PUBLIC        TR0
  -------         PROC          TIMER0INIT
  C:0D51H         LINE#         5
  C:0D51H         LINE#         6
  C:0D51H         LINE#         7
  C:0D54H         LINE#         8
  C:0D57H         LINE#         9
  C:0D5AH         LINE#         10
  C:0D5DH         LINE#         11
  C:0D5FH         LINE#         12
  C:0D61H         LINE#         13
  C:0D63H         LINE#         14
  C:0D65H         LINE#         15
  C:0D67H         LINE#         16
  -------         ENDPROC       TIMER0INIT
  -------         ENDMOD        TIMER0

BL51 BANKED LINKER/LOCATER V6.22                                                      11/09/2025  16:26:23  PAGE 6


  -------         MODULE        I2C
  C:0000H         SYMBOL        _ICE_DUMMY_
  B:00A0H.1       PUBLIC        I2C_SCL
  D:00A0H         PUBLIC        P2
  C:0DF3H         PUBLIC        r_I2c
  C:0E0BH         PUBLIC        _s_I2c
  C:0CF6H         PUBLIC        read_I2C
  C:0C81H         PUBLIC        _write_I2C
  C:0E33H         PUBLIC        start_I2C
  C:0E3CH         PUBLIC        stop_I2C
  B:00A0H.0       PUBLIC        I2C_SDA
  -------         PROC          START_I2C
  C:0E33H         LINE#         11
  C:0E33H         LINE#         12
  C:0E35H         LINE#         13
  C:0E37H         LINE#         14
  C:0E39H         LINE#         15
  C:0E3BH         LINE#         16
  -------         ENDPROC       START_I2C
  -------         PROC          STOP_I2C
  C:0E3CH         LINE#         23
  C:0E3CH         LINE#         24
  C:0E3EH         LINE#         25
  C:0E40H         LINE#         26
  C:0E42H         LINE#         27
  C:0E44H         LINE#         28
  -------         ENDPROC       STOP_I2C
  -------         PROC          _WRITE_I2C
  D:0005H         SYMBOL        Byte
  -------         DO            
  D:0003H         SYMBOL        i
  -------         ENDDO         
  C:0C81H         LINE#         36
  C:0C83H         LINE#         38
  C:0C85H         LINE#         39
  C:0C87H         LINE#         40
  C:0CA3H         LINE#         41
  C:0CA5H         LINE#         42
  C:0CA7H         LINE#         43
  C:0CABH         LINE#         44
  -------         ENDPROC       _WRITE_I2C
  -------         PROC          READ_I2C
  -------         DO            
  D:0006H         SYMBOL        i
  D:0007H         SYMBOL        date
  -------         ENDDO         
  C:0CF6H         LINE#         51
  C:0CF6H         LINE#         52
  C:0CF8H         LINE#         53
  C:0CFAH         LINE#         54
  C:0CFCH         LINE#         55
  C:0CFDH         LINE#         56
  C:0CFFH         LINE#         57
  C:0D0FH         LINE#         58
  C:0D11H         LINE#         59
  C:0D15H         LINE#         60
  C:0D15H         LINE#         61
BL51 BANKED LINKER/LOCATER V6.22                                                      11/09/2025  16:26:23  PAGE 7


  -------         ENDPROC       READ_I2C
  -------         PROC          _S_I2C
  D:0007H         SYMBOL        Bit
  C:0E0BH         LINE#         68
  C:0E0BH         LINE#         69
  C:0E10H         LINE#         70
  C:0E12H         LINE#         71
  C:0E14H         LINE#         72
  -------         ENDPROC       _S_I2C
  -------         PROC          R_I2C
  -------         DO            
  D:0007H         SYMBOL        Bit
  -------         ENDDO         
  C:0DF3H         LINE#         79
  C:0DF3H         LINE#         80
  C:0DF4H         LINE#         81
  C:0DF6H         LINE#         83
  C:0DF8H         LINE#         84
  C:0DFCH         LINE#         85
  C:0DFEH         LINE#         86
  C:0DFEH         LINE#         87
  -------         ENDPROC       R_I2C
  -------         ENDMOD        I2C

  -------         MODULE        AT24C02
  C:0000H         SYMBOL        _ICE_DUMMY_
  C:0BE9H         PUBLIC        _read_AT24C02
  C:0AEAH         PUBLIC        _write_AT24C02
  -------         PROC          _WRITE_AT24C02
  D:0024H         SYMBOL        ADDRESS
  D:0025H         SYMBOL        Byte
  -------         DO            
  D:0027H         SYMBOL        ack
  D:0028H         SYMBOL        timeout
  -------         ENDDO         
  C:0AEAH         LINE#         14
  C:0AF0H         LINE#         16
  C:0AF5H         LINE#         19
  C:0AF8H         LINE#         20
  C:0AFDH         LINE#         21
  C:0B00H         LINE#         22
  C:0B05H         LINE#         23
  C:0B08H         LINE#         24
  C:0B0DH         LINE#         25
  C:0B10H         LINE#         26
  C:0B13H         LINE#         30
  C:0B13H         LINE#         31
  C:0B16H         LINE#         32
  C:0B1BH         LINE#         33
  C:0B20H         LINE#         34
  C:0B23H         LINE#         35
  C:0B38H         LINE#         36
  C:0B3CH         LINE#         38
  C:0B3DH         LINE#         39
  -------         ENDPROC       _WRITE_AT24C02
  -------         PROC          _READ_AT24C02
  D:0024H         SYMBOL        ADDRESS
BL51 BANKED LINKER/LOCATER V6.22                                                      11/09/2025  16:26:23  PAGE 8


  -------         DO            
  D:0025H         SYMBOL        date
  -------         ENDDO         
  C:0BE9H         LINE#         47
  C:0BEBH         LINE#         48
  C:0BEEH         LINE#         49
  C:0BF1H         LINE#         50
  C:0BF6H         LINE#         51
  C:0BF9H         LINE#         52
  C:0BFEH         LINE#         53
  C:0C01H         LINE#         56
  C:0C04H         LINE#         57
  C:0C09H         LINE#         58
  C:0C0CH         LINE#         59
  C:0C11H         LINE#         60
  C:0C16H         LINE#         61
  C:0C19H         LINE#         62
  C:0C1BH         LINE#         63
  -------         ENDPROC       _READ_AT24C02
  -------         ENDMOD        AT24C02

  -------         MODULE        LCD1602
  C:0000H         SYMBOL        _ICE_DUMMY_
  D:0080H         PUBLIC        P0
  D:00A0H         PUBLIC        P2
  C:0E15H         PUBLIC        _LCD_WriteCommand
  C:0D34H         PUBLIC        _LCD_ShowNum
  C:0BB1H         PUBLIC        _LCD_ShowBinNum
  C:0DEAH         PUBLIC        LCD_Delay
  C:0B78H         PUBLIC        _LCD_ShowHexNum
  C:0D2AH         PUBLIC        _LCD_WriteData
  B:00A0H.7       PUBLIC        LCD_EN
  C:0DBFH         PUBLIC        LCD_Init
  C:0CD3H         PUBLIC        _LCD_ShowString
  C:0E1FH         PUBLIC        _LCD_ShowChar
  B:00A0H.6       PUBLIC        LCD_RS
  B:00A0H.5       PUBLIC        LCD_RW
  C:0D68H         PUBLIC        _LCD_SetCursor
  C:0B3EH         PUBLIC        _LCD_ShowSignedNum
  C:0C28H         PUBLIC        _LCD_Pow
  -------         PROC          L?0048
  -------         ENDPROC       L?0048
  -------         PROC          LCD_DELAY
  -------         DO            
  D:0007H         SYMBOL        i
  D:0006H         SYMBOL        j
  -------         ENDDO         
  C:0DEAH         LINE#         15
  C:0DEAH         LINE#         16
  C:0DEAH         LINE#         19
  C:0DECH         LINE#         20
  C:0DEEH         LINE#         22
  C:0DEEH         LINE#         23
  C:0DF0H         LINE#         24
  C:0DF2H         LINE#         25
  -------         ENDPROC       LCD_DELAY
  -------         PROC          _LCD_WRITECOMMAND
BL51 BANKED LINKER/LOCATER V6.22                                                      11/09/2025  16:26:23  PAGE 9


  D:0007H         SYMBOL        Command
  C:0E15H         LINE#         32
  C:0E15H         LINE#         33
  C:0E15H         LINE#         34
  C:0E17H         LINE#         35
  C:0E17H         LINE#         36
  C:0E17H         LINE#         37
  C:0E17H         LINE#         38
  C:0E1AH         LINE#         39
  C:0E1CH         LINE#         40
  -------         ENDPROC       _LCD_WRITECOMMAND
  -------         PROC          L?0047
  -------         ENDPROC       L?0047
  -------         PROC          _LCD_WRITEDATA
  D:0007H         SYMBOL        Data
  C:0D2AH         LINE#         48
  C:0D2AH         LINE#         49
  C:0D2AH         LINE#         50
  C:0D2CH         LINE#         51
  C:0D2CH         LINE#         52
  C:0D2CH         LINE#         53
  C:0D2CH         LINE#         54
  C:0D2FH         LINE#         55
  C:0D31H         LINE#         56
  -------         ENDPROC       _LCD_WRITEDATA
  -------         PROC          _LCD_SETCURSOR
  D:0006H         SYMBOL        Line
  D:0005H         SYMBOL        Column
  C:0D68H         LINE#         65
  C:0D6AH         LINE#         66
  C:0D6AH         LINE#         67
  C:0D6DH         LINE#         68
  C:0D6DH         LINE#         69
  C:0D6FH         LINE#         70
  C:0D71H         LINE#         71
  C:0D74H         LINE#         72
  C:0D74H         LINE#         73
  C:0D7DH         LINE#         74
  C:0D7DH         LINE#         75
  -------         ENDPROC       _LCD_SETCURSOR
  -------         PROC          LCD_INIT
  C:0DBFH         LINE#         82
  C:0DBFH         LINE#         83
  C:0DBFH         LINE#         84
  C:0DC4H         LINE#         85
  C:0DC9H         LINE#         86
  C:0DCEH         LINE#         87
  -------         ENDPROC       LCD_INIT
  -------         PROC          _LCD_SHOWCHAR
  D:0006H         SYMBOL        Line
  D:0005H         SYMBOL        Column
  D:0004H         SYMBOL        Char
  C:0E1FH         LINE#         97
  C:0E21H         LINE#         98
  C:0E21H         LINE#         99
  C:0E24H         LINE#         100
  -------         ENDPROC       _LCD_SHOWCHAR
BL51 BANKED LINKER/LOCATER V6.22                                                      11/09/2025  16:26:23  PAGE 10


  -------         PROC          _LCD_SHOWSTRING
  D:0007H         SYMBOL        Line
  D:0005H         SYMBOL        Column
  D:003DH         SYMBOL        String
  -------         DO            
  D:0005H         SYMBOL        i
  -------         ENDDO         
  C:0CD3H         LINE#         110
  C:0CD9H         LINE#         111
  C:0CD9H         LINE#         113
  C:0CDCH         LINE#         114
  C:0CEFH         LINE#         115
  C:0CEFH         LINE#         116
  C:0CF2H         LINE#         117
  C:0CF5H         LINE#         118
  -------         ENDPROC       _LCD_SHOWSTRING
  C:0C1EH         SYMBOL        L?0046
  -------         PROC          L?0045
  -------         ENDPROC       L?0045
  C:0C1EH         SYMBOL        L?0046
  -------         PROC          _LCD_POW
  D:0039H         SYMBOL        X
  D:003BH         SYMBOL        Y
  -------         DO            
  D:0003H         SYMBOL        i
  D:0006H         SYMBOL        Result
  -------         ENDDO         
  C:0C28H         LINE#         123
  C:0C30H         LINE#         124
  C:0C30H         LINE#         126
  C:0C34H         LINE#         127
  C:0C44H         LINE#         128
  C:0C44H         LINE#         129
  C:0C4BH         LINE#         130
  C:0C4EH         LINE#         131
  C:0C4EH         LINE#         132
  -------         ENDPROC       _LCD_POW
  -------         PROC          _LCD_SHOWNUM
  D:0007H         SYMBOL        Line
  D:0005H         SYMBOL        Column
  D:002CH         SYMBOL        Number
  D:002EH         SYMBOL        Length
  -------         DO            
  D:0002H         SYMBOL        i
  -------         ENDDO         
  C:0D34H         LINE#         142
  C:0D38H         LINE#         143
  C:0D38H         LINE#         145
  C:0D3BH         LINE#         146
  C:0D43H         LINE#         147
  C:0D43H         LINE#         148
  C:0D4DH         LINE#         149
  C:0D50H         LINE#         150
  -------         ENDPROC       _LCD_SHOWNUM
  -------         PROC          _LCD_SHOWSIGNEDNUM
  D:0007H         SYMBOL        Line
  D:0005H         SYMBOL        Column
BL51 BANKED LINKER/LOCATER V6.22                                                      11/09/2025  16:26:23  PAGE 11


  D:0002H         SYMBOL        Number
  D:0021H         SYMBOL        Length
  -------         DO            
  D:0002H         SYMBOL        i
  D:0022H         SYMBOL        Number1
  -------         ENDDO         
  C:0B3EH         LINE#         160
  C:0B3EH         LINE#         161
  C:0B3EH         LINE#         164
  C:0B41H         LINE#         165
  C:0B49H         LINE#         166
  C:0B49H         LINE#         167
  C:0B4EH         LINE#         168
  C:0B52H         LINE#         169
  C:0B54H         LINE#         171
  C:0B54H         LINE#         172
  C:0B59H         LINE#         173
  C:0B62H         LINE#         174
  C:0B62H         LINE#         175
  C:0B6AH         LINE#         176
  C:0B6AH         LINE#         177
  C:0B74H         LINE#         178
  C:0B77H         LINE#         179
  -------         ENDPROC       _LCD_SHOWSIGNEDNUM
  -------         PROC          _LCD_SHOWHEXNUM
  D:0007H         SYMBOL        Line
  D:0005H         SYMBOL        Column
  D:0031H         SYMBOL        Number
  D:0033H         SYMBOL        Length
  -------         DO            
  D:0002H         SYMBOL        i
  D:0006H         SYMBOL        SingleNumber
  -------         ENDDO         
  C:0B78H         LINE#         189
  C:0B7CH         LINE#         190
  C:0B7CH         LINE#         192
  C:0B7FH         LINE#         193
  C:0B87H         LINE#         194
  C:0B87H         LINE#         195
  C:0B9DH         LINE#         196
  C:0BA3H         LINE#         197
  C:0BA3H         LINE#         198
  C:0BA5H         LINE#         199
  C:0BA7H         LINE#         201
  C:0BA7H         LINE#         202
  C:0BADH         LINE#         203
  C:0BADH         LINE#         204
  C:0BB0H         LINE#         205
  -------         ENDPROC       _LCD_SHOWHEXNUM
  -------         PROC          _LCD_SHOWBINNUM
  D:0007H         SYMBOL        Line
  D:0005H         SYMBOL        Column
  D:0036H         SYMBOL        Number
  D:0038H         SYMBOL        Length
  -------         DO            
  D:0002H         SYMBOL        i
  -------         ENDDO         
BL51 BANKED LINKER/LOCATER V6.22                                                      11/09/2025  16:26:23  PAGE 12


  C:0BB1H         LINE#         215
  C:0BB5H         LINE#         216
  C:0BB5H         LINE#         218
  C:0BB8H         LINE#         219
  C:0BC0H         LINE#         220
  C:0BC0H         LINE#         221
  C:0BE5H         LINE#         222
  C:0BE8H         LINE#         223
  -------         ENDPROC       _LCD_SHOWBINNUM
  -------         ENDMOD        LCD1602

  -------         MODULE        888LED
  C:0000H         SYMBOL        _ICE_DUMMY_
  C:0A7DH         PUBLIC        _Nixie
  D:0080H         PUBLIC        P0
  B:00A0H.2       PUBLIC        P2_2
  B:00A0H.3       PUBLIC        P2_3
  B:00A0H.4       PUBLIC        P2_4
  C:0C4FH         PUBLIC        Scan_888led
  C:0DFFH         PUBLIC        leddata
  D:0015H         PUBLIC        code_888led
  C:0E45H         PUBLIC        _Set_888led
  -------         PROC          _NIXIE
  D:0007H         SYMBOL        Location
  D:0004H         SYMBOL        Number
  C:0A7DH         LINE#         14
  C:0A7DH         LINE#         15
  C:0A80H         LINE#         16
  C:0AADH         LINE#         17
  C:0AADH         LINE#         18
  C:0AB1H         LINE#         19
  C:0AB9H         LINE#         20
  C:0ABDH         LINE#         21
  C:0AC5H         LINE#         22
  C:0AC9H         LINE#         23
  C:0AD1H         LINE#         24
  C:0AD5H         LINE#         25
  C:0ADBH         LINE#         26
  C:0ADBH         LINE#         27
  C:0AE9H         LINE#         28
  -------         ENDPROC       _NIXIE
  -------         PROC          SCAN_888LED
  -------         DO            
  D:0013H         SYMBOL        number
  D:0014H         SYMBOL        i
  -------         ENDDO         
  C:0C4FH         LINE#         39
  C:0C4FH         LINE#         44
  C:0C60H         LINE#         45
  C:0C67H         LINE#         46
  C:0C69H         LINE#         47
  C:0C6EH         LINE#         50
  C:0C79H         LINE#         51
  C:0C80H         LINE#         52
  -------         ENDPROC       SCAN_888LED
  -------         PROC          _SET_888LED
  D:0007H         SYMBOL        Location
BL51 BANKED LINKER/LOCATER V6.22                                                      11/09/2025  16:26:23  PAGE 13


  D:0004H         SYMBOL        Number
  C:0E45H         LINE#         61
  C:0E45H         LINE#         62
  C:0E4DH         LINE#         63
  -------         ENDPROC       _SET_888LED
  -------         ENDMOD        888LED

  -------         MODULE        SWITCH0000
  C:0000H         SYMBOL        _ICE_DUMMY_
  B:00B0H.0       PUBLIC        P3_0
  B:00B0H.1       PUBLIC        P3_1
  B:00B0H.2       PUBLIC        P3_2
  B:00B0H.3       PUBLIC        P3_3
  C:0D94H         PUBLIC        Scan_key
  C:0D7EH         PUBLIC        Detection_key
  C:0E29H         PUBLIC        switch0000
  D:0042H         PUBLIC        middle
  -------         PROC          DETECTION_KEY
  -------         DO            
  D:0007H         SYMBOL        KeyNumber
  -------         ENDDO         
  C:0D7EH         LINE#         8
  C:0D7EH         LINE#         9
  C:0D7EH         LINE#         10
  C:0D80H         LINE#         12
  C:0D84H         LINE#         13
  C:0D89H         LINE#         14
  C:0D8EH         LINE#         15
  C:0D93H         LINE#         17
  C:0D93H         LINE#         18
  -------         ENDPROC       DETECTION_KEY
  -------         PROC          SCAN_KEY
  -------         DO            
  D:0040H         SYMBOL        oldnum
  D:0041H         SYMBOL        newnum
  -------         ENDDO         
  C:0D94H         LINE#         21
  C:0D94H         LINE#         23
  C:0D97H         LINE#         24
  C:0D9CH         LINE#         25
  C:0DA9H         LINE#         26
  -------         ENDPROC       SCAN_KEY
  -------         PROC          SWITCH0000
  -------         DO            
  D:0007H         SYMBOL        tem
  -------         ENDDO         
  C:0E29H         LINE#         29
  C:0E29H         LINE#         31
  C:0E2DH         LINE#         32
  C:0E2EH         LINE#         33
  C:0E31H         LINE#         34
  C:0E32H         LINE#         35
  C:0E32H         LINE#         36
  C:0E32H         LINE#         37
  -------         ENDPROC       SWITCH0000
  -------         ENDMOD        SWITCH0000

BL51 BANKED LINKER/LOCATER V6.22                                                      11/09/2025  16:26:23  PAGE 14


  -------         MODULE        ?C?CLDOPTR
  C:08CBH         PUBLIC        ?C?CLDOPTR
  -------         ENDMOD        ?C?CLDOPTR

  -------         MODULE        ?C?IMUL
  C:08F8H         PUBLIC        ?C?IMUL
  -------         ENDMOD        ?C?IMUL

  -------         MODULE        ?C?UIDIV
  C:090AH         PUBLIC        ?C?UIDIV
  -------         ENDMOD        ?C?UIDIV

******************************************************************************
* RESTRICTED VERSION WITH 0800H BYTE CODE SIZE LIMIT; USED: 0530H BYTE (64%) *
******************************************************************************

Program Size: data=68.0 xdata=0 code=1620
LINK/LOCATE RUN COMPLETE.  0 WARNING(S),  0 ERROR(S)
