BL51 BANKED LINKER/LOCATER V6.22                                                        11/08/2025  22:48:16  PAGE 1


BL51 BANKED LINKER/LOCATER V6.22, INVOKED BY:
E:\KEIL5 C51\KEIL5 C51\C51\BIN\BL51.EXE .\Objects\main.obj, .\Objects\delay.obj, .\Objects\Timer0.obj, .\Objects\I2C.obj
>> , .\Objects\AT24C02.obj, .\Objects\lcd1602.obj, .\Objects\888led.obj, .\Objects\Switch0000.obj TO .\Objects\project P
>> RINT (.\Listings\project.m51) RAMSIZE (256) DISABLEWARNING (16)


MEMORY MODEL: SMALL


INPUT MODULES INCLUDED:
  .\Objects\main.obj (MAIN)
  .\Objects\delay.obj (DELAY)
  .\Objects\Timer0.obj (TIMER0)
  .\Objects\I2C.obj (I2C)
  .\Objects\AT24C02.obj (AT24C02)
  .\Objects\lcd1602.obj (LCD1602)
  .\Objects\888led.obj (888LED)
  .\Objects\Switch0000.obj (SWITCH0000)
  E:\KEIL5 C51\KEIL5 C51\C51\LIB\C51S.LIB (?C_STARTUP)
  E:\KEIL5 C51\KEIL5 C51\C51\LIB\C51S.LIB (?C?CLDOPTR)
  E:\KEIL5 C51\KEIL5 C51\C51\LIB\C51S.LIB (?C?IMUL)
  E:\KEIL5 C51\KEIL5 C51\C51\LIB\C51S.LIB (?C?UIDIV)


LINK MAP OF MODULE:  .\Objects\project (MAIN)


            TYPE    BASE      LENGTH    RELOCATION   SEGMENT NAME
            -----------------------------------------------------

            * * * * * * *   D A T A   M E M O R Y   * * * * * * *
            REG     0000H     0008H     ABSOLUTE     "REG BANK 0"
            DATA    0008H     0007H     UNIT         ?DT?_LCD_SHOWSIGNEDNUM?LCD1602
            DATA    000FH     0006H     UNIT         ?DT?_WRITE_AT24C02?AT24C02
            DATA    0015H     0005H     UNIT         ?DT?_LCD_SHOWNUM?LCD1602
            DATA    001AH     0005H     UNIT         ?DT?_LCD_SHOWHEXNUM?LCD1602
            DATA    001FH     0005H     UNIT         ?DT?_LCD_SHOWBINNUM?LCD1602
            DATA    0024H     0004H     UNIT         ?DT?MAIN
            DATA    0028H     0004H     UNIT         ?DT?_LCD_POW?LCD1602
            DATA    002CH     0003H     UNIT         ?DT?SWITCH0000
            DATA    002FH     0003H     UNIT         _DATA_GROUP_
            DATA    0032H     0002H     UNIT         ?DT?_READ_AT24C02?AT24C02
            IDATA   0034H     0001H     UNIT         ?STACK

            * * * * * * *   C O D E   M E M O R Y   * * * * * * *
            CODE    0000H     0003H     ABSOLUTE     
                    0003H     0008H                  *** GAP ***
            CODE    000BH     0003H     ABSOLUTE     
                    000EH     07F2H                  *** GAP ***
            CODE    0800H     0094H     UNIT         ?C?LIB_CODE
            CODE    0894H     006AH     UNIT         ?PR?_NIXIE?888LED
            CODE    08FEH     0064H     UNIT         ?PR?MAIN?MAIN
            CODE    0962H     0058H     UNIT         ?PR?TIMER0_ROUTINE?MAIN
            CODE    09BAH     0054H     UNIT         ?PR?_WRITE_AT24C02?AT24C02
            CODE    0A0EH     003AH     UNIT         ?PR?_LCD_SHOWSIGNEDNUM?LCD1602
            CODE    0A48H     0039H     UNIT         ?PR?_LCD_SHOWHEXNUM?LCD1602
            CODE    0A81H     0038H     UNIT         ?PR?_LCD_SHOWBINNUM?LCD1602
            CODE    0AB9H     0033H     UNIT         ?PR?_READ_AT24C02?AT24C02
BL51 BANKED LINKER/LOCATER V6.22                                                      11/08/2025  22:48:16  PAGE 2


            CODE    0AECH     0033H     UNIT         ?PR?_LCD_POW?LCD1602
            CODE    0B1FH     002BH     UNIT         ?PR?_WRITE_I2C?I2C
            CODE    0B4AH     0023H     UNIT         ?PR?_LCD_SHOWSTRING?LCD1602
            CODE    0B6DH     0020H     UNIT         ?PR?READ_I2C?I2C
            CODE    0B8DH     001EH     UNIT         ?PR?_LCD_WRITEDATA?LCD1602
            CODE    0BABH     001DH     UNIT         ?PR?_LCD_SHOWNUM?LCD1602
            CODE    0BC8H     0017H     UNIT         ?PR?TIMER0INIT?TIMER0
            CODE    0BDFH     0016H     UNIT         ?PR?_LCD_SETCURSOR?LCD1602
            CODE    0BF5H     0016H     UNIT         ?PR?DETECTION_KEY?SWITCH0000
            CODE    0C0BH     0016H     UNIT         ?PR?SCAN_KEY?SWITCH0000
            CODE    0C21H     0014H     UNIT         ?PR?LCD_INIT?LCD1602
            CODE    0C35H     0011H     UNIT         ?PR?_DELAY?DELAY
            CODE    0C46H     000FH     UNIT         ?PR?LCD_DELAY?LCD1602
            CODE    0C55H     000EH     UNIT         ?CO?MAIN
            CODE    0C63H     000CH     UNIT         ?PR?R_I2C?I2C
            CODE    0C6FH     000CH     UNIT         ?C_C51STARTUP
            CODE    0C7BH     000AH     UNIT         ?PR?_S_I2C?I2C
            CODE    0C85H     000AH     UNIT         ?PR?_LCD_WRITECOMMAND?LCD1602
            CODE    0C8FH     000AH     UNIT         ?PR?_LCD_SHOWCHAR?LCD1602
            CODE    0C99H     000AH     UNIT         ?CO?888LED
            CODE    0CA3H     000AH     UNIT         ?PR?SWITCH0000?SWITCH0000
            CODE    0CADH     0009H     UNIT         ?PR?START_I2C?I2C
            CODE    0CB6H     0009H     UNIT         ?PR?STOP_I2C?I2C



OVERLAY MAP OF MODULE:   .\Objects\project (MAIN)


SEGMENT                                  DATA_GROUP 
  +--> CALLED SEGMENT                  START    LENGTH
------------------------------------------------------
?PR?TIMER0_ROUTINE?MAIN                -----    -----
  +--> ?PR?SCAN_KEY?SWITCH0000

?PR?SCAN_KEY?SWITCH0000                -----    -----
  +--> ?PR?DETECTION_KEY?SWITCH0000

*** NEW ROOT ***************************************************

?C_C51STARTUP                          -----    -----
  +--> ?PR?MAIN?MAIN

?PR?MAIN?MAIN                          -----    -----
  +--> ?PR?LCD_INIT?LCD1602
  +--> ?PR?TIMER0INIT?TIMER0
  +--> ?CO?MAIN
  +--> ?PR?_LCD_SHOWSTRING?LCD1602
  +--> ?PR?SWITCH0000?SWITCH0000

?PR?LCD_INIT?LCD1602                   -----    -----
  +--> ?PR?_LCD_WRITECOMMAND?LCD1602

?PR?_LCD_WRITECOMMAND?LCD1602          -----    -----
  +--> ?PR?LCD_DELAY?LCD1602

?PR?_LCD_SHOWSTRING?LCD1602            002FH    0003H
BL51 BANKED LINKER/LOCATER V6.22                                                      11/08/2025  22:48:16  PAGE 3


  +--> ?PR?_LCD_SETCURSOR?LCD1602
  +--> ?PR?_LCD_WRITEDATA?LCD1602

?PR?_LCD_SETCURSOR?LCD1602             -----    -----
  +--> ?PR?_LCD_WRITECOMMAND?LCD1602

?PR?_LCD_WRITEDATA?LCD1602             -----    -----
  +--> ?PR?LCD_DELAY?LCD1602



SYMBOL TABLE OF MODULE:  .\Objects\project (MAIN)

  VALUE           TYPE          NAME
  ----------------------------------

  -------         MODULE        MAIN
  C:0000H         SYMBOL        _ICE_DUMMY_
  C:0962H         PUBLIC        Timer0_Routine
  D:0026H         PUBLIC        date
  C:08FEH         PUBLIC        main
  D:0027H         PUBLIC        key
  D:008CH         PUBLIC        TH0
  D:008AH         PUBLIC        TL0
  -------         PROC          MAIN
  C:08FEH         LINE#         13
  C:08FEH         LINE#         14
  C:0901H         LINE#         15
  C:0904H         LINE#         16
  C:0911H         LINE#         21
  C:0911H         LINE#         22
  C:0916H         LINE#         23
  C:091AH         LINE#         24
  C:091DH         LINE#         25
  C:092AH         LINE#         26
  C:092AH         LINE#         27
  C:092FH         LINE#         28
  C:093CH         LINE#         29
  C:093CH         LINE#         30
  C:0941H         LINE#         31
  C:094EH         LINE#         32
  C:094EH         LINE#         33
  C:0953H         LINE#         34
  C:0960H         LINE#         35
  C:0960H         LINE#         36
  C:0960H         LINE#         38
  -------         ENDPROC       MAIN
  -------         PROC          TIMER0_ROUTINE
  -------         DO            
  D:0024H         SYMBOL        T0Count
  -------         ENDDO         
  C:0962H         LINE#         43
  C:097FH         LINE#         46
  C:0982H         LINE#         47
  C:0985H         LINE#         48
  C:098DH         LINE#         49
  C:0996H         LINE#         50
BL51 BANKED LINKER/LOCATER V6.22                                                      11/08/2025  22:48:16  PAGE 4


  C:0996H         LINE#         51
  C:099CH         LINE#         52
  C:099FH         LINE#         53
  C:099FH         LINE#         54
  -------         ENDPROC       TIMER0_ROUTINE
  -------         ENDMOD        MAIN

  -------         MODULE        DELAY
  C:0000H         SYMBOL        _ICE_DUMMY_
  C:0C35H         PUBLIC        _delay
  -------         PROC          _DELAY
  D:0007H         SYMBOL        xms
  -------         DO            
  D:0006H         SYMBOL        i
  D:0005H         SYMBOL        j
  -------         ENDDO         
  C:0C35H         LINE#         5
  C:0C35H         LINE#         7
  C:0C3BH         LINE#         8
  C:0C3DH         LINE#         9
  C:0C3FH         LINE#         10
  C:0C3FH         LINE#         11
  C:0C41H         LINE#         12
  C:0C43H         LINE#         13
  C:0C45H         LINE#         14
  -------         ENDPROC       _DELAY
  -------         ENDMOD        DELAY

  -------         MODULE        TIMER0
  C:0000H         SYMBOL        _ICE_DUMMY_
  B:00A8H.7       PUBLIC        EA
  D:0089H         PUBLIC        TMOD
  B:00A8H.1       PUBLIC        ET0
  B:0088H.5       PUBLIC        TF0
  C:0BC8H         PUBLIC        Timer0Init
  D:008CH         PUBLIC        TH0
  D:008AH         PUBLIC        TL0
  B:00B8H.1       PUBLIC        PT0
  B:0088H.4       PUBLIC        TR0
  -------         PROC          TIMER0INIT
  C:0BC8H         LINE#         5
  C:0BC8H         LINE#         6
  C:0BC8H         LINE#         7
  C:0BCBH         LINE#         8
  C:0BCEH         LINE#         9
  C:0BD1H         LINE#         10
  C:0BD4H         LINE#         11
  C:0BD6H         LINE#         12
  C:0BD8H         LINE#         13
  C:0BDAH         LINE#         14
  C:0BDCH         LINE#         15
  C:0BDEH         LINE#         16
  -------         ENDPROC       TIMER0INIT
  -------         ENDMOD        TIMER0

  -------         MODULE        I2C
  C:0000H         SYMBOL        _ICE_DUMMY_
BL51 BANKED LINKER/LOCATER V6.22                                                      11/08/2025  22:48:16  PAGE 5


  B:00A0H.1       PUBLIC        I2C_SCL
  D:00A0H         PUBLIC        P2
  C:0C63H         PUBLIC        r_I2c
  C:0C7BH         PUBLIC        _s_I2c
  C:0B6DH         PUBLIC        read_I2C
  C:0B1FH         PUBLIC        _write_I2C
  C:0CADH         PUBLIC        start_I2C
  C:0CB6H         PUBLIC        stop_I2C
  B:00A0H.0       PUBLIC        I2C_SDA
  -------         PROC          START_I2C
  C:0CADH         LINE#         11
  C:0CADH         LINE#         12
  C:0CAFH         LINE#         13
  C:0CB1H         LINE#         14
  C:0CB3H         LINE#         15
  C:0CB5H         LINE#         16
  -------         ENDPROC       START_I2C
  -------         PROC          STOP_I2C
  C:0CB6H         LINE#         23
  C:0CB6H         LINE#         24
  C:0CB8H         LINE#         25
  C:0CBAH         LINE#         26
  C:0CBCH         LINE#         27
  C:0CBEH         LINE#         28
  -------         ENDPROC       STOP_I2C
  -------         PROC          _WRITE_I2C
  D:0005H         SYMBOL        Byte
  -------         DO            
  D:0003H         SYMBOL        i
  -------         ENDDO         
  C:0B1FH         LINE#         36
  C:0B21H         LINE#         38
  C:0B23H         LINE#         39
  C:0B25H         LINE#         40
  C:0B41H         LINE#         41
  C:0B43H         LINE#         42
  C:0B45H         LINE#         43
  C:0B49H         LINE#         44
  -------         ENDPROC       _WRITE_I2C
  -------         PROC          READ_I2C
  -------         DO            
  D:0006H         SYMBOL        i
  D:0007H         SYMBOL        date
  -------         ENDDO         
  C:0B6DH         LINE#         51
  C:0B6DH         LINE#         52
  C:0B6FH         LINE#         53
  C:0B71H         LINE#         54
  C:0B73H         LINE#         55
  C:0B74H         LINE#         56
  C:0B76H         LINE#         57
  C:0B86H         LINE#         58
  C:0B88H         LINE#         59
  C:0B8CH         LINE#         60
  C:0B8CH         LINE#         61
  -------         ENDPROC       READ_I2C
  -------         PROC          _S_I2C
BL51 BANKED LINKER/LOCATER V6.22                                                      11/08/2025  22:48:16  PAGE 6


  D:0007H         SYMBOL        Bit
  C:0C7BH         LINE#         68
  C:0C7BH         LINE#         69
  C:0C80H         LINE#         70
  C:0C82H         LINE#         71
  C:0C84H         LINE#         72
  -------         ENDPROC       _S_I2C
  -------         PROC          R_I2C
  -------         DO            
  D:0007H         SYMBOL        Bit
  -------         ENDDO         
  C:0C63H         LINE#         79
  C:0C63H         LINE#         80
  C:0C64H         LINE#         81
  C:0C66H         LINE#         83
  C:0C68H         LINE#         84
  C:0C6CH         LINE#         85
  C:0C6EH         LINE#         86
  C:0C6EH         LINE#         87
  -------         ENDPROC       R_I2C
  -------         ENDMOD        I2C

  -------         MODULE        AT24C02
  C:0000H         SYMBOL        _ICE_DUMMY_
  C:0AB9H         PUBLIC        _read_AT24C02
  C:09BAH         PUBLIC        _write_AT24C02
  -------         PROC          _WRITE_AT24C02
  D:000FH         SYMBOL        ADDRESS
  D:0010H         SYMBOL        Byte
  -------         DO            
  D:0012H         SYMBOL        ack
  D:0013H         SYMBOL        timeout
  -------         ENDDO         
  C:09BAH         LINE#         14
  C:09C0H         LINE#         16
  C:09C5H         LINE#         19
  C:09C8H         LINE#         20
  C:09CDH         LINE#         21
  C:09D0H         LINE#         22
  C:09D5H         LINE#         23
  C:09D8H         LINE#         24
  C:09DDH         LINE#         25
  C:09E0H         LINE#         26
  C:09E3H         LINE#         30
  C:09E3H         LINE#         31
  C:09E6H         LINE#         32
  C:09EBH         LINE#         33
  C:09F0H         LINE#         34
  C:09F3H         LINE#         35
  C:0A08H         LINE#         36
  C:0A0CH         LINE#         38
  C:0A0DH         LINE#         39
  -------         ENDPROC       _WRITE_AT24C02
  -------         PROC          _READ_AT24C02
  D:0032H         SYMBOL        ADDRESS
  -------         DO            
  D:0033H         SYMBOL        date
BL51 BANKED LINKER/LOCATER V6.22                                                      11/08/2025  22:48:16  PAGE 7


  -------         ENDDO         
  C:0AB9H         LINE#         47
  C:0ABBH         LINE#         48
  C:0ABEH         LINE#         49
  C:0AC1H         LINE#         50
  C:0AC6H         LINE#         51
  C:0AC9H         LINE#         52
  C:0ACEH         LINE#         53
  C:0AD1H         LINE#         56
  C:0AD4H         LINE#         57
  C:0AD9H         LINE#         58
  C:0ADCH         LINE#         59
  C:0AE1H         LINE#         60
  C:0AE6H         LINE#         61
  C:0AE9H         LINE#         62
  C:0AEBH         LINE#         63
  -------         ENDPROC       _READ_AT24C02
  -------         ENDMOD        AT24C02

  -------         MODULE        LCD1602
  C:0000H         SYMBOL        _ICE_DUMMY_
  D:0080H         PUBLIC        P0
  D:00A0H         PUBLIC        P2
  C:0C85H         PUBLIC        _LCD_WriteCommand
  C:0BABH         PUBLIC        _LCD_ShowNum
  C:0A81H         PUBLIC        _LCD_ShowBinNum
  C:0C4CH         PUBLIC        LCD_Delay
  C:0A48H         PUBLIC        _LCD_ShowHexNum
  C:0BA1H         PUBLIC        _LCD_WriteData
  B:00A0H.7       PUBLIC        LCD_EN
  C:0C21H         PUBLIC        LCD_Init
  C:0B4AH         PUBLIC        _LCD_ShowString
  C:0C8FH         PUBLIC        _LCD_ShowChar
  B:00A0H.6       PUBLIC        LCD_RS
  B:00A0H.5       PUBLIC        LCD_RW
  C:0BDFH         PUBLIC        _LCD_SetCursor
  C:0A0EH         PUBLIC        _LCD_ShowSignedNum
  C:0AF8H         PUBLIC        _LCD_Pow
  -------         PROC          L?0048
  -------         ENDPROC       L?0048
  -------         PROC          LCD_DELAY
  -------         DO            
  D:0007H         SYMBOL        i
  D:0006H         SYMBOL        j
  -------         ENDDO         
  C:0C4CH         LINE#         15
  C:0C4CH         LINE#         16
  C:0C4CH         LINE#         19
  C:0C4EH         LINE#         20
  C:0C50H         LINE#         22
  C:0C50H         LINE#         23
  C:0C52H         LINE#         24
  C:0C54H         LINE#         25
  -------         ENDPROC       LCD_DELAY
  -------         PROC          _LCD_WRITECOMMAND
  D:0007H         SYMBOL        Command
  C:0C85H         LINE#         32
BL51 BANKED LINKER/LOCATER V6.22                                                      11/08/2025  22:48:16  PAGE 8


  C:0C85H         LINE#         33
  C:0C85H         LINE#         34
  C:0C87H         LINE#         35
  C:0C87H         LINE#         36
  C:0C87H         LINE#         37
  C:0C87H         LINE#         38
  C:0C8AH         LINE#         39
  C:0C8CH         LINE#         40
  -------         ENDPROC       _LCD_WRITECOMMAND
  -------         PROC          L?0047
  -------         ENDPROC       L?0047
  -------         PROC          _LCD_WRITEDATA
  D:0007H         SYMBOL        Data
  C:0BA1H         LINE#         48
  C:0BA1H         LINE#         49
  C:0BA1H         LINE#         50
  C:0BA3H         LINE#         51
  C:0BA3H         LINE#         52
  C:0BA3H         LINE#         53
  C:0BA3H         LINE#         54
  C:0BA6H         LINE#         55
  C:0BA8H         LINE#         56
  -------         ENDPROC       _LCD_WRITEDATA
  -------         PROC          _LCD_SETCURSOR
  D:0006H         SYMBOL        Line
  D:0005H         SYMBOL        Column
  C:0BDFH         LINE#         65
  C:0BE1H         LINE#         66
  C:0BE1H         LINE#         67
  C:0BE4H         LINE#         68
  C:0BE4H         LINE#         69
  C:0BE6H         LINE#         70
  C:0BE8H         LINE#         71
  C:0BEBH         LINE#         72
  C:0BEBH         LINE#         73
  C:0BF4H         LINE#         74
  C:0BF4H         LINE#         75
  -------         ENDPROC       _LCD_SETCURSOR
  -------         PROC          LCD_INIT
  C:0C21H         LINE#         82
  C:0C21H         LINE#         83
  C:0C21H         LINE#         84
  C:0C26H         LINE#         85
  C:0C2BH         LINE#         86
  C:0C30H         LINE#         87
  -------         ENDPROC       LCD_INIT
  -------         PROC          _LCD_SHOWCHAR
  D:0006H         SYMBOL        Line
  D:0005H         SYMBOL        Column
  D:0004H         SYMBOL        Char
  C:0C8FH         LINE#         97
  C:0C91H         LINE#         98
  C:0C91H         LINE#         99
  C:0C94H         LINE#         100
  -------         ENDPROC       _LCD_SHOWCHAR
  -------         PROC          _LCD_SHOWSTRING
  D:0007H         SYMBOL        Line
BL51 BANKED LINKER/LOCATER V6.22                                                      11/08/2025  22:48:16  PAGE 9


  D:0005H         SYMBOL        Column
  D:002FH         SYMBOL        String
  -------         DO            
  D:0005H         SYMBOL        i
  -------         ENDDO         
  C:0B4AH         LINE#         110
  C:0B50H         LINE#         111
  C:0B50H         LINE#         113
  C:0B53H         LINE#         114
  C:0B66H         LINE#         115
  C:0B66H         LINE#         116
  C:0B69H         LINE#         117
  C:0B6CH         LINE#         118
  -------         ENDPROC       _LCD_SHOWSTRING
  C:0AEEH         SYMBOL        L?0046
  -------         PROC          L?0045
  -------         ENDPROC       L?0045
  C:0AEEH         SYMBOL        L?0046
  -------         PROC          _LCD_POW
  D:0028H         SYMBOL        X
  D:002AH         SYMBOL        Y
  -------         DO            
  D:0003H         SYMBOL        i
  D:0006H         SYMBOL        Result
  -------         ENDDO         
  C:0AF8H         LINE#         123
  C:0B00H         LINE#         124
  C:0B00H         LINE#         126
  C:0B04H         LINE#         127
  C:0B14H         LINE#         128
  C:0B14H         LINE#         129
  C:0B1BH         LINE#         130
  C:0B1EH         LINE#         131
  C:0B1EH         LINE#         132
  -------         ENDPROC       _LCD_POW
  -------         PROC          _LCD_SHOWNUM
  D:0007H         SYMBOL        Line
  D:0005H         SYMBOL        Column
  D:0017H         SYMBOL        Number
  D:0019H         SYMBOL        Length
  -------         DO            
  D:0002H         SYMBOL        i
  -------         ENDDO         
  C:0BABH         LINE#         142
  C:0BAFH         LINE#         143
  C:0BAFH         LINE#         145
  C:0BB2H         LINE#         146
  C:0BBAH         LINE#         147
  C:0BBAH         LINE#         148
  C:0BC4H         LINE#         149
  C:0BC7H         LINE#         150
  -------         ENDPROC       _LCD_SHOWNUM
  -------         PROC          _LCD_SHOWSIGNEDNUM
  D:0007H         SYMBOL        Line
  D:0005H         SYMBOL        Column
  D:0002H         SYMBOL        Number
  D:000CH         SYMBOL        Length
BL51 BANKED LINKER/LOCATER V6.22                                                      11/08/2025  22:48:16  PAGE 10


  -------         DO            
  D:0002H         SYMBOL        i
  D:000DH         SYMBOL        Number1
  -------         ENDDO         
  C:0A0EH         LINE#         160
  C:0A0EH         LINE#         161
  C:0A0EH         LINE#         164
  C:0A11H         LINE#         165
  C:0A19H         LINE#         166
  C:0A19H         LINE#         167
  C:0A1EH         LINE#         168
  C:0A22H         LINE#         169
  C:0A24H         LINE#         171
  C:0A24H         LINE#         172
  C:0A29H         LINE#         173
  C:0A32H         LINE#         174
  C:0A32H         LINE#         175
  C:0A3AH         LINE#         176
  C:0A3AH         LINE#         177
  C:0A44H         LINE#         178
  C:0A47H         LINE#         179
  -------         ENDPROC       _LCD_SHOWSIGNEDNUM
  -------         PROC          _LCD_SHOWHEXNUM
  D:0007H         SYMBOL        Line
  D:0005H         SYMBOL        Column
  D:001CH         SYMBOL        Number
  D:001EH         SYMBOL        Length
  -------         DO            
  D:0002H         SYMBOL        i
  D:0006H         SYMBOL        SingleNumber
  -------         ENDDO         
  C:0A48H         LINE#         189
  C:0A4CH         LINE#         190
  C:0A4CH         LINE#         192
  C:0A4FH         LINE#         193
  C:0A57H         LINE#         194
  C:0A57H         LINE#         195
  C:0A6DH         LINE#         196
  C:0A73H         LINE#         197
  C:0A73H         LINE#         198
  C:0A75H         LINE#         199
  C:0A77H         LINE#         201
  C:0A77H         LINE#         202
  C:0A7DH         LINE#         203
  C:0A7DH         LINE#         204
  C:0A80H         LINE#         205
  -------         ENDPROC       _LCD_SHOWHEXNUM
  -------         PROC          _LCD_SHOWBINNUM
  D:0007H         SYMBOL        Line
  D:0005H         SYMBOL        Column
  D:0021H         SYMBOL        Number
  D:0023H         SYMBOL        Length
  -------         DO            
  D:0002H         SYMBOL        i
  -------         ENDDO         
  C:0A81H         LINE#         215
  C:0A85H         LINE#         216
BL51 BANKED LINKER/LOCATER V6.22                                                      11/08/2025  22:48:16  PAGE 11


  C:0A85H         LINE#         218
  C:0A88H         LINE#         219
  C:0A90H         LINE#         220
  C:0A90H         LINE#         221
  C:0AB5H         LINE#         222
  C:0AB8H         LINE#         223
  -------         ENDPROC       _LCD_SHOWBINNUM
  -------         ENDMOD        LCD1602

  -------         MODULE        888LED
  C:0000H         SYMBOL        _ICE_DUMMY_
  C:0894H         PUBLIC        _Nixie
  D:0080H         PUBLIC        P0
  B:00A0H.2       PUBLIC        P2_2
  B:00A0H.3       PUBLIC        P2_3
  B:00A0H.4       PUBLIC        P2_4
  C:0C99H         PUBLIC        leddata
  -------         PROC          _NIXIE
  D:0007H         SYMBOL        Location
  D:0004H         SYMBOL        Number
  C:0894H         LINE#         7
  C:0894H         LINE#         8
  C:08C1H         LINE#         9
  C:08C1H         LINE#         10
  C:08C5H         LINE#         11
  C:08CDH         LINE#         12
  C:08D1H         LINE#         13
  C:08D9H         LINE#         14
  C:08DDH         LINE#         15
  C:08E5H         LINE#         16
  C:08E9H         LINE#         17
  C:08EFH         LINE#         18
  C:08EFH         LINE#         19
  C:08FDH         LINE#         20
  -------         ENDPROC       _NIXIE
  -------         ENDMOD        888LED

  -------         MODULE        SWITCH0000
  C:0000H         SYMBOL        _ICE_DUMMY_
  B:00B0H.0       PUBLIC        P3_0
  B:00B0H.1       PUBLIC        P3_1
  B:00B0H.2       PUBLIC        P3_2
  B:00B0H.3       PUBLIC        P3_3
  C:0C0BH         PUBLIC        Scan_key
  C:0BF5H         PUBLIC        Detection_key
  C:0CA3H         PUBLIC        switch0000
  D:002EH         PUBLIC        middle
  -------         PROC          DETECTION_KEY
  -------         DO            
  D:0007H         SYMBOL        KeyNumber
  -------         ENDDO         
  C:0BF5H         LINE#         8
  C:0BF5H         LINE#         9
  C:0BF5H         LINE#         10
  C:0BF7H         LINE#         12
  C:0BFBH         LINE#         13
  C:0C00H         LINE#         14
BL51 BANKED LINKER/LOCATER V6.22                                                      11/08/2025  22:48:16  PAGE 12


  C:0C05H         LINE#         15
  C:0C0AH         LINE#         17
  C:0C0AH         LINE#         18
  -------         ENDPROC       DETECTION_KEY
  -------         PROC          SCAN_KEY
  -------         DO            
  D:002CH         SYMBOL        oldnum
  D:002DH         SYMBOL        newnum
  -------         ENDDO         
  C:0C0BH         LINE#         21
  C:0C0BH         LINE#         23
  C:0C0EH         LINE#         24
  C:0C13H         LINE#         25
  C:0C20H         LINE#         26
  -------         ENDPROC       SCAN_KEY
  -------         PROC          SWITCH0000
  -------         DO            
  D:0007H         SYMBOL        tem
  -------         ENDDO         
  C:0CA3H         LINE#         29
  C:0CA3H         LINE#         31
  C:0CA7H         LINE#         32
  C:0CA8H         LINE#         33
  C:0CABH         LINE#         34
  C:0CACH         LINE#         35
  C:0CACH         LINE#         36
  C:0CACH         LINE#         37
  -------         ENDPROC       SWITCH0000
  -------         ENDMOD        SWITCH0000

  -------         MODULE        ?C?CLDOPTR
  C:0800H         PUBLIC        ?C?CLDOPTR
  -------         ENDMOD        ?C?CLDOPTR

  -------         MODULE        ?C?IMUL
  C:082DH         PUBLIC        ?C?IMUL
  -------         ENDMOD        ?C?IMUL

  -------         MODULE        ?C?UIDIV
  C:083FH         PUBLIC        ?C?UIDIV
  -------         ENDMOD        ?C?UIDIV

******************************************************************************
* RESTRICTED VERSION WITH 0800H BYTE CODE SIZE LIMIT; USED: 0422H BYTE (51%) *
******************************************************************************

Program Size: data=53.0 xdata=0 code=1221
LINK/LOCATE RUN COMPLETE.  0 WARNING(S),  0 ERROR(S)
