C51 COMPILER V9.54   MAIN                                                                  11/15/2025 01:13:17 PAGE 1   


C51 COMPILER V9.54, COMPILATION OF MODULE MAIN
OBJECT MODULE PLACED IN .\Objects\main.obj
COMPILER INVOKED BY: E:\Keil5 C51\Keil5 C51\C51\BIN\C51.EXE main.c OPTIMIZE(8,SPEED) BROWSE DEBUG OBJECTEXTEND PRINT(.\L
                    -istings\main.lst) TABS(2) OBJECT(.\Objects\main.obj)

line level    source

   1          #include <REGX52.H>
   2          #include <INTRINS.H>
   3          
   4          #include <LCD1602.H>
   5          #include <DELAY.H>
   6          #include <XPT2046.H>
   7          
   8          
   9          unsigned int num;
  10          
  11          void main(){
  12   1        LCD_Init();
  13   1        LCD_ShowString(1,1,"Value:");
  14   1        while(1){
  15   2          num=XPT2046_Read(1);
  16   2          LCD_ShowNum(2,1,num,6);
  17   2          delay(10);
  18   2        }
  19   1      }


MODULE INFORMATION:   STATIC OVERLAYABLE
   CODE SIZE        =     48    ----
   CONSTANT SIZE    =      7    ----
   XDATA SIZE       =   ----    ----
   PDATA SIZE       =   ----    ----
   DATA SIZE        =      2    ----
   IDATA SIZE       =   ----    ----
   BIT SIZE         =   ----    ----
END OF MODULE INFORMATION.


C51 COMPILATION COMPLETE.  0 WARNING(S),  0 ERROR(S)
