BL51 BANKED LINKER/LOCATER V6.22                                                        11/13/2025  22:27:36  PAGE 1


BL51 BANKED LINKER/LOCATER V6.22, INVOKED BY:
E:\KEIL5 C51\KEIL5 C51\C51\BIN\BL51.EXE .\Objects\main.obj, .\Objects\delay.obj, .\Objects\lcd1602.obj, .\Objects\Switch
>> 0000.obj, .\Objects\Timer0.obj TO .\Objects\project PRINT (.\Listings\project.m51) RAMSIZE (256) DISABLEWARNING (16)


MEMORY MODEL: SMALL


INPUT MODULES INCLUDED:
  .\Objects\main.obj (MAIN)
  .\Objects\delay.obj (DELAY)
  .\Objects\lcd1602.obj (LCD1602)
  .\Objects\Switch0000.obj (SWITCH0000)
  .\Objects\Timer0.obj (TIMER0)
  E:\KEIL5 C51\KEIL5 C51\C51\LIB\C51S.LIB (?C_STARTUP)
  E:\KEIL5 C51\KEIL5 C51\C51\LIB\C51S.LIB (?C?CLDOPTR)
  E:\KEIL5 C51\KEIL5 C51\C51\LIB\C51S.LIB (?C?IMUL)
  E:\KEIL5 C51\KEIL5 C51\C51\LIB\C51S.LIB (?C?UIDIV)


LINK MAP OF MODULE:  .\Objects\project (MAIN)


            TYPE    BASE      LENGTH    RELOCATION   SEGMENT NAME
            -----------------------------------------------------

            * * * * * * *   D A T A   M E M O R Y   * * * * * * *
            REG     0000H     0008H     ABSOLUTE     "REG BANK 0"
            DATA    0008H     0009H     UNIT         _DATA_GROUP_
            DATA    0011H     0007H     UNIT         ?DT?_LCD_SHOWSIGNEDNUM?LCD1602
            DATA    0018H     0005H     UNIT         ?DT?MAIN
            DATA    001DH     0005H     UNIT         ?DT?_LCD_SHOWHEXNUM?LCD1602
            DATA    0022H     0005H     UNIT         ?DT?_LCD_SHOWBINNUM?LCD1602
            DATA    0027H     0003H     UNIT         ?DT?SWITCH0000
            IDATA   002AH     0001H     UNIT         ?STACK

            * * * * * * *   C O D E   M E M O R Y   * * * * * * *
            CODE    0000H     0003H     ABSOLUTE     
                    0003H     0008H                  *** GAP ***
            CODE    000BH     0003H     ABSOLUTE     
                    000EH     07F2H                  *** GAP ***
            CODE    0800H     0094H     UNIT         ?C?LIB_CODE
            CODE    0894H     007FH     UNIT         ?PR?MAIN?MAIN
            CODE    0913H     0076H     UNIT         ?PR?TIMER0_ROUTINE?MAIN
            CODE    0989H     003AH     UNIT         ?PR?_LCD_SHOWSIGNEDNUM?LCD1602
            CODE    09C3H     0039H     UNIT         ?PR?_LCD_SHOWHEXNUM?LCD1602
            CODE    09FCH     0038H     UNIT         ?PR?_LCD_SHOWBINNUM?LCD1602
            CODE    0A34H     0033H     UNIT         ?PR?_LCD_POW?LCD1602
            CODE    0A67H     0023H     UNIT         ?PR?_LCD_SHOWSTRING?LCD1602
            CODE    0A8AH     001EH     UNIT         ?PR?_LCD_WRITEDATA?LCD1602
            CODE    0AA8H     001DH     UNIT         ?PR?_LCD_SHOWNUM?LCD1602
            CODE    0AC5H     0017H     UNIT         ?PR?TIMER0INIT?TIMER0
            CODE    0ADCH     0016H     UNIT         ?PR?_LCD_SETCURSOR?LCD1602
            CODE    0AF2H     0016H     UNIT         ?PR?DETECTION_KEY?SWITCH0000
            CODE    0B08H     0016H     UNIT         ?PR?SCAN_KEY?SWITCH0000
            CODE    0B1EH     0015H     UNIT         ?PR?_DELAY?DELAY
            CODE    0B33H     0014H     UNIT         ?PR?LCD_INIT?LCD1602
            CODE    0B47H     000FH     UNIT         ?PR?LCD_DELAY?LCD1602
BL51 BANKED LINKER/LOCATER V6.22                                                      11/13/2025  22:27:36  PAGE 2


            CODE    0B56H     000CH     UNIT         ?C_C51STARTUP
            CODE    0B62H     000AH     UNIT         ?PR?_LCD_WRITECOMMAND?LCD1602
            CODE    0B6CH     000AH     UNIT         ?PR?_LCD_SHOWCHAR?LCD1602
            CODE    0B76H     000AH     UNIT         ?PR?SWITCH0000?SWITCH0000
            CODE    0B80H     0007H     UNIT         ?CO?MAIN



OVERLAY MAP OF MODULE:   .\Objects\project (MAIN)


SEGMENT                                  DATA_GROUP 
  +--> CALLED SEGMENT                  START    LENGTH
------------------------------------------------------
?PR?TIMER0_ROUTINE?MAIN                -----    -----
  +--> ?PR?SCAN_KEY?SWITCH0000

?PR?SCAN_KEY?SWITCH0000                -----    -----
  +--> ?PR?DETECTION_KEY?SWITCH0000

*** NEW ROOT ***************************************************

?C_C51STARTUP                          -----    -----
  +--> ?PR?MAIN?MAIN

?PR?MAIN?MAIN                          -----    -----
  +--> ?PR?LCD_INIT?LCD1602
  +--> ?PR?TIMER0INIT?TIMER0
  +--> ?CO?MAIN
  +--> ?PR?_LCD_SHOWSTRING?LCD1602
  +--> ?PR?_LCD_SHOWNUM?LCD1602
  +--> ?PR?SWITCH0000?SWITCH0000

?PR?LCD_INIT?LCD1602                   -----    -----
  +--> ?PR?_LCD_WRITECOMMAND?LCD1602

?PR?_LCD_WRITECOMMAND?LCD1602          -----    -----
  +--> ?PR?LCD_DELAY?LCD1602

?PR?_LCD_SHOWSTRING?LCD1602            0008H    0003H
  +--> ?PR?_LCD_SETCURSOR?LCD1602
  +--> ?PR?_LCD_WRITEDATA?LCD1602

?PR?_LCD_SETCURSOR?LCD1602             -----    -----
  +--> ?PR?_LCD_WRITECOMMAND?LCD1602

?PR?_LCD_WRITEDATA?LCD1602             -----    -----
  +--> ?PR?LCD_DELAY?LCD1602

?PR?_LCD_SHOWNUM?LCD1602               0008H    0005H
  +--> ?PR?_LCD_SETCURSOR?LCD1602
  +--> ?PR?_LCD_POW?LCD1602
  +--> ?PR?_LCD_WRITEDATA?LCD1602

?PR?_LCD_POW?LCD1602                   000DH    0004H


BL51 BANKED LINKER/LOCATER V6.22                                                      11/13/2025  22:27:36  PAGE 3



SYMBOL TABLE OF MODULE:  .\Objects\project (MAIN)

  VALUE           TYPE          NAME
  ----------------------------------

  -------         MODULE        MAIN
  C:0000H         SYMBOL        _ICE_DUMMY_
  C:0913H         PUBLIC        Timer0_Routine
  B:0090H.0       PUBLIC        P1_0
  C:0894H         PUBLIC        main
  D:008CH         PUBLIC        TH0
  D:008AH         PUBLIC        TL0
  D:001AH         PUBLIC        Actual
  D:001BH         PUBLIC        Compar
  D:001CH         PUBLIC        Code
  -------         PROC          MAIN
  C:0894H         LINE#         11
  C:0894H         LINE#         12
  C:0897H         LINE#         13
  C:089AH         LINE#         14
  C:08A7H         LINE#         15
  C:08B4H         LINE#         16
  C:08B4H         LINE#         17
  C:08B9H         LINE#         19
  C:08BDH         LINE#         20
  C:08C0H         LINE#         21
  C:08C3H         LINE#         22
  C:08CFH         LINE#         23
  C:08CFH         LINE#         24
  C:08D4H         LINE#         25
  C:08D7H         LINE#         26
  C:08E5H         LINE#         27
  C:08E5H         LINE#         28
  C:08EAH         LINE#         29
  C:08EDH         LINE#         30
  C:08FBH         LINE#         31
  C:08FBH         LINE#         32
  C:0900H         LINE#         33
  C:0903H         LINE#         34
  C:0911H         LINE#         35
  C:0911H         LINE#         36
  C:0911H         LINE#         37
  -------         ENDPROC       MAIN
  -------         PROC          TIMER0_ROUTINE
  -------         DO            
  D:0018H         SYMBOL        T0Count
  -------         ENDDO         
  C:0913H         LINE#         41
  C:0930H         LINE#         44
  C:0933H         LINE#         45
  C:0936H         LINE#         46
  C:0947H         LINE#         47
  C:094FH         LINE#         48
  C:0958H         LINE#         49
  C:0958H         LINE#         50
  C:095EH         LINE#         51
BL51 BANKED LINKER/LOCATER V6.22                                                      11/13/2025  22:27:36  PAGE 4


  C:0961H         LINE#         52
  C:0961H         LINE#         54
  C:0968H         LINE#         55
  C:096AH         LINE#         56
  C:096CH         LINE#         57
  C:096EH         LINE#         58
  C:096EH         LINE#         59
  -------         ENDPROC       TIMER0_ROUTINE
  -------         ENDMOD        MAIN

  -------         MODULE        DELAY
  C:0000H         SYMBOL        _ICE_DUMMY_
  C:0B1EH         PUBLIC        _delay
  -------         PROC          _DELAY
  D:0006H         SYMBOL        xms
  -------         DO            
  D:0005H         SYMBOL        i
  D:0004H         SYMBOL        j
  -------         ENDDO         
  C:0B1EH         LINE#         5
  C:0B1EH         LINE#         7
  C:0B28H         LINE#         8
  C:0B2AH         LINE#         9
  C:0B2CH         LINE#         10
  C:0B2CH         LINE#         11
  C:0B2EH         LINE#         12
  C:0B30H         LINE#         13
  C:0B32H         LINE#         14
  -------         ENDPROC       _DELAY
  -------         ENDMOD        DELAY

  -------         MODULE        LCD1602
  C:0000H         SYMBOL        _ICE_DUMMY_
  D:0080H         PUBLIC        P0
  D:00A0H         PUBLIC        P2
  C:0B62H         PUBLIC        _LCD_WriteCommand
  C:0AA8H         PUBLIC        _LCD_ShowNum
  C:09FCH         PUBLIC        _LCD_ShowBinNum
  C:0B4DH         PUBLIC        LCD_Delay
  C:09C3H         PUBLIC        _LCD_ShowHexNum
  C:0A9EH         PUBLIC        _LCD_WriteData
  B:00A0H.7       PUBLIC        LCD_EN
  C:0B33H         PUBLIC        LCD_Init
  C:0A67H         PUBLIC        _LCD_ShowString
  C:0B6CH         PUBLIC        _LCD_ShowChar
  B:00A0H.6       PUBLIC        LCD_RS
  B:00A0H.5       PUBLIC        LCD_RW
  C:0ADCH         PUBLIC        _LCD_SetCursor
  C:0989H         PUBLIC        _LCD_ShowSignedNum
  C:0A40H         PUBLIC        _LCD_Pow
  -------         PROC          L?0048
  -------         ENDPROC       L?0048
  -------         PROC          LCD_DELAY
  -------         DO            
  D:0007H         SYMBOL        i
  D:0006H         SYMBOL        j
  -------         ENDDO         
BL51 BANKED LINKER/LOCATER V6.22                                                      11/13/2025  22:27:36  PAGE 5


  C:0B4DH         LINE#         15
  C:0B4DH         LINE#         16
  C:0B4DH         LINE#         19
  C:0B4FH         LINE#         20
  C:0B51H         LINE#         22
  C:0B51H         LINE#         23
  C:0B53H         LINE#         24
  C:0B55H         LINE#         25
  -------         ENDPROC       LCD_DELAY
  -------         PROC          _LCD_WRITECOMMAND
  D:0007H         SYMBOL        Command
  C:0B62H         LINE#         32
  C:0B62H         LINE#         33
  C:0B62H         LINE#         34
  C:0B64H         LINE#         35
  C:0B64H         LINE#         36
  C:0B64H         LINE#         37
  C:0B64H         LINE#         38
  C:0B67H         LINE#         39
  C:0B69H         LINE#         40
  -------         ENDPROC       _LCD_WRITECOMMAND
  -------         PROC          L?0047
  -------         ENDPROC       L?0047
  -------         PROC          _LCD_WRITEDATA
  D:0007H         SYMBOL        Data
  C:0A9EH         LINE#         48
  C:0A9EH         LINE#         49
  C:0A9EH         LINE#         50
  C:0AA0H         LINE#         51
  C:0AA0H         LINE#         52
  C:0AA0H         LINE#         53
  C:0AA0H         LINE#         54
  C:0AA3H         LINE#         55
  C:0AA5H         LINE#         56
  -------         ENDPROC       _LCD_WRITEDATA
  -------         PROC          _LCD_SETCURSOR
  D:0006H         SYMBOL        Line
  D:0005H         SYMBOL        Column
  C:0ADCH         LINE#         65
  C:0ADEH         LINE#         66
  C:0ADEH         LINE#         67
  C:0AE1H         LINE#         68
  C:0AE1H         LINE#         69
  C:0AE3H         LINE#         70
  C:0AE5H         LINE#         71
  C:0AE8H         LINE#         72
  C:0AE8H         LINE#         73
  C:0AF1H         LINE#         74
  C:0AF1H         LINE#         75
  -------         ENDPROC       _LCD_SETCURSOR
  -------         PROC          LCD_INIT
  C:0B33H         LINE#         82
  C:0B33H         LINE#         83
  C:0B33H         LINE#         84
  C:0B38H         LINE#         85
  C:0B3DH         LINE#         86
  C:0B42H         LINE#         87
BL51 BANKED LINKER/LOCATER V6.22                                                      11/13/2025  22:27:36  PAGE 6


  -------         ENDPROC       LCD_INIT
  -------         PROC          _LCD_SHOWCHAR
  D:0006H         SYMBOL        Line
  D:0005H         SYMBOL        Column
  D:0004H         SYMBOL        Char
  C:0B6CH         LINE#         97
  C:0B6EH         LINE#         98
  C:0B6EH         LINE#         99
  C:0B71H         LINE#         100
  -------         ENDPROC       _LCD_SHOWCHAR
  -------         PROC          _LCD_SHOWSTRING
  D:0007H         SYMBOL        Line
  D:0005H         SYMBOL        Column
  D:0008H         SYMBOL        String
  -------         DO            
  D:0005H         SYMBOL        i
  -------         ENDDO         
  C:0A67H         LINE#         110
  C:0A6DH         LINE#         111
  C:0A6DH         LINE#         113
  C:0A70H         LINE#         114
  C:0A83H         LINE#         115
  C:0A83H         LINE#         116
  C:0A86H         LINE#         117
  C:0A89H         LINE#         118
  -------         ENDPROC       _LCD_SHOWSTRING
  C:0A36H         SYMBOL        L?0046
  -------         PROC          L?0045
  -------         ENDPROC       L?0045
  C:0A36H         SYMBOL        L?0046
  -------         PROC          _LCD_POW
  D:000DH         SYMBOL        X
  D:000FH         SYMBOL        Y
  -------         DO            
  D:0003H         SYMBOL        i
  D:0006H         SYMBOL        Result
  -------         ENDDO         
  C:0A40H         LINE#         123
  C:0A48H         LINE#         124
  C:0A48H         LINE#         126
  C:0A4CH         LINE#         127
  C:0A5CH         LINE#         128
  C:0A5CH         LINE#         129
  C:0A63H         LINE#         130
  C:0A66H         LINE#         131
  C:0A66H         LINE#         132
  -------         ENDPROC       _LCD_POW
  -------         PROC          _LCD_SHOWNUM
  D:0007H         SYMBOL        Line
  D:0005H         SYMBOL        Column
  D:000AH         SYMBOL        Number
  D:000CH         SYMBOL        Length
  -------         DO            
  D:0002H         SYMBOL        i
  -------         ENDDO         
  C:0AA8H         LINE#         142
  C:0AACH         LINE#         143
BL51 BANKED LINKER/LOCATER V6.22                                                      11/13/2025  22:27:36  PAGE 7


  C:0AACH         LINE#         145
  C:0AAFH         LINE#         146
  C:0AB7H         LINE#         147
  C:0AB7H         LINE#         148
  C:0AC1H         LINE#         149
  C:0AC4H         LINE#         150
  -------         ENDPROC       _LCD_SHOWNUM
  -------         PROC          _LCD_SHOWSIGNEDNUM
  D:0007H         SYMBOL        Line
  D:0005H         SYMBOL        Column
  D:0002H         SYMBOL        Number
  D:0015H         SYMBOL        Length
  -------         DO            
  D:0002H         SYMBOL        i
  D:0016H         SYMBOL        Number1
  -------         ENDDO         
  C:0989H         LINE#         160
  C:0989H         LINE#         161
  C:0989H         LINE#         164
  C:098CH         LINE#         165
  C:0994H         LINE#         166
  C:0994H         LINE#         167
  C:0999H         LINE#         168
  C:099DH         LINE#         169
  C:099FH         LINE#         171
  C:099FH         LINE#         172
  C:09A4H         LINE#         173
  C:09ADH         LINE#         174
  C:09ADH         LINE#         175
  C:09B5H         LINE#         176
  C:09B5H         LINE#         177
  C:09BFH         LINE#         178
  C:09C2H         LINE#         179
  -------         ENDPROC       _LCD_SHOWSIGNEDNUM
  -------         PROC          _LCD_SHOWHEXNUM
  D:0007H         SYMBOL        Line
  D:0005H         SYMBOL        Column
  D:001FH         SYMBOL        Number
  D:0021H         SYMBOL        Length
  -------         DO            
  D:0002H         SYMBOL        i
  D:0006H         SYMBOL        SingleNumber
  -------         ENDDO         
  C:09C3H         LINE#         189
  C:09C7H         LINE#         190
  C:09C7H         LINE#         192
  C:09CAH         LINE#         193
  C:09D2H         LINE#         194
  C:09D2H         LINE#         195
  C:09E8H         LINE#         196
  C:09EEH         LINE#         197
  C:09EEH         LINE#         198
  C:09F0H         LINE#         199
  C:09F2H         LINE#         201
  C:09F2H         LINE#         202
  C:09F8H         LINE#         203
  C:09F8H         LINE#         204
BL51 BANKED LINKER/LOCATER V6.22                                                      11/13/2025  22:27:36  PAGE 8


  C:09FBH         LINE#         205
  -------         ENDPROC       _LCD_SHOWHEXNUM
  -------         PROC          _LCD_SHOWBINNUM
  D:0007H         SYMBOL        Line
  D:0005H         SYMBOL        Column
  D:0024H         SYMBOL        Number
  D:0026H         SYMBOL        Length
  -------         DO            
  D:0002H         SYMBOL        i
  -------         ENDDO         
  C:09FCH         LINE#         215
  C:0A00H         LINE#         216
  C:0A00H         LINE#         218
  C:0A03H         LINE#         219
  C:0A0BH         LINE#         220
  C:0A0BH         LINE#         221
  C:0A30H         LINE#         222
  C:0A33H         LINE#         223
  -------         ENDPROC       _LCD_SHOWBINNUM
  -------         ENDMOD        LCD1602

  -------         MODULE        SWITCH0000
  C:0000H         SYMBOL        _ICE_DUMMY_
  B:00B0H.0       PUBLIC        P3_0
  B:00B0H.1       PUBLIC        P3_1
  B:00B0H.2       PUBLIC        P3_2
  B:00B0H.3       PUBLIC        P3_3
  C:0B08H         PUBLIC        Scan_key
  C:0AF2H         PUBLIC        Detection_key
  C:0B76H         PUBLIC        switch0000
  D:0029H         PUBLIC        middle
  -------         PROC          DETECTION_KEY
  -------         DO            
  D:0007H         SYMBOL        KeyNumber
  -------         ENDDO         
  C:0AF2H         LINE#         8
  C:0AF2H         LINE#         9
  C:0AF2H         LINE#         10
  C:0AF4H         LINE#         12
  C:0AF8H         LINE#         13
  C:0AFDH         LINE#         14
  C:0B02H         LINE#         15
  C:0B07H         LINE#         17
  C:0B07H         LINE#         18
  -------         ENDPROC       DETECTION_KEY
  -------         PROC          SCAN_KEY
  -------         DO            
  D:0027H         SYMBOL        oldnum
  D:0028H         SYMBOL        newnum
  -------         ENDDO         
  C:0B08H         LINE#         21
  C:0B08H         LINE#         23
  C:0B0BH         LINE#         24
  C:0B10H         LINE#         25
  C:0B1DH         LINE#         26
  -------         ENDPROC       SCAN_KEY
  -------         PROC          SWITCH0000
BL51 BANKED LINKER/LOCATER V6.22                                                      11/13/2025  22:27:36  PAGE 9


  -------         DO            
  D:0007H         SYMBOL        tem
  -------         ENDDO         
  C:0B76H         LINE#         29
  C:0B76H         LINE#         31
  C:0B7AH         LINE#         32
  C:0B7BH         LINE#         33
  C:0B7EH         LINE#         34
  C:0B7FH         LINE#         35
  C:0B7FH         LINE#         36
  C:0B7FH         LINE#         37
  -------         ENDPROC       SWITCH0000
  -------         ENDMOD        SWITCH0000

  -------         MODULE        TIMER0
  C:0000H         SYMBOL        _ICE_DUMMY_
  B:00A8H.7       PUBLIC        EA
  D:0089H         PUBLIC        TMOD
  B:00A8H.1       PUBLIC        ET0
  B:0088H.5       PUBLIC        TF0
  C:0AC5H         PUBLIC        Timer0Init
  D:008CH         PUBLIC        TH0
  D:008AH         PUBLIC        TL0
  B:00B8H.1       PUBLIC        PT0
  B:0088H.4       PUBLIC        TR0
  -------         PROC          TIMER0INIT
  C:0AC5H         LINE#         5
  C:0AC5H         LINE#         6
  C:0AC5H         LINE#         7
  C:0AC8H         LINE#         8
  C:0ACBH         LINE#         9
  C:0ACEH         LINE#         10
  C:0AD1H         LINE#         11
  C:0AD3H         LINE#         12
  C:0AD5H         LINE#         13
  C:0AD7H         LINE#         14
  C:0AD9H         LINE#         15
  C:0ADBH         LINE#         16
  -------         ENDPROC       TIMER0INIT
  -------         ENDMOD        TIMER0

  -------         MODULE        ?C?CLDOPTR
  C:0800H         PUBLIC        ?C?CLDOPTR
  -------         ENDMOD        ?C?CLDOPTR

  -------         MODULE        ?C?IMUL
  C:082DH         PUBLIC        ?C?IMUL
  -------         ENDMOD        ?C?IMUL

  -------         MODULE        ?C?UIDIV
  C:083FH         PUBLIC        ?C?UIDIV
  -------         ENDMOD        ?C?UIDIV

******************************************************************************
* RESTRICTED VERSION WITH 0800H BYTE CODE SIZE LIMIT; USED: 02EAH BYTE (36%) *
******************************************************************************

BL51 BANKED LINKER/LOCATER V6.22                                                      11/13/2025  22:27:36  PAGE 10


Program Size: data=43.0 xdata=0 code=909
LINK/LOCATE RUN COMPLETE.  0 WARNING(S),  0 ERROR(S)
