C51 COMPILER V9.54   MAIN                                                                  11/09/2025 17:14:08 PAGE 1   


C51 COMPILER V9.54, COMPILATION OF MODULE MAIN
OBJECT MODULE PLACED IN .\Objects\main.obj
COMPILER INVOKED BY: E:\Keil5 C51\Keil5 C51\C51\BIN\C51.EXE main.c OPTIMIZE(8,SPEED) BROWSE DEBUG OBJECTEXTEND PRINT(.\L
                    -istings\main.lst) TABS(2) OBJECT(.\Objects\main.obj)

line level    source

   1          #include <REGX52.H> 
   2          #include <INTRINS.H> 
   3          
   4          #include <DELAY.H>
   5          #include <TIMER0.H>
   6          
   7          void Delay500us()   //@11.0592MHz
   8          {
   9   1        unsigned char i;
  10   1      
  11   1        _nop_();
  12   1        i = 227;
  13   1        while (--i);
  14   1      }
  15          
  16          void Delay70us()    //@11.0592MHz
  17          {
  18   1        unsigned char i;
  19   1      
  20   1        _nop_();
  21   1        i = 29;
  22   1        while (--i);
  23   1      }
  24          
  25          
  26          
  27          void main(){
  28   1        P3_7=0;
  29   1        Delay500us();
  30   1        P3_7=1;
  31   1      //  Delay70us();
  32   1        if(P3_7==0){
  33   2          P2=0x00;
  34   2        }
  35   1        while(1){
  36   2        }
  37   1      }


MODULE INFORMATION:   STATIC OVERLAYABLE
   CODE SIZE        =     27    ----
   CONSTANT SIZE    =   ----    ----
   XDATA SIZE       =   ----    ----
   PDATA SIZE       =   ----    ----
   DATA SIZE        =   ----    ----
   IDATA SIZE       =   ----    ----
   BIT SIZE         =   ----    ----
END OF MODULE INFORMATION.


C51 COMPILATION COMPLETE.  0 WARNING(S),  0 ERROR(S)
