C51 COMPILER V9.54   MAIN                                                                  11/10/2025 15:07:06 PAGE 1   


C51 COMPILER V9.54, COMPILATION OF MODULE MAIN
OBJECT MODULE PLACED IN .\Objects\main.obj
COMPILER INVOKED BY: E:\Keil5 C51\Keil5 C51\C51\BIN\C51.EXE main.c OPTIMIZE(8,SPEED) BROWSE DEBUG OBJECTEXTEND PRINT(.\L
                    -istings\main.lst) TABS(2) OBJECT(.\Objects\main.obj)

line level    source

   1          #include <REGX52.H> 
   2          #include <INTRINS.H> 
   3          
   4          #include <DELAY.H>
   5          #include <TIMER0.H>
   6          
   7          #include <LCD1602.H>
   8          #include <DS18B20.H>
   9          
  10          
  11          unsigned char Temp_Int; //温度的整数部分
  12          unsigned int  Temp_Float;//温度的小数部分
  13          
  14          
  15          void main(){
  16   1        LCD_Init();
  17   1        
  18   1        
  19   1        while(1){
  20   2      
  21   2          DS18C02_Handledate_read(&Temp_Int,&Temp_Float);
  22   2          
  23   2          LCD_ShowString(1,1,"Celsius:");
  24   2          LCD_ShowNum(2,1,Temp_Int,2);
  25   2          LCD_ShowString(2,3,".");
  26   2          LCD_ShowNum(2,4,Temp_Float,4);
  27   2          LCD_ShowString(2,8,"C");
  28   2          
  29   2          
  30   2      
  31   2        }
  32   1      }


MODULE INFORMATION:   STATIC OVERLAYABLE
   CODE SIZE        =     91    ----
   CONSTANT SIZE    =     13    ----
   XDATA SIZE       =   ----    ----
   PDATA SIZE       =   ----    ----
   DATA SIZE        =      3    ----
   IDATA SIZE       =   ----    ----
   BIT SIZE         =   ----    ----
END OF MODULE INFORMATION.


C51 COMPILATION COMPLETE.  0 WARNING(S),  0 ERROR(S)
